Archive member included to satisfy reference by file (symbol)

/usr/lib/gcc/arm-none-eabi/13.3.1/../../../arm-none-eabi/lib/thumb/v7-m/nofp/libc_nano.a(libc_a-init.o)
                              /usr/lib/gcc/arm-none-eabi/13.3.1/../../../arm-none-eabi/lib/thumb/v7-m/nofp/crt0.o (__libc_init_array)
/usr/lib/gcc/arm-none-eabi/13.3.1/../../../arm-none-eabi/lib/thumb/v7-m/nofp/libc_nano.a(libc_a-memset.o)
                              /usr/lib/gcc/arm-none-eabi/13.3.1/../../../arm-none-eabi/lib/thumb/v7-m/nofp/crt0.o (memset)
/usr/lib/gcc/arm-none-eabi/13.3.1/../../../arm-none-eabi/lib/thumb/v7-m/nofp/libc_nano.a(libc_a-errno.o)
                              build/debug/Src/syscalls.o (__errno)
/usr/lib/gcc/arm-none-eabi/13.3.1/../../../arm-none-eabi/lib/thumb/v7-m/nofp/libc_nano.a(libc_a-exit.o)
                              /usr/lib/gcc/arm-none-eabi/13.3.1/../../../arm-none-eabi/lib/thumb/v7-m/nofp/crt0.o (exit)
/usr/lib/gcc/arm-none-eabi/13.3.1/../../../arm-none-eabi/lib/thumb/v7-m/nofp/libc_nano.a(libc_a-atexit.o)
                              /usr/lib/gcc/arm-none-eabi/13.3.1/../../../arm-none-eabi/lib/thumb/v7-m/nofp/crt0.o (atexit)
/usr/lib/gcc/arm-none-eabi/13.3.1/../../../arm-none-eabi/lib/thumb/v7-m/nofp/libc_nano.a(libc_a-snprintf.o)
                              build/debug/Src/Zeugma_c/debug_monitor.o (snprintf)
/usr/lib/gcc/arm-none-eabi/13.3.1/../../../arm-none-eabi/lib/thumb/v7-m/nofp/libc_nano.a(libc_a-fini.o)
                              /usr/lib/gcc/arm-none-eabi/13.3.1/../../../arm-none-eabi/lib/thumb/v7-m/nofp/crt0.o (__libc_fini_array)
/usr/lib/gcc/arm-none-eabi/13.3.1/../../../arm-none-eabi/lib/thumb/v7-m/nofp/libc_nano.a(libc_a-impure.o)
                              /usr/lib/gcc/arm-none-eabi/13.3.1/../../../arm-none-eabi/lib/thumb/v7-m/nofp/libc_nano.a(libc_a-errno.o) (_impure_ptr)
/usr/lib/gcc/arm-none-eabi/13.3.1/../../../arm-none-eabi/lib/thumb/v7-m/nofp/libc_nano.a(libc_a-nano-svfprintf.o)
                              /usr/lib/gcc/arm-none-eabi/13.3.1/../../../arm-none-eabi/lib/thumb/v7-m/nofp/libc_nano.a(libc_a-snprintf.o) (_svfprintf_r)
/usr/lib/gcc/arm-none-eabi/13.3.1/../../../arm-none-eabi/lib/thumb/v7-m/nofp/libc_nano.a(libc_a-findfp.o)
                              /usr/lib/gcc/arm-none-eabi/13.3.1/../../../arm-none-eabi/lib/thumb/v7-m/nofp/libc_nano.a(libc_a-exit.o) (__stdio_exit_handler)
/usr/lib/gcc/arm-none-eabi/13.3.1/../../../arm-none-eabi/lib/thumb/v7-m/nofp/libc_nano.a(libc_a-fflush.o)
                              /usr/lib/gcc/arm-none-eabi/13.3.1/../../../arm-none-eabi/lib/thumb/v7-m/nofp/libc_nano.a(libc_a-findfp.o) (_fflush_r)
/usr/lib/gcc/arm-none-eabi/13.3.1/../../../arm-none-eabi/lib/thumb/v7-m/nofp/libc_nano.a(libc_a-mallocr.o)
                              /usr/lib/gcc/arm-none-eabi/13.3.1/../../../arm-none-eabi/lib/thumb/v7-m/nofp/libc_nano.a(libc_a-nano-svfprintf.o) (_malloc_r)
/usr/lib/gcc/arm-none-eabi/13.3.1/../../../arm-none-eabi/lib/thumb/v7-m/nofp/libc_nano.a(libc_a-freer.o)
                              /usr/lib/gcc/arm-none-eabi/13.3.1/../../../arm-none-eabi/lib/thumb/v7-m/nofp/libc_nano.a(libc_a-nano-svfprintf.o) (_free_r)
/usr/lib/gcc/arm-none-eabi/13.3.1/../../../arm-none-eabi/lib/thumb/v7-m/nofp/libc_nano.a(libc_a-memmove.o)
                              /usr/lib/gcc/arm-none-eabi/13.3.1/../../../arm-none-eabi/lib/thumb/v7-m/nofp/libc_nano.a(libc_a-nano-svfprintf.o) (memmove)
/usr/lib/gcc/arm-none-eabi/13.3.1/../../../arm-none-eabi/lib/thumb/v7-m/nofp/libc_nano.a(libc_a-fwalk.o)
                              /usr/lib/gcc/arm-none-eabi/13.3.1/../../../arm-none-eabi/lib/thumb/v7-m/nofp/libc_nano.a(libc_a-findfp.o) (_fwalk_sglue)
/usr/lib/gcc/arm-none-eabi/13.3.1/../../../arm-none-eabi/lib/thumb/v7-m/nofp/libc_nano.a(libc_a-memcpy.o)
                              /usr/lib/gcc/arm-none-eabi/13.3.1/../../../arm-none-eabi/lib/thumb/v7-m/nofp/libc_nano.a(libc_a-nano-svfprintf.o) (memcpy)
/usr/lib/gcc/arm-none-eabi/13.3.1/../../../arm-none-eabi/lib/thumb/v7-m/nofp/libc_nano.a(libc_a-__atexit.o)
                              /usr/lib/gcc/arm-none-eabi/13.3.1/../../../arm-none-eabi/lib/thumb/v7-m/nofp/libc_nano.a(libc_a-atexit.o) (__register_exitproc)
/usr/lib/gcc/arm-none-eabi/13.3.1/../../../arm-none-eabi/lib/thumb/v7-m/nofp/libc_nano.a(libc_a-reallocr.o)
                              /usr/lib/gcc/arm-none-eabi/13.3.1/../../../arm-none-eabi/lib/thumb/v7-m/nofp/libc_nano.a(libc_a-nano-svfprintf.o) (_realloc_r)
/usr/lib/gcc/arm-none-eabi/13.3.1/../../../arm-none-eabi/lib/thumb/v7-m/nofp/libc_nano.a(libc_a-nano-vfprintf_i.o)
                              /usr/lib/gcc/arm-none-eabi/13.3.1/../../../arm-none-eabi/lib/thumb/v7-m/nofp/libc_nano.a(libc_a-nano-svfprintf.o) (_printf_i)
/usr/lib/gcc/arm-none-eabi/13.3.1/../../../arm-none-eabi/lib/thumb/v7-m/nofp/libc_nano.a(libc_a-mlock.o)
                              /usr/lib/gcc/arm-none-eabi/13.3.1/../../../arm-none-eabi/lib/thumb/v7-m/nofp/libc_nano.a(libc_a-mallocr.o) (__malloc_lock)
[...]
Memory Configuration

Name             Origin             Length             Attributes
RAM              0x20000000         0x00005000         xrw
FLASH            0x08000000         0x00010000         xr
*default*        0x00000000         0xffffffff

Linker script and memory map

LOAD /usr/lib/gcc/arm-none-eabi/13.3.1/thumb/v7-m/nofp/crti.o
LOAD /usr/lib/gcc/arm-none-eabi/13.3.1/thumb/v7-m/nofp/crtbegin.o
LOAD /usr/lib/gcc/arm-none-eabi/13.3.1/../../../arm-none-eabi/lib/thumb/v7-m/nofp/crt0.o
LOAD build/debug/Drivers/STM32F1xx_HAL_Driver/Src/stm32f1xx_hal.o
LOAD build/debug/Drivers/STM32F1xx_HAL_Driver/Src/stm32f1xx_hal_adc.o
LOAD build/debug/Drivers/STM32F1xx_HAL_Driver/Src/stm32f1xx_hal_adc_ex.o
LOAD build/debug/Drivers/STM32F1xx_HAL_Driver/Src/stm32f1xx_hal_cortex.o
LOAD build/debug/Drivers/STM32F1xx_HAL_Driver/Src/stm32f1xx_hal_dma.o
LOAD build/debug/Drivers/STM32F1xx_HAL_Driver/Src/stm32f1xx_hal_exti.o
LOAD build/debug/Drivers/STM32F1xx_HAL_Driver/Src/stm32f1xx_hal_flash.o
LOAD build/debug/Drivers/STM32F1xx_HAL_Driver/Src/stm32f1xx_hal_flash_ex.o
LOAD build/debug/Drivers/STM32F1xx_HAL_Driver/Src/stm32f1xx_hal_gpio.o
LOAD build/debug/Drivers/STM32F1xx_HAL_Driver/Src/stm32f1xx_hal_gpio_ex.o
LOAD build/debug/Drivers/STM32F1xx_HAL_Driver/Src/stm32f1xx_hal_pcd.o
LOAD build/debug/Drivers/STM32F1xx_HAL_Driver/Src/stm32f1xx_hal_pcd_ex.o
LOAD build/debug/Drivers/STM32F1xx_HAL_Driver/Src/stm32f1xx_hal_pwr.o
LOAD build/debug/Drivers/STM32F1xx_HAL_Driver/Src/stm32f1xx_hal_rcc.o
LOAD build/debug/Drivers/STM32F1xx_HAL_Driver/Src/stm32f1xx_hal_rcc_ex.o
LOAD build/debug/Drivers/STM32F1xx_HAL_Driver/Src/stm32f1xx_hal_tim.o
LOAD build/debug/Drivers/STM32F1xx_HAL_Driver/Src/stm32f1xx_hal_tim_ex.o
LOAD build/debug/Drivers/STM32F1xx_HAL_Driver/Src/stm32f1xx_ll_usb.o
LOAD build/debug/Middlewares/ST/STM32_USB_Device_Library/Class/CDC/Src/usbd_cdc.o
LOAD build/debug/Middlewares/ST/STM32_USB_Device_Library/Core/Src/usbd_core.o
LOAD build/debug/Middlewares/ST/STM32_USB_Device_Library/Core/Src/usbd_ctlreq.o
LOAD build/debug/Middlewares/ST/STM32_USB_Device_Library/Core/Src/usbd_ioreq.o
LOAD build/debug/Src/Zeugma_c/debug_monitor.o
LOAD build/debug/Src/Zeugma_c/first_step.o
LOAD build/debug/Src/Zeugma_c/gpio_interrupt.o
LOAD build/debug/Src/Zeugma_c/old_value_hall.o
LOAD build/debug/Src/Zeugma_c/rpm.o
LOAD build/debug/Src/Zeugma_c/steps.o
LOAD build/debug/Src/adc.o
LOAD build/debug/Src/dma.o
LOAD build/debug/Src/gpio.o
LOAD build/debug/Src/main.o
LOAD build/debug/Src/stm32f1xx_hal_msp.o
LOAD build/debug/Src/stm32f1xx_it.o
LOAD build/debug/Src/syscalls.o
LOAD build/debug/Src/sysmem.o
LOAD build/debug/Src/system_stm32f1xx.o
LOAD build/debug/Src/tim.o
LOAD build/debug/Src/usb_device.o
LOAD build/debug/Src/usbd_cdc_if.o
LOAD build/debug/Src/usbd_conf.o
LOAD build/debug/Src/usbd_desc.o
LOAD build/debug/startup_stm32f103xb.o
LOAD /usr/lib/gcc/arm-none-eabi/13.3.1/../../../arm-none-eabi/lib/thumb/v7-m/nofp/libc_nano.a
LOAD /usr/lib/gcc/arm-none-eabi/13.3.1/../../../arm-none-eabi/lib/thumb/v7-m/nofp/libm.a
LOAD /usr/lib/gcc/arm-none-eabi/13.3.1/../../../arm-none-eabi/lib/thumb/v7-m/nofp/libnosys.a
START GROUP
LOAD /usr/lib/gcc/arm-none-eabi/13.3.1/thumb/v7-m/nofp/libgcc.a
LOAD /usr/lib/gcc/arm-none-eabi/13.3.1/../../../arm-none-eabi/lib/thumb/v7-m/nofp/libc_nano.a
END GROUP
START GROUP
LOAD /usr/lib/gcc/arm-none-eabi/13.3.1/thumb/v7-m/nofp/libgcc.a
LOAD /usr/lib/gcc/arm-none-eabi/13.3.1/../../../arm-none-eabi/lib/thumb/v7-m/nofp/libc_nano.a
END GROUP
LOAD /usr/lib/gcc/arm-none-eabi/13.3.1/thumb/v7-m/nofp/crtend.o
LOAD /usr/lib/gcc/arm-none-eabi/13.3.1/thumb/v7-m/nofp/crtn.o
                0x20005000                        _estack = (ORIGIN (RAM) + LENGTH (RAM))
                0x00000200                        _Min_Heap_Size = 0x200
                0x00000400                        _Min_Stack_Size = 0x400

.isr_vector     0x08000000      0x10c
                0x08000000                        . = ALIGN (0x4)
 *(.isr_vector)
 .isr_vector    0x08000000      0x10c build/debug/startup_stm32f103xb.o
                0x08000000                g_pfnVectors
                0x0800010c                        . = ALIGN (0x4)

.text           0x0800010c     0x7128
                0x0800010c                        . = ALIGN (0x4)
 *(.text)
 .text          0x0800010c       0x88 /usr/lib/gcc/arm-none-eabi/13.3.1/thumb/v7-m/nofp/crtbegin.o
 .text          0x08000194       0x50 /usr/lib/gcc/arm-none-eabi/13.3.1/../../../arm-none-eabi/lib/thumb/v7-m/nofp/libc_nano.a(libc_a-init.o)
                0x08000194                __libc_init_array
 .text          0x080001e4       0xa0 /usr/lib/gcc/arm-none-eabi/13.3.1/../../../arm-none-eabi/lib/thumb/v7-m/nofp/libc_nano.a(libc_a-memset.o)
                0x080001e4                memset
 .text          0x08000284        0xc /usr/lib/gcc/arm-none-eabi/13.3.1/../../../arm-none-eabi/lib/thumb/v7-m/nofp/libc_nano.a(libc_a-errno.o)
                0x08000284                __errno
 .text          0x08000290      0x10c /usr/lib/gcc/arm-none-eabi/13.3.1/../../../arm-none-eabi/lib/thumb/v7-m/nofp/libc_nano.a(libc_a-snprintf.o)
                0x08000290                _sniprintf_r
                0x08000290                _snprintf_r
                0x08000310                snprintf
                0x08000310                sniprintf
 .text          0x0800039c      0x400 /usr/lib/gcc/arm-none-eabi/13.3.1/../../../arm-none-eabi/lib/thumb/v7-m/nofp/libc_nano.a(libc_a-nano-svfprintf.o)
                0x0800039c                __ssputs_r
                0x0800045c                __ssprint_r
                0x0800056c                _svfprintf_r
                0x0800056c                _svfiprintf_r
 .text          0x0800079c      0x14c /usr/lib/gcc/arm-none-eabi/13.3.1/../../../arm-none-eabi/lib/thumb/v7-m/nofp/libc_nano.a(libc_a-mallocr.o)
                0x080007e8                _malloc_r
 .text          0x080008e8       0xbc /usr/lib/gcc/arm-none-eabi/13.3.1/../../../arm-none-eabi/lib/thumb/v7-m/nofp/libc_nano.a(libc_a-freer.o)
                0x080008e8                _free_r
 .text          0x080009a4       0xfc /usr/lib/gcc/arm-none-eabi/13.3.1/../../../arm-none-eabi/lib/thumb/v7-m/nofp/libc_nano.a(libc_a-memmove.o)
                0x080009a4                memmove
 .text          0x08000aa0       0xec /usr/lib/gcc/arm-none-eabi/13.3.1/../../../arm-none-eabi/lib/thumb/v7-m/nofp/libc_nano.a(libc_a-memcpy.o)
                0x08000aa0                memcpy
 .text          0x08000b8c       0x64 /usr/lib/gcc/arm-none-eabi/13.3.1/../../../arm-none-eabi/lib/thumb/v7-m/nofp/libc_nano.a(libc_a-reallocr.o)
                0x08000b8c                _realloc_r
 .text          0x08000bf0      0x3a8 /usr/lib/gcc/arm-none-eabi/13.3.1/../../../arm-none-eabi/lib/thumb/v7-m/nofp/libc_nano.a(libc_a-nano-vfprintf_i.o)
                0x08000bf0                _printf_common
                0x08000d14                _printf_i
 .text          0x08000f98        0x8 /usr/lib/gcc/arm-none-eabi/13.3.1/../../../arm-none-eabi/lib/thumb/v7-m/nofp/libc_nano.a(libc_a-mlock.o)
                0x08000f98                __malloc_lock
                0x08000f9c                __malloc_unlock
 .text          0x08000fa0       0x98 /usr/lib/gcc/arm-none-eabi/13.3.1/../../../arm-none-eabi/lib/thumb/v7-m/nofp/libc_nano.a(libc_a-memchr-stub.o)
                0x08000fa0                memchr
 .text          0x08001038       0x24 /usr/lib/gcc/arm-none-eabi/13.3.1/../../../arm-none-eabi/lib/thumb/v7-m/nofp/libc_nano.a(libc_a-sbrkr.o)
                0x08001038                _sbrk_r
 .text          0x0800105c       0x10 /usr/lib/gcc/arm-none-eabi/13.3.1/../../../arm-none-eabi/lib/thumb/v7-m/nofp/libc_nano.a(libc_a-msizer.o)
                0x0800105c                _malloc_usable_size_r
 *(.text*)
 .text.HAL_InitTick
                0x0800106c       0x4c build/debug/Drivers/STM32F1xx_HAL_Driver/Src/stm32f1xx_hal.o
                0x0800106c                HAL_InitTick
 .text.HAL_Init
                0x080010b8       0x24 build/debug/Drivers/STM32F1xx_HAL_Driver/Src/stm32f1xx_hal.o
                0x080010b8                HAL_Init
 .text.HAL_IncTick
                0x080010dc       0x18 build/debug/Drivers/STM32F1xx_HAL_Driver/Src/stm32f1xx_hal.o
                0x080010dc                HAL_IncTick
 .text.HAL_GetTick
                0x080010f4        0xc build/debug/Drivers/STM32F1xx_HAL_Driver/Src/stm32f1xx_hal.o
                0x080010f4                HAL_GetTick
 .text.HAL_Delay
                0x08001100       0x28 build/debug/Drivers/STM32F1xx_HAL_Driver/Src/stm32f1xx_hal.o
                0x08001100                HAL_Delay
 .text.ADC_DMAConvCplt
                0x08001128       0x52 build/debug/Drivers/STM32F1xx_HAL_Driver/Src/stm32f1xx_hal_adc.o
                0x08001128                ADC_DMAConvCplt
 .text.HAL_ADC_ConvHalfCpltCallback
                0x0800117a        0x2 build/debug/Drivers/STM32F1xx_HAL_Driver/Src/stm32f1xx_hal_adc.o
                0x0800117a                HAL_ADC_ConvHalfCpltCallback
 .text.ADC_DMAHalfConvCplt
                0x0800117c        0xa build/debug/Drivers/STM32F1xx_HAL_Driver/Src/stm32f1xx_hal_adc.o
                0x0800117c                ADC_DMAHalfConvCplt
 .text.HAL_ADC_ErrorCallback
                0x08001186        0x2 build/debug/Drivers/STM32F1xx_HAL_Driver/Src/stm32f1xx_hal_adc.o
                0x08001186                HAL_ADC_ErrorCallback
 .text.ADC_DMAError
                0x08001188       0x1a build/debug/Drivers/STM32F1xx_HAL_Driver/Src/stm32f1xx_hal_adc.o
                0x08001188                ADC_DMAError
 *fill*         0x080011a2        0x2 
 .text.HAL_ADC_ConfigChannel
                0x080011a4      0x140 build/debug/Drivers/STM32F1xx_HAL_Driver/Src/stm32f1xx_hal_adc.o
                0x080011a4                HAL_ADC_ConfigChannel
 .text.ADC_Enable
                0x080012e4       0x88 build/debug/Drivers/STM32F1xx_HAL_Driver/Src/stm32f1xx_hal_adc.o
                0x080012e4                ADC_Enable
 .text.HAL_ADC_Start_DMA
                0x0800136c      0x130 build/debug/Drivers/STM32F1xx_HAL_Driver/Src/stm32f1xx_hal_adc.o
                0x0800136c                HAL_ADC_Start_DMA
 .text.ADC_ConversionStop_Disable
                0x0800149c       0x56 build/debug/Drivers/STM32F1xx_HAL_Driver/Src/stm32f1xx_hal_adc.o
                0x0800149c                ADC_ConversionStop_Disable
 *fill*         0x080014f2        0x2 
 .text.HAL_ADC_Init
                0x080014f4      0x108 build/debug/Drivers/STM32F1xx_HAL_Driver/Src/stm32f1xx_hal_adc.o
                0x080014f4                HAL_ADC_Init
 .text.__NVIC_SetPriority
                0x080015fc       0x28 build/debug/Drivers/STM32F1xx_HAL_Driver/Src/stm32f1xx_hal_cortex.o
 .text.NVIC_EncodePriority
                0x08001624       0x3e build/debug/Drivers/STM32F1xx_HAL_Driver/Src/stm32f1xx_hal_cortex.o
 *fill*         0x08001662        0x2 
 .text.HAL_NVIC_SetPriorityGrouping
                0x08001664       0x24 build/debug/Drivers/STM32F1xx_HAL_Driver/Src/stm32f1xx_hal_cortex.o
                0x08001664                HAL_NVIC_SetPriorityGrouping
 .text.HAL_NVIC_SetPriority
                0x08001688       0x20 build/debug/Drivers/STM32F1xx_HAL_Driver/Src/stm32f1xx_hal_cortex.o
                0x08001688                HAL_NVIC_SetPriority
 .text.HAL_NVIC_EnableIRQ
                0x080016a8       0x1c build/debug/Drivers/STM32F1xx_HAL_Driver/Src/stm32f1xx_hal_cortex.o
                0x080016a8                HAL_NVIC_EnableIRQ
 .text.HAL_SYSTICK_Config
                0x080016c4       0x28 build/debug/Drivers/STM32F1xx_HAL_Driver/Src/stm32f1xx_hal_cortex.o
                0x080016c4                HAL_SYSTICK_Config
 .text.DMA_SetConfig
                0x080016ec       0x2c build/debug/Drivers/STM32F1xx_HAL_Driver/Src/stm32f1xx_hal_dma.o
 .text.HAL_DMA_Init
                0x08001718       0x68 build/debug/Drivers/STM32F1xx_HAL_Driver/Src/stm32f1xx_hal_dma.o
                0x08001718                HAL_DMA_Init
 .text.HAL_DMA_Start_IT
                0x08001780       0x76 build/debug/Drivers/STM32F1xx_HAL_Driver/Src/stm32f1xx_hal_dma.o
                0x08001780                HAL_DMA_Start_IT
 *fill*         0x080017f6        0x2 
 .text.HAL_DMA_IRQHandler
                0x080017f8      0x144 build/debug/Drivers/STM32F1xx_HAL_Driver/Src/stm32f1xx_hal_dma.o
                0x080017f8                HAL_DMA_IRQHandler
 .text.HAL_GPIO_Init
                0x0800193c      0x21c build/debug/Drivers/STM32F1xx_HAL_Driver/Src/stm32f1xx_hal_gpio.o
                0x0800193c                HAL_GPIO_Init
 .text.HAL_GPIO_ReadPin
                0x08001b58        0xe build/debug/Drivers/STM32F1xx_HAL_Driver/Src/stm32f1xx_hal_gpio.o
                0x08001b58                HAL_GPIO_ReadPin
 .text.HAL_GPIO_WritePin
                0x08001b66        0xc build/debug/Drivers/STM32F1xx_HAL_Driver/Src/stm32f1xx_hal_gpio.o
                0x08001b66                HAL_GPIO_WritePin
 *fill*         0x08001b72        0x2 
 .text.HAL_GPIO_EXTI_IRQHandler
                0x08001b74       0x1c build/debug/Drivers/STM32F1xx_HAL_Driver/Src/stm32f1xx_hal_gpio.o
                0x08001b74                HAL_GPIO_EXTI_IRQHandler
 .text.HAL_PCD_EP_DB_Receive
                0x08001b90      0x11c build/debug/Drivers/STM32F1xx_HAL_Driver/Src/stm32f1xx_hal_pcd.o
 .text.HAL_PCD_Init
                0x08001cac       0xe8 build/debug/Drivers/STM32F1xx_HAL_Driver/Src/stm32f1xx_hal_pcd.o
                0x08001cac                HAL_PCD_Init
 .text.HAL_PCD_Start
                0x08001d94       0x32 build/debug/Drivers/STM32F1xx_HAL_Driver/Src/stm32f1xx_hal_pcd.o
                0x08001d94                HAL_PCD_Start
 .text.HAL_PCD_EP_DB_Transmit
                0x08001dc6      0x424 build/debug/Drivers/STM32F1xx_HAL_Driver/Src/stm32f1xx_hal_pcd.o
 .text.PCD_EP_ISR_Handler
                0x080021ea      0x554 build/debug/Drivers/STM32F1xx_HAL_Driver/Src/stm32f1xx_hal_pcd.o
 .text.HAL_PCD_SetAddress
                0x0800273e       0x26 build/debug/Drivers/STM32F1xx_HAL_Driver/Src/stm32f1xx_hal_pcd.o
                0x0800273e                HAL_PCD_SetAddress
 .text.HAL_PCD_IRQHandler
                0x08002764      0x1b0 build/debug/Drivers/STM32F1xx_HAL_Driver/Src/stm32f1xx_hal_pcd.o
                0x08002764                HAL_PCD_IRQHandler
 .text.HAL_PCD_EP_Open
                0x08002914       0x84 build/debug/Drivers/STM32F1xx_HAL_Driver/Src/stm32f1xx_hal_pcd.o
                0x08002914                HAL_PCD_EP_Open
 .text.HAL_PCD_EP_Close
                0x08002998       0x6c build/debug/Drivers/STM32F1xx_HAL_Driver/Src/stm32f1xx_hal_pcd.o
                0x08002998                HAL_PCD_EP_Close
 .text.HAL_PCD_EP_Receive
                0x08002a04       0x3a build/debug/Drivers/STM32F1xx_HAL_Driver/Src/stm32f1xx_hal_pcd.o
                0x08002a04                HAL_PCD_EP_Receive
 .text.HAL_PCD_EP_GetRxCount
                0x08002a3e       0x12 build/debug/Drivers/STM32F1xx_HAL_Driver/Src/stm32f1xx_hal_pcd.o
                0x08002a3e                HAL_PCD_EP_GetRxCount
 .text.HAL_PCD_EP_Transmit
                0x08002a50       0x4c build/debug/Drivers/STM32F1xx_HAL_Driver/Src/stm32f1xx_hal_pcd.o
                0x08002a50                HAL_PCD_EP_Transmit
 .text.HAL_PCD_EP_SetStall
                0x08002a9c       0x80 build/debug/Drivers/STM32F1xx_HAL_Driver/Src/stm32f1xx_hal_pcd.o
                0x08002a9c                HAL_PCD_EP_SetStall
 .text.HAL_PCD_EP_ClrStall
                0x08002b1c       0x7e build/debug/Drivers/STM32F1xx_HAL_Driver/Src/stm32f1xx_hal_pcd.o
                0x08002b1c                HAL_PCD_EP_ClrStall
 .text.HAL_PCDEx_PMAConfig
                0x08002b9a       0x38 build/debug/Drivers/STM32F1xx_HAL_Driver/Src/stm32f1xx_hal_pcd_ex.o
                0x08002b9a                HAL_PCDEx_PMAConfig
 *fill*         0x08002bd2        0x2 
 .text.RCC_Delay
                0x08002bd4       0x2c build/debug/Drivers/STM32F1xx_HAL_Driver/Src/stm32f1xx_hal_rcc.o
 .text.HAL_RCC_OscConfig
                0x08002c00      0x410 build/debug/Drivers/STM32F1xx_HAL_Driver/Src/stm32f1xx_hal_rcc.o
                0x08002c00                HAL_RCC_OscConfig
 .text.HAL_RCC_GetSysClockFreq
                0x08003010       0x54 build/debug/Drivers/STM32F1xx_HAL_Driver/Src/stm32f1xx_hal_rcc.o
                0x08003010                HAL_RCC_GetSysClockFreq
 .text.HAL_RCC_ClockConfig
                0x08003064      0x16c build/debug/Drivers/STM32F1xx_HAL_Driver/Src/stm32f1xx_hal_rcc.o
                0x08003064                HAL_RCC_ClockConfig
 .text.HAL_RCCEx_PeriphCLKConfig
                0x080031d0      0x118 build/debug/Drivers/STM32F1xx_HAL_Driver/Src/stm32f1xx_hal_rcc_ex.o
                0x080031d0                HAL_RCCEx_PeriphCLKConfig
 .text.TIM_OC1_SetConfig
                0x080032e8       0x54 build/debug/Drivers/STM32F1xx_HAL_Driver/Src/stm32f1xx_hal_tim.o
 .text.TIM_OC3_SetConfig
                0x0800333c       0x5c build/debug/Drivers/STM32F1xx_HAL_Driver/Src/stm32f1xx_hal_tim.o
 .text.TIM_OC4_SetConfig
                0x08003398       0x48 build/debug/Drivers/STM32F1xx_HAL_Driver/Src/stm32f1xx_hal_tim.o
 .text.TIM_TI1_ConfigInputStage
                0x080033e0       0x24 build/debug/Drivers/STM32F1xx_HAL_Driver/Src/stm32f1xx_hal_tim.o
 .text.TIM_TI2_ConfigInputStage
                0x08003404       0x26 build/debug/Drivers/STM32F1xx_HAL_Driver/Src/stm32f1xx_hal_tim.o
 .text.TIM_ITRx_SetConfig
                0x0800342a       0x10 build/debug/Drivers/STM32F1xx_HAL_Driver/Src/stm32f1xx_hal_tim.o
 *fill*         0x0800343a        0x2 
 .text.HAL_TIM_Base_Start
                0x0800343c       0x5c build/debug/Drivers/STM32F1xx_HAL_Driver/Src/stm32f1xx_hal_tim.o
                0x0800343c                HAL_TIM_Base_Start
 .text.HAL_TIM_PWM_MspInit
                0x08003498        0x2 build/debug/Drivers/STM32F1xx_HAL_Driver/Src/stm32f1xx_hal_tim.o
                0x08003498                HAL_TIM_PWM_MspInit
 .text.HAL_TIM_PeriodElapsedCallback
                0x0800349a        0x2 build/debug/Drivers/STM32F1xx_HAL_Driver/Src/stm32f1xx_hal_tim.o
                0x0800349a                HAL_TIM_PeriodElapsedCallback
 .text.HAL_TIM_OC_DelayElapsedCallback
                0x0800349c        0x2 build/debug/Drivers/STM32F1xx_HAL_Driver/Src/stm32f1xx_hal_tim.o
                0x0800349c                HAL_TIM_OC_DelayElapsedCallback
 .text.HAL_TIM_IC_CaptureCallback
                0x0800349e        0x2 build/debug/Drivers/STM32F1xx_HAL_Driver/Src/stm32f1xx_hal_tim.o
                0x0800349e                HAL_TIM_IC_CaptureCallback
 .text.HAL_TIM_PWM_PulseFinishedCallback
                0x080034a0        0x2 build/debug/Drivers/STM32F1xx_HAL_Driver/Src/stm32f1xx_hal_tim.o
                0x080034a0                HAL_TIM_PWM_PulseFinishedCallback
 .text.HAL_TIM_TriggerCallback
                0x080034a2        0x2 build/debug/Drivers/STM32F1xx_HAL_Driver/Src/stm32f1xx_hal_tim.o
                0x080034a2                HAL_TIM_TriggerCallback
 .text.HAL_TIM_IRQHandler
                0x080034a4      0x15e build/debug/Drivers/STM32F1xx_HAL_Driver/Src/stm32f1xx_hal_tim.o
                0x080034a4                HAL_TIM_IRQHandler
 *fill*         0x08003602        0x2 
 .text.TIM_Base_SetConfig
                0x08003604       0x84 build/debug/Drivers/STM32F1xx_HAL_Driver/Src/stm32f1xx_hal_tim.o
                0x08003604                TIM_Base_SetConfig
 .text.HAL_TIM_Base_Init
                0x08003688       0x58 build/debug/Drivers/STM32F1xx_HAL_Driver/Src/stm32f1xx_hal_tim.o
                0x08003688                HAL_TIM_Base_Init
 .text.HAL_TIM_PWM_Init
                0x080036e0       0x58 build/debug/Drivers/STM32F1xx_HAL_Driver/Src/stm32f1xx_hal_tim.o
                0x080036e0                HAL_TIM_PWM_Init
 .text.TIM_OC2_SetConfig
                0x08003738       0x5c build/debug/Drivers/STM32F1xx_HAL_Driver/Src/stm32f1xx_hal_tim.o
                0x08003738                TIM_OC2_SetConfig
 .text.HAL_TIM_PWM_ConfigChannel
                0x08003794       0xdc build/debug/Drivers/STM32F1xx_HAL_Driver/Src/stm32f1xx_hal_tim.o
                0x08003794                HAL_TIM_PWM_ConfigChannel
 .text.TIM_ETR_SetConfig
                0x08003870       0x18 build/debug/Drivers/STM32F1xx_HAL_Driver/Src/stm32f1xx_hal_tim.o
                0x08003870                TIM_ETR_SetConfig
 .text.HAL_TIM_ConfigClockSource
                0x08003888       0xfe build/debug/Drivers/STM32F1xx_HAL_Driver/Src/stm32f1xx_hal_tim.o
                0x08003888                HAL_TIM_ConfigClockSource
 .text.TIM_CCxChannelCmd
                0x08003986       0x1e build/debug/Drivers/STM32F1xx_HAL_Driver/Src/stm32f1xx_hal_tim.o
                0x08003986                TIM_CCxChannelCmd
 .text.HAL_TIM_PWM_Start
                0x080039a4       0xdc build/debug/Drivers/STM32F1xx_HAL_Driver/Src/stm32f1xx_hal_tim.o
                0x080039a4                HAL_TIM_PWM_Start
 .text.HAL_TIM_PWM_Stop
                0x08003a80       0x84 build/debug/Drivers/STM32F1xx_HAL_Driver/Src/stm32f1xx_hal_tim.o
                0x08003a80                HAL_TIM_PWM_Stop
 .text.TIM_CCxNChannelCmd
                0x08003b04       0x1e build/debug/Drivers/STM32F1xx_HAL_Driver/Src/stm32f1xx_hal_tim_ex.o
 *fill*         0x08003b22        0x2 
 .text.HAL_TIMEx_PWMN_Start
                0x08003b24       0xd4 build/debug/Drivers/STM32F1xx_HAL_Driver/Src/stm32f1xx_hal_tim_ex.o
                0x08003b24                HAL_TIMEx_PWMN_Start
 .text.HAL_TIMEx_PWMN_Stop
                0x08003bf8       0x76 build/debug/Drivers/STM32F1xx_HAL_Driver/Src/stm32f1xx_hal_tim_ex.o
                0x08003bf8                HAL_TIMEx_PWMN_Stop
 *fill*         0x08003c6e        0x2 
 .text.HAL_TIMEx_MasterConfigSynchronization
                0x08003c70       0x6c build/debug/Drivers/STM32F1xx_HAL_Driver/Src/stm32f1xx_hal_tim_ex.o
                0x08003c70                HAL_TIMEx_MasterConfigSynchronization
 .text.HAL_TIMEx_ConfigBreakDeadTime
                0x08003cdc       0x52 build/debug/Drivers/STM32F1xx_HAL_Driver/Src/stm32f1xx_hal_tim_ex.o
                0x08003cdc                HAL_TIMEx_ConfigBreakDeadTime
 .text.HAL_TIMEx_CommutCallback
                0x08003d2e        0x2 build/debug/Drivers/STM32F1xx_HAL_Driver/Src/stm32f1xx_hal_tim_ex.o
                0x08003d2e                HAL_TIMEx_CommutCallback
 .text.HAL_TIMEx_BreakCallback
                0x08003d30        0x2 build/debug/Drivers/STM32F1xx_HAL_Driver/Src/stm32f1xx_hal_tim_ex.o
                0x08003d30                HAL_TIMEx_BreakCallback
 .text.USB_CoreInit
                0x08003d32        0xe build/debug/Drivers/STM32F1xx_HAL_Driver/Src/stm32f1xx_ll_usb.o
                0x08003d32                USB_CoreInit
 .text.USB_EnableGlobalInt
                0x08003d40       0x12 build/debug/Drivers/STM32F1xx_HAL_Driver/Src/stm32f1xx_ll_usb.o
                0x08003d40                USB_EnableGlobalInt
 .text.USB_DisableGlobalInt
                0x08003d52       0x14 build/debug/Drivers/STM32F1xx_HAL_Driver/Src/stm32f1xx_ll_usb.o
                0x08003d52                USB_DisableGlobalInt
 .text.USB_SetCurrentMode
                0x08003d66        0x4 build/debug/Drivers/STM32F1xx_HAL_Driver/Src/stm32f1xx_ll_usb.o
                0x08003d66                USB_SetCurrentMode
 .text.USB_DevInit
                0x08003d6a       0x22 build/debug/Drivers/STM32F1xx_HAL_Driver/Src/stm32f1xx_ll_usb.o
                0x08003d6a                USB_DevInit
 .text.USB_ActivateEndpoint
                0x08003d8c      0x3ca build/debug/Drivers/STM32F1xx_HAL_Driver/Src/stm32f1xx_ll_usb.o
                0x08003d8c                USB_ActivateEndpoint
 .text.USB_DeactivateEndpoint
                0x08004156      0x1d6 build/debug/Drivers/STM32F1xx_HAL_Driver/Src/stm32f1xx_ll_usb.o
                0x08004156                USB_DeactivateEndpoint
 .text.USB_EPSetStall
                0x0800432c       0x4a build/debug/Drivers/STM32F1xx_HAL_Driver/Src/stm32f1xx_ll_usb.o
                0x0800432c                USB_EPSetStall
 .text.USB_EPClearStall
                0x08004376       0xa2 build/debug/Drivers/STM32F1xx_HAL_Driver/Src/stm32f1xx_ll_usb.o
                0x08004376                USB_EPClearStall
 .text.USB_SetDevAddress
                0x08004418        0xc build/debug/Drivers/STM32F1xx_HAL_Driver/Src/stm32f1xx_ll_usb.o
                0x08004418                USB_SetDevAddress
 .text.USB_DevConnect
                0x08004424        0x4 build/debug/Drivers/STM32F1xx_HAL_Driver/Src/stm32f1xx_ll_usb.o
                0x08004424                USB_DevConnect
 .text.USB_DevDisconnect
                0x08004428        0x4 build/debug/Drivers/STM32F1xx_HAL_Driver/Src/stm32f1xx_ll_usb.o
                0x08004428                USB_DevDisconnect
 .text.USB_ReadInterrupts
                0x0800442c        0x8 build/debug/Drivers/STM32F1xx_HAL_Driver/Src/stm32f1xx_ll_usb.o
                0x0800442c                USB_ReadInterrupts
 .text.USB_EP0_OutStart
                0x08004434        0x4 build/debug/Drivers/STM32F1xx_HAL_Driver/Src/stm32f1xx_ll_usb.o
                0x08004434                USB_EP0_OutStart
 .text.USB_WritePMA
                0x08004438       0x26 build/debug/Drivers/STM32F1xx_HAL_Driver/Src/stm32f1xx_ll_usb.o
                0x08004438                USB_WritePMA
 .text.USB_EPStartXfer
                0x0800445e      0x7ce build/debug/Drivers/STM32F1xx_HAL_Driver/Src/stm32f1xx_ll_usb.o
                0x0800445e                USB_EPStartXfer
 .text.USB_ReadPMA
                0x08004c2c       0x30 build/debug/Drivers/STM32F1xx_HAL_Driver/Src/stm32f1xx_ll_usb.o
                0x08004c2c                USB_ReadPMA
 .text.USBD_CDC_EP0_RxReady
                0x08004c5c       0x28 build/debug/Middlewares/ST/STM32_USB_Device_Library/Class/CDC/Src/usbd_cdc.o
 .text.USBD_CDC_GetFSCfgDesc
                0x08004c84        0xc build/debug/Middlewares/ST/STM32_USB_Device_Library/Class/CDC/Src/usbd_cdc.o
 .text.USBD_CDC_GetHSCfgDesc
                0x08004c90        0xc build/debug/Middlewares/ST/STM32_USB_Device_Library/Class/CDC/Src/usbd_cdc.o
 .text.USBD_CDC_GetOtherSpeedCfgDesc
                0x08004c9c        0xc build/debug/Middlewares/ST/STM32_USB_Device_Library/Class/CDC/Src/usbd_cdc.o
 .text.USBD_CDC_GetDeviceQualifierDescriptor
                0x08004ca8        0xc build/debug/Middlewares/ST/STM32_USB_Device_Library/Class/CDC/Src/usbd_cdc.o
                0x08004ca8                USBD_CDC_GetDeviceQualifierDescriptor
 .text.USBD_CDC_DataOut
                0x08004cb4       0x2e build/debug/Middlewares/ST/STM32_USB_Device_Library/Class/CDC/Src/usbd_cdc.o
 .text.USBD_CDC_DataIn
                0x08004ce2       0x4e build/debug/Middlewares/ST/STM32_USB_Device_Library/Class/CDC/Src/usbd_cdc.o
 .text.USBD_CDC_Setup
                0x08004d30       0xd6 build/debug/Middlewares/ST/STM32_USB_Device_Library/Class/CDC/Src/usbd_cdc.o
 .text.USBD_CDC_DeInit
                0x08004e06       0x42 build/debug/Middlewares/ST/STM32_USB_Device_Library/Class/CDC/Src/usbd_cdc.o
 .text.USBD_CDC_Init
                0x08004e48       0xaa build/debug/Middlewares/ST/STM32_USB_Device_Library/Class/CDC/Src/usbd_cdc.o
 .text.USBD_CDC_RegisterInterface
                0x08004ef2        0xe build/debug/Middlewares/ST/STM32_USB_Device_Library/Class/CDC/Src/usbd_cdc.o
                0x08004ef2                USBD_CDC_RegisterInterface
 .text.USBD_CDC_SetTxBuffer
                0x08004f00       0x10 build/debug/Middlewares/ST/STM32_USB_Device_Library/Class/CDC/Src/usbd_cdc.o
                0x08004f00                USBD_CDC_SetTxBuffer
 .text.USBD_CDC_SetRxBuffer
                0x08004f10        0xc build/debug/Middlewares/ST/STM32_USB_Device_Library/Class/CDC/Src/usbd_cdc.o
                0x08004f10                USBD_CDC_SetRxBuffer
 .text.USBD_CDC_TransmitPacket
                0x08004f1c       0x32 build/debug/Middlewares/ST/STM32_USB_Device_Library/Class/CDC/Src/usbd_cdc.o
                0x08004f1c                USBD_CDC_TransmitPacket
 .text.USBD_CDC_ReceivePacket
                0x08004f4e       0x30 build/debug/Middlewares/ST/STM32_USB_Device_Library/Class/CDC/Src/usbd_cdc.o
                0x08004f4e                USBD_CDC_ReceivePacket
 .text.USBD_Init
                0x08004f7e       0x2e build/debug/Middlewares/ST/STM32_USB_Device_Library/Core/Src/usbd_core.o
                0x08004f7e                USBD_Init
 .text.USBD_RegisterClass
                0x08004fac        0xe build/debug/Middlewares/ST/STM32_USB_Device_Library/Core/Src/usbd_core.o
                0x08004fac                USBD_RegisterClass
 .text.USBD_Start
                0x08004fba        0xa build/debug/Middlewares/ST/STM32_USB_Device_Library/Core/Src/usbd_core.o
                0x08004fba                USBD_Start
 .text.USBD_SetClassConfig
                0x08004fc4       0x18 build/debug/Middlewares/ST/STM32_USB_Device_Library/Core/Src/usbd_core.o
                0x08004fc4                USBD_SetClassConfig
 .text.USBD_ClrClassConfig
                0x08004fdc        0xe build/debug/Middlewares/ST/STM32_USB_Device_Library/Core/Src/usbd_core.o
                0x08004fdc                USBD_ClrClassConfig
 .text.USBD_LL_SetupStage
                0x08004fea       0x5a build/debug/Middlewares/ST/STM32_USB_Device_Library/Core/Src/usbd_core.o
                0x08004fea                USBD_LL_SetupStage
 .text.USBD_LL_DataOutStage
                0x08005044       0x8c build/debug/Middlewares/ST/STM32_USB_Device_Library/Core/Src/usbd_core.o
                0x08005044                USBD_LL_DataOutStage
 .text.USBD_LL_DataInStage
                0x080050d0       0xd0 build/debug/Middlewares/ST/STM32_USB_Device_Library/Core/Src/usbd_core.o
                0x080050d0                USBD_LL_DataInStage
 .text.USBD_LL_Reset
                0x080051a0       0x50 build/debug/Middlewares/ST/STM32_USB_Device_Library/Core/Src/usbd_core.o
                0x080051a0                USBD_LL_Reset
 .text.USBD_LL_SetSpeed
                0x080051f0        0x6 build/debug/Middlewares/ST/STM32_USB_Device_Library/Core/Src/usbd_core.o
                0x080051f0                USBD_LL_SetSpeed
 .text.USBD_LL_Suspend
                0x080051f6       0x12 build/debug/Middlewares/ST/STM32_USB_Device_Library/Core/Src/usbd_core.o
                0x080051f6                USBD_LL_Suspend
 .text.USBD_LL_Resume
                0x08005208       0x16 build/debug/Middlewares/ST/STM32_USB_Device_Library/Core/Src/usbd_core.o
                0x08005208                USBD_LL_Resume
 .text.USBD_LL_SOF
                0x0800521e       0x1c build/debug/Middlewares/ST/STM32_USB_Device_Library/Core/Src/usbd_core.o
                0x0800521e                USBD_LL_SOF
 .text.USBD_GetLen
                0x0800523a       0x14 build/debug/Middlewares/ST/STM32_USB_Device_Library/Core/Src/usbd_ctlreq.o
 .text.USBD_SetFeature
                0x0800524e       0x14 build/debug/Middlewares/ST/STM32_USB_Device_Library/Core/Src/usbd_ctlreq.o
 .text.USBD_ParseSetupRequest
                0x08005262       0x28 build/debug/Middlewares/ST/STM32_USB_Device_Library/Core/Src/usbd_ctlreq.o
                0x08005262                USBD_ParseSetupRequest
 .text.USBD_CtlError
                0x0800528a       0x14 build/debug/Middlewares/ST/STM32_USB_Device_Library/Core/Src/usbd_ctlreq.o
                0x0800528a                USBD_CtlError
 .text.USBD_GetDescriptor
                0x0800529e      0x186 build/debug/Middlewares/ST/STM32_USB_Device_Library/Core/Src/usbd_ctlreq.o
 .text.USBD_SetAddress
                0x08005424       0x4e build/debug/Middlewares/ST/STM32_USB_Device_Library/Core/Src/usbd_ctlreq.o
 *fill*         0x08005472        0x2 
 .text.USBD_SetConfig
                0x08005474       0xb0 build/debug/Middlewares/ST/STM32_USB_Device_Library/Core/Src/usbd_ctlreq.o
 .text.USBD_GetConfig
                0x08005524       0x3e build/debug/Middlewares/ST/STM32_USB_Device_Library/Core/Src/usbd_ctlreq.o
 .text.USBD_GetStatus
                0x08005562       0x38 build/debug/Middlewares/ST/STM32_USB_Device_Library/Core/Src/usbd_ctlreq.o
 .text.USBD_ClrFeature
                0x0800559a       0x26 build/debug/Middlewares/ST/STM32_USB_Device_Library/Core/Src/usbd_ctlreq.o
 .text.USBD_StdDevReq
                0x080055c0       0x68 build/debug/Middlewares/ST/STM32_USB_Device_Library/Core/Src/usbd_ctlreq.o
                0x080055c0                USBD_StdDevReq
 .text.USBD_StdItfReq
                0x08005628       0x60 build/debug/Middlewares/ST/STM32_USB_Device_Library/Core/Src/usbd_ctlreq.o
                0x08005628                USBD_StdItfReq
 .text.USBD_StdEPReq
                0x08005688      0x1e2 build/debug/Middlewares/ST/STM32_USB_Device_Library/Core/Src/usbd_ctlreq.o
                0x08005688                USBD_StdEPReq
 .text.USBD_GetString
                0x0800586a       0x3a build/debug/Middlewares/ST/STM32_USB_Device_Library/Core/Src/usbd_ctlreq.o
                0x0800586a                USBD_GetString
 .text.USBD_CtlSendData
                0x080058a4       0x1a build/debug/Middlewares/ST/STM32_USB_Device_Library/Core/Src/usbd_ioreq.o
                0x080058a4                USBD_CtlSendData
 .text.USBD_CtlContinueSendData
                0x080058be       0x10 build/debug/Middlewares/ST/STM32_USB_Device_Library/Core/Src/usbd_ioreq.o
                0x080058be                USBD_CtlContinueSendData
 .text.USBD_CtlPrepareRx
                0x080058ce       0x1e build/debug/Middlewares/ST/STM32_USB_Device_Library/Core/Src/usbd_ioreq.o
                0x080058ce                USBD_CtlPrepareRx
 .text.USBD_CtlContinueRx
                0x080058ec       0x10 build/debug/Middlewares/ST/STM32_USB_Device_Library/Core/Src/usbd_ioreq.o
                0x080058ec                USBD_CtlContinueRx
 .text.USBD_CtlSendStatus
                0x080058fc       0x16 build/debug/Middlewares/ST/STM32_USB_Device_Library/Core/Src/usbd_ioreq.o
                0x080058fc                USBD_CtlSendStatus
 .text.USBD_CtlReceiveStatus
                0x08005912       0x16 build/debug/Middlewares/ST/STM32_USB_Device_Library/Core/Src/usbd_ioreq.o
                0x08005912                USBD_CtlReceiveStatus
 .text.log_variable
                0x08005928       0x30 build/debug/Src/Zeugma_c/debug_monitor.o
                0x08005928                log_variable
 .text.LOG_POST
                0x08005958       0x30 build/debug/Src/Zeugma_c/debug_monitor.o
                0x08005958                LOG_POST
 .text.step_counter_control
                0x08005988       0x1c build/debug/Src/Zeugma_c/first_step.o
                0x08005988                step_counter_control
 .text.find_commutation_step
                0x080059a4       0x54 build/debug/Src/Zeugma_c/first_step.o
                0x080059a4                find_commutation_step
 .text.first_step
                0x080059f8      0x1f8 build/debug/Src/Zeugma_c/first_step.o
                0x080059f8                first_step
 .text.HAL_GPIO_EXTI_Callback
                0x08005bf0      0x124 build/debug/Src/Zeugma_c/gpio_interrupt.o
                0x08005bf0                HAL_GPIO_EXTI_Callback
 .text.set_old_value
                0x08005d14      0x358 build/debug/Src/Zeugma_c/old_value_hall.o
                0x08005d14                set_old_value
 .text.get_rpm  0x0800606c       0xa4 build/debug/Src/Zeugma_c/rpm.o
                0x0800606c                get_rpm
 .text.execute_step
                0x08006110       0xec build/debug/Src/Zeugma_c/steps.o
                0x08006110                execute_step
 .text.MX_ADC1_Init
                0x080061fc       0x78 build/debug/Src/adc.o
                0x080061fc                MX_ADC1_Init
 .text.HAL_ADC_MspInit
                0x08006274       0xbc build/debug/Src/adc.o
                0x08006274                HAL_ADC_MspInit
 .text.MX_DMA_Init
                0x08006330       0x34 build/debug/Src/dma.o
                0x08006330                MX_DMA_Init
 .text.MX_GPIO_Init
                0x08006364       0xfc build/debug/Src/gpio.o
                0x08006364                MX_GPIO_Init
 .text.map      0x08006460       0x18 build/debug/Src/main.o
                0x08006460                map
 .text.HAL_ADC_ConvCpltCallback
                0x08006478       0xe8 build/debug/Src/main.o
                0x08006478                HAL_ADC_ConvCpltCallback
 .text.filtreye_koy
                0x08006560       0x48 build/debug/Src/main.o
                0x08006560                filtreye_koy
 .text.Error_Handler
                0x080065a8        0x4 build/debug/Src/main.o
                0x080065a8                Error_Handler
 .text.SystemClock_Config
                0x080065ac       0x88 build/debug/Src/main.o
                0x080065ac                SystemClock_Config
 .text.main     0x08006634      0x40c build/debug/Src/main.o
                0x08006634                main
 .text.HAL_MspInit
                0x08006a40       0x44 build/debug/Src/stm32f1xx_hal_msp.o
                0x08006a40                HAL_MspInit
 .text.NMI_Handler
                0x08006a84        0x2 build/debug/Src/stm32f1xx_it.o
                0x08006a84                NMI_Handler
 .text.HardFault_Handler
                0x08006a86        0x2 build/debug/Src/stm32f1xx_it.o
                0x08006a86                HardFault_Handler
 .text.MemManage_Handler
                0x08006a88        0x2 build/debug/Src/stm32f1xx_it.o
                0x08006a88                MemManage_Handler
 .text.BusFault_Handler
                0x08006a8a        0x2 build/debug/Src/stm32f1xx_it.o
                0x08006a8a                BusFault_Handler
 .text.UsageFault_Handler
                0x08006a8c        0x2 build/debug/Src/stm32f1xx_it.o
                0x08006a8c                UsageFault_Handler
 .text.SVC_Handler
                0x08006a8e        0x2 build/debug/Src/stm32f1xx_it.o
                0x08006a8e                SVC_Handler
 .text.DebugMon_Handler
                0x08006a90        0x2 build/debug/Src/stm32f1xx_it.o
                0x08006a90                DebugMon_Handler
 .text.PendSV_Handler
                0x08006a92        0x2 build/debug/Src/stm32f1xx_it.o
                0x08006a92                PendSV_Handler
 .text.SysTick_Handler
                0x08006a94        0x8 build/debug/Src/stm32f1xx_it.o
                0x08006a94                SysTick_Handler
 .text.EXTI0_IRQHandler
                0x08006a9c        0xa build/debug/Src/stm32f1xx_it.o
                0x08006a9c                EXTI0_IRQHandler
 .text.EXTI1_IRQHandler
                0x08006aa6        0xa build/debug/Src/stm32f1xx_it.o
                0x08006aa6                EXTI1_IRQHandler
 .text.EXTI2_IRQHandler
                0x08006ab0        0xa build/debug/Src/stm32f1xx_it.o
                0x08006ab0                EXTI2_IRQHandler
 *fill*         0x08006aba        0x2 
 .text.DMA1_Channel1_IRQHandler
                0x08006abc       0x10 build/debug/Src/stm32f1xx_it.o
                0x08006abc                DMA1_Channel1_IRQHandler
 .text.USB_LP_CAN1_RX0_IRQHandler
                0x08006acc       0x10 build/debug/Src/stm32f1xx_it.o
                0x08006acc                USB_LP_CAN1_RX0_IRQHandler
 .text.TIM2_IRQHandler
                0x08006adc       0x10 build/debug/Src/stm32f1xx_it.o
                0x08006adc                TIM2_IRQHandler
 .text._sbrk    0x08006aec       0x48 build/debug/Src/sysmem.o
                0x08006aec                _sbrk
 .text.SystemInit
                0x08006b34        0x2 build/debug/Src/system_stm32f1xx.o
                0x08006b34                SystemInit
 *fill*         0x08006b36        0x2 
 .text.MX_TIM2_Init
                0x08006b38       0x70 build/debug/Src/tim.o
                0x08006b38                MX_TIM2_Init
 .text.HAL_TIM_Base_MspInit
                0x08006ba8       0x60 build/debug/Src/tim.o
                0x08006ba8                HAL_TIM_Base_MspInit
 .text.HAL_TIM_MspPostInit
                0x08006c08       0x78 build/debug/Src/tim.o
                0x08006c08                HAL_TIM_MspPostInit
 .text.MX_TIM1_Init
                0x08006c80      0x110 build/debug/Src/tim.o
                0x08006c80                MX_TIM1_Init
 .text.MX_USB_DEVICE_Init
                0x08006d90       0x54 build/debug/Src/usb_device.o
                0x08006d90                MX_USB_DEVICE_Init
 .text.CDC_DeInit_FS
                0x08006de4        0x4 build/debug/Src/usbd_cdc_if.o
 .text.CDC_Control_FS
                0x08006de8        0x4 build/debug/Src/usbd_cdc_if.o
 .text.CDC_Receive_FS
                0x08006dec       0x1c build/debug/Src/usbd_cdc_if.o
 .text.CDC_Init_FS
                0x08006e08       0x28 build/debug/Src/usbd_cdc_if.o
 .text.CDC_Transmit_FS
                0x08006e30       0x2c build/debug/Src/usbd_cdc_if.o
                0x08006e30                CDC_Transmit_FS
 .text.USBD_Get_USB_Status
                0x08006e5c       0x14 build/debug/Src/usbd_conf.o
 .text.HAL_PCD_MspInit
                0x08006e70       0x40 build/debug/Src/usbd_conf.o
                0x08006e70                HAL_PCD_MspInit
 .text.HAL_PCD_SetupStageCallback
                0x08006eb0       0x10 build/debug/Src/usbd_conf.o
                0x08006eb0                HAL_PCD_SetupStageCallback
 .text.HAL_PCD_DataOutStageCallback
                0x08006ec0       0x18 build/debug/Src/usbd_conf.o
                0x08006ec0                HAL_PCD_DataOutStageCallback
 .text.HAL_PCD_DataInStageCallback
                0x08006ed8       0x16 build/debug/Src/usbd_conf.o
                0x08006ed8                HAL_PCD_DataInStageCallback
 .text.HAL_PCD_SOFCallback
                0x08006eee        0xc build/debug/Src/usbd_conf.o
                0x08006eee                HAL_PCD_SOFCallback
 .text.HAL_PCD_ResetCallback
                0x08006efa       0x24 build/debug/Src/usbd_conf.o
                0x08006efa                HAL_PCD_ResetCallback
 *fill*         0x08006f1e        0x2 
 .text.HAL_PCD_SuspendCallback
                0x08006f20       0x20 build/debug/Src/usbd_conf.o
                0x08006f20                HAL_PCD_SuspendCallback
 .text.HAL_PCD_ResumeCallback
                0x08006f40        0xc build/debug/Src/usbd_conf.o
                0x08006f40                HAL_PCD_ResumeCallback
 .text.USBD_LL_Init
                0x08006f4c       0x84 build/debug/Src/usbd_conf.o
                0x08006f4c                USBD_LL_Init
 .text.USBD_LL_Start
                0x08006fd0       0x10 build/debug/Src/usbd_conf.o
                0x08006fd0                USBD_LL_Start
 .text.USBD_LL_OpenEP
                0x08006fe0       0x16 build/debug/Src/usbd_conf.o
                0x08006fe0                USBD_LL_OpenEP
 .text.USBD_LL_CloseEP
                0x08006ff6       0x10 build/debug/Src/usbd_conf.o
                0x08006ff6                USBD_LL_CloseEP
 .text.USBD_LL_StallEP
                0x08007006       0x10 build/debug/Src/usbd_conf.o
                0x08007006                USBD_LL_StallEP
 .text.USBD_LL_ClearStallEP
                0x08007016       0x10 build/debug/Src/usbd_conf.o
                0x08007016                USBD_LL_ClearStallEP
 .text.USBD_LL_IsStallEP
                0x08007026       0x2c build/debug/Src/usbd_conf.o
                0x08007026                USBD_LL_IsStallEP
 .text.USBD_LL_SetUSBAddress
                0x08007052       0x10 build/debug/Src/usbd_conf.o
                0x08007052                USBD_LL_SetUSBAddress
 .text.USBD_LL_Transmit
                0x08007062       0x10 build/debug/Src/usbd_conf.o
                0x08007062                USBD_LL_Transmit
 .text.USBD_LL_PrepareReceive
                0x08007072       0x10 build/debug/Src/usbd_conf.o
                0x08007072                USBD_LL_PrepareReceive
 .text.USBD_LL_GetRxDataSize
                0x08007082        0xc build/debug/Src/usbd_conf.o
                0x08007082                USBD_LL_GetRxDataSize
 *fill*         0x0800708e        0x2 
 .text.USBD_static_malloc
                0x08007090        0x8 build/debug/Src/usbd_conf.o
                0x08007090                USBD_static_malloc
 .text.USBD_static_free
                0x08007098        0x2 build/debug/Src/usbd_conf.o
                0x08007098                USBD_static_free
 .text.HAL_PCDEx_SetConnectionState
                0x0800709a        0x2 build/debug/Src/usbd_conf.o
                0x0800709a                HAL_PCDEx_SetConnectionState
 .text.USBD_FS_DeviceDescriptor
                0x0800709c        0xc build/debug/Src/usbd_desc.o
                0x0800709c                USBD_FS_DeviceDescriptor
 .text.USBD_FS_LangIDStrDescriptor
                0x080070a8        0xc build/debug/Src/usbd_desc.o
                0x080070a8                USBD_FS_LangIDStrDescriptor
 .text.IntToUnicode
                0x080070b4       0x46 build/debug/Src/usbd_desc.o
 *fill*         0x080070fa        0x2 
 .text.Get_SerialNum
                0x080070fc       0x38 build/debug/Src/usbd_desc.o
 .text.USBD_FS_SerialStrDescriptor
                0x08007134       0x14 build/debug/Src/usbd_desc.o
                0x08007134                USBD_FS_SerialStrDescriptor
 .text.USBD_FS_ProductStrDescriptor
                0x08007148       0x24 build/debug/Src/usbd_desc.o
                0x08007148                USBD_FS_ProductStrDescriptor
 .text.USBD_FS_ManufacturerStrDescriptor
                0x0800716c       0x1c build/debug/Src/usbd_desc.o
                0x0800716c                USBD_FS_ManufacturerStrDescriptor
 .text.USBD_FS_ConfigStrDescriptor
                0x08007188       0x24 build/debug/Src/usbd_desc.o
                0x08007188                USBD_FS_ConfigStrDescriptor
 .text.USBD_FS_InterfaceStrDescriptor
                0x080071ac       0x24 build/debug/Src/usbd_desc.o
                0x080071ac                USBD_FS_InterfaceStrDescriptor
 .text.Reset_Handler
                0x080071d0       0x48 build/debug/startup_stm32f103xb.o
                0x080071d0                Reset_Handler
 .text.Default_Handler
                0x08007218        0x2 build/debug/startup_stm32f103xb.o
                0x08007218                RTC_Alarm_IRQHandler
                0x08007218                TIM1_CC_IRQHandler
                0x08007218                PVD_IRQHandler
                0x08007218                EXTI3_IRQHandler
                0x08007218                I2C2_EV_IRQHandler
                0x08007218                ADC1_2_IRQHandler
                0x08007218                SPI1_IRQHandler
                0x08007218                TAMPER_IRQHandler
                0x08007218                DMA1_Channel4_IRQHandler
                0x08007218                USART3_IRQHandler
                0x08007218                RTC_IRQHandler
                0x08007218                DMA1_Channel7_IRQHandler
                0x08007218                CAN1_RX1_IRQHandler
                0x08007218                TIM4_IRQHandler
                0x08007218                I2C1_EV_IRQHandler
                0x08007218                DMA1_Channel6_IRQHandler
                0x08007218                TIM3_IRQHandler
                0x08007218                RCC_IRQHandler
                0x08007218                TIM1_TRG_COM_IRQHandler
                0x08007218                Default_Handler
                0x08007218                EXTI15_10_IRQHandler
                0x08007218                EXTI9_5_IRQHandler
                0x08007218                SPI2_IRQHandler
                0x08007218                DMA1_Channel5_IRQHandler
                0x08007218                EXTI4_IRQHandler
                0x08007218                USB_HP_CAN1_TX_IRQHandler
                0x08007218                DMA1_Channel3_IRQHandler
                0x08007218                TIM1_UP_IRQHandler
                0x08007218                WWDG_IRQHandler
                0x08007218                TIM1_BRK_IRQHandler
                0x08007218                USART2_IRQHandler
                0x08007218                I2C2_ER_IRQHandler
                0x08007218                DMA1_Channel2_IRQHandler
                0x08007218                CAN1_SCE_IRQHandler
                0x08007218                FLASH_IRQHandler
                0x08007218                USART1_IRQHandler
                0x08007218                I2C1_ER_IRQHandler
                0x08007218                USBWakeUp_IRQHandler
 *(.glue_7)
 .glue_7        0x0800721a        0x0 linker stubs
 *(.glue_7t)
 .glue_7t       0x0800721a        0x0 linker stubs
 *(.eh_frame)
 *fill*         0x0800721a        0x2 
 .eh_frame      0x0800721c        0x0 /usr/lib/gcc/arm-none-eabi/13.3.1/thumb/v7-m/nofp/crtbegin.o
 *(.init)
 .init          0x0800721c        0x4 /usr/lib/gcc/arm-none-eabi/13.3.1/thumb/v7-m/nofp/crti.o
                0x0800721c                _init
 .init          0x08007220        0x8 /usr/lib/gcc/arm-none-eabi/13.3.1/thumb/v7-m/nofp/crtn.o
 *(.fini)
 .fini          0x08007228        0x4 /usr/lib/gcc/arm-none-eabi/13.3.1/thumb/v7-m/nofp/crti.o
                0x08007228                _fini
 .fini          0x0800722c        0x8 /usr/lib/gcc/arm-none-eabi/13.3.1/thumb/v7-m/nofp/crtn.o
                0x08007234                        . = ALIGN (0x4)
                0x08007234                        _etext = .

.vfp11_veneer   0x08007234        0x0
 .vfp11_veneer  0x08007234        0x0 linker stubs

.v4_bx          0x08007234        0x0
 .v4_bx         0x08007234        0x0 linker stubs

.iplt           0x08007234        0x0
 .iplt          0x08007234        0x0 /usr/lib/gcc/arm-none-eabi/13.3.1/thumb/v7-m/nofp/crtbegin.o

.rodata         0x08007234       0xd0
                0x08007234                        . = ALIGN (0x4)
 *(.rodata)
 *(.rodata*)
 .rodata.aPredivFactorTable.0
                0x08007234        0x2 build/debug/Drivers/STM32F1xx_HAL_Driver/Src/stm32f1xx_hal_rcc.o
 *fill*         0x08007236        0x2 
 .rodata.aPLLMULFactorTable.1
                0x08007238       0x10 build/debug/Drivers/STM32F1xx_HAL_Driver/Src/stm32f1xx_hal_rcc.o
 .rodata.log_variable.str1.4
                0x08007248       0xa9 build/debug/Src/Zeugma_c/debug_monitor.o
                                  0x7 (size before relaxing)
 .rodata.main.str1.4
                0x080072f1       0x32 build/debug/Src/main.o
 *fill*         0x080072f1        0x3 
 .rodata.AHBPrescTable
                0x080072f4       0x10 build/debug/Src/system_stm32f1xx.o
                0x080072f4                AHBPrescTable
 .rodata.USBD_FS_ProductStrDescriptor.str1.4
                0x08007304        0xd build/debug/Src/usbd_desc.o
 .rodata.USBD_FS_ManufacturerStrDescriptor.str1.4
                0x08007304        0x7 build/debug/Src/usbd_desc.o
 .rodata.USBD_FS_ConfigStrDescriptor.str1.4
                0x08007304        0xb build/debug/Src/usbd_desc.o
 .rodata.USBD_FS_InterfaceStrDescriptor.str1.4
                0x08007304        0xe build/debug/Src/usbd_desc.o
 .rodata.str1.4
                0x08007304       0x13 /usr/lib/gcc/arm-none-eabi/13.3.1/../../../arm-none-eabi/lib/thumb/v7-m/nofp/libc_nano.a(libc_a-nano-svfprintf.o)
 .rodata.str1.4
                0x08007304       0x25 /usr/lib/gcc/arm-none-eabi/13.3.1/../../../arm-none-eabi/lib/thumb/v7-m/nofp/libc_nano.a(libc_a-nano-vfprintf_i.o)
                0x0800732c                        . = ALIGN (0x4)

.ARM.extab
 *(.ARM.extab* .gnu.linkonce.armextab.*)

.ARM            0x08007304        0x8
                0x08007304                        __exidx_start = .
 *(.ARM.exidx*)
 .ARM.exidx     0x08007304        0x8 /usr/lib/gcc/arm-none-eabi/13.3.1/../../../arm-none-eabi/lib/thumb/v7-m/nofp/libc_nano.a(libc_a-memcpy.o)
                0x0800730c                        __exidx_end = .

.rel.dyn        0x0800730c        0x0
 .rel.iplt      0x0800730c        0x0 /usr/lib/gcc/arm-none-eabi/13.3.1/thumb/v7-m/nofp/crtbegin.o

.preinit_array  0x0800730c        0x0
                0x0800730c                        PROVIDE (__preinit_array_start = .)
 *(.preinit_array*)
                0x0800730c                        PROVIDE (__preinit_array_end = .)

.init_array     0x0800730c        0x4
                0x0800730c                        PROVIDE (__init_array_start = .)
 *(SORT_BY_NAME(.init_array.*))
 *(.init_array*)
 .init_array    0x0800730c        0x4 /usr/lib/gcc/arm-none-eabi/13.3.1/thumb/v7-m/nofp/crtbegin.o
                0x08007310                        PROVIDE (__init_array_end = .)

.fini_array     0x08007310        0x4
                0x08007310                        PROVIDE (__fini_array_start = .)
 *(SORT_BY_NAME(.fini_array.*))
 *(.fini_array*)
 .fini_array    0x08007310        0x4 /usr/lib/gcc/arm-none-eabi/13.3.1/thumb/v7-m/nofp/crtbegin.o
                0x08007314                        PROVIDE (__fini_array_end = .)
                0x08007314                        _sidata = LOADADDR (.data)

.data           0x20000000      0x1d8 load address 0x08007314
                0x20000000                        . = ALIGN (0x4)
                0x20000000                        _sdata = .
 *(.data)
 .data          0x20000000       0x50 /usr/lib/gcc/arm-none-eabi/13.3.1/../../../arm-none-eabi/lib/thumb/v7-m/nofp/libc_nano.a(libc_a-impure.o)
                0x20000000                _impure_ptr
                0x20000004                _impure_data
 *(.data*)
 .data.uwTickFreq
                0x20000050        0x1 build/debug/Drivers/STM32F1xx_HAL_Driver/Src/stm32f1xx_hal.o
                0x20000050                uwTickFreq
 *fill*         0x20000051        0x3 
 .data.uwTickPrio
                0x20000054        0x4 build/debug/Drivers/STM32F1xx_HAL_Driver/Src/stm32f1xx_hal.o
                0x20000054                uwTickPrio
 .data.USBD_CDC_OtherSpeedCfgDesc
                0x20000058       0x43 build/debug/Middlewares/ST/STM32_USB_Device_Library/Class/CDC/Src/usbd_cdc.o
                0x20000058                USBD_CDC_OtherSpeedCfgDesc
 *fill*         0x2000009b        0x1 
 .data.USBD_CDC_CfgFSDesc
                0x2000009c       0x43 build/debug/Middlewares/ST/STM32_USB_Device_Library/Class/CDC/Src/usbd_cdc.o
                0x2000009c                USBD_CDC_CfgFSDesc
 *fill*         0x200000df        0x1 
 .data.USBD_CDC_CfgHSDesc
                0x200000e0       0x43 build/debug/Middlewares/ST/STM32_USB_Device_Library/Class/CDC/Src/usbd_cdc.o
                0x200000e0                USBD_CDC_CfgHSDesc
 *fill*         0x20000123        0x1 
 .data.USBD_CDC
                0x20000124       0x38 build/debug/Middlewares/ST/STM32_USB_Device_Library/Class/CDC/Src/usbd_cdc.o
                0x20000124                USBD_CDC
 .data.USBD_CDC_DeviceQualifierDesc
                0x2000015c        0xa build/debug/Middlewares/ST/STM32_USB_Device_Library/Class/CDC/Src/usbd_cdc.o
 .data.minCurrent
                0x20000166        0x2 build/debug/Src/main.o
                0x20000166                minCurrent
 .data.difference_two_coummutation_time
                0x20000168        0x4 build/debug/Src/main.o
                0x20000168                difference_two_coummutation_time
 .data.firstStepDelay
                0x2000016c        0x2 build/debug/Src/main.o
                0x2000016c                firstStepDelay
 .data.min_pwm_limit
                0x2000016e        0x2 build/debug/Src/main.o
                0x2000016e                min_pwm_limit
 .data.geri_vites
                0x20000170        0x1 build/debug/Src/main.o
                0x20000170                geri_vites
 .data.flagg    0x20000171        0x1 build/debug/Src/main.o
                0x20000171                flagg
 .data.first_step_flag
                0x20000172        0x1 build/debug/Src/main.o
                0x20000172                first_step_flag
 .data.mode     0x20000173        0x1 build/debug/Src/main.o
                0x20000173                mode
 .data.SystemCoreClock
                0x20000174        0x4 build/debug/Src/system_stm32f1xx.o
                0x20000174                SystemCoreClock
 .data.USBD_Interface_fops_FS
                0x20000178       0x10 build/debug/Src/usbd_cdc_if.o
                0x20000178                USBD_Interface_fops_FS
 .data.USBD_StringSerial
                0x20000188       0x1a build/debug/Src/usbd_desc.o
                0x20000188                USBD_StringSerial
 *fill*         0x200001a2        0x2 
 .data.USBD_LangIDDesc
                0x200001a4        0x4 build/debug/Src/usbd_desc.o
                0x200001a4                USBD_LangIDDesc
 .data.USBD_FS_DeviceDesc
                0x200001a8       0x12 build/debug/Src/usbd_desc.o
                0x200001a8                USBD_FS_DeviceDesc
 *fill*         0x200001ba        0x2 
 .data.FS_Desc  0x200001bc       0x1c build/debug/Src/usbd_desc.o
                0x200001bc                FS_Desc
                0x200001d8                        . = ALIGN (0x4)
                0x200001d8                        _edata = .

.tm_clone_table
                0x200001d8        0x0 load address 0x080074ec
 .tm_clone_table
                0x200001d8        0x0 /usr/lib/gcc/arm-none-eabi/13.3.1/thumb/v7-m/nofp/crtbegin.o
 .tm_clone_table
                0x200001d8        0x0 /usr/lib/gcc/arm-none-eabi/13.3.1/thumb/v7-m/nofp/crtend.o

.igot.plt       0x200001d8        0x0 load address 0x080074ec
 .igot.plt      0x200001d8        0x0 /usr/lib/gcc/arm-none-eabi/13.3.1/thumb/v7-m/nofp/crtbegin.o
                0x200001d8                        . = ALIGN (0x4)

.bss            0x200001d8     0x16e8 load address 0x080074ec
                0x200001d8                        _sbss = .
                0x200001d8                        __bss_start__ = _sbss
 *(.bss)
 .bss           0x200001d8       0x1c /usr/lib/gcc/arm-none-eabi/13.3.1/thumb/v7-m/nofp/crtbegin.o
 .bss           0x200001f4      0x13c /usr/lib/gcc/arm-none-eabi/13.3.1/../../../arm-none-eabi/lib/thumb/v7-m/nofp/libc_nano.a(libc_a-findfp.o)
                0x200001f4                __sf
                0x2000032c                __stdio_exit_handler
 .bss           0x20000330        0x8 /usr/lib/gcc/arm-none-eabi/13.3.1/../../../arm-none-eabi/lib/thumb/v7-m/nofp/libc_nano.a(libc_a-mallocr.o)
                0x20000330                __malloc_sbrk_start
                0x20000334                __malloc_free_list
 .bss           0x20000338        0x4 /usr/lib/gcc/arm-none-eabi/13.3.1/../../../arm-none-eabi/lib/thumb/v7-m/nofp/libc_nano.a(libc_a-reent.o)
                0x20000338                errno
 *(.bss*)
 .bss.uwTick    0x2000033c        0x4 build/debug/Drivers/STM32F1xx_HAL_Driver/Src/stm32f1xx_hal.o
                0x2000033c                uwTick
 .bss.cfgidx.0  0x20000340        0x1 build/debug/Middlewares/ST/STM32_USB_Device_Library/Core/Src/usbd_ctlreq.o
 *fill*         0x20000341        0x3 
 .bss.log_length
                0x20000344        0x4 build/debug/Src/Zeugma_c/debug_monitor.o
                0x20000344                log_length
 .bss.log_buffer
                0x20000348      0x200 build/debug/Src/Zeugma_c/debug_monitor.o
                0x20000348                log_buffer
 .bss.step_counter
                0x20000548        0x1 build/debug/Src/Zeugma_c/first_step.o
                0x20000548                step_counter
 .bss.commutation_step
                0x20000549        0x1 build/debug/Src/Zeugma_c/first_step.o
                0x20000549                commutation_step
 .bss.filtered_rpm
                0x2000054a        0x2 build/debug/Src/Zeugma_c/rpm.o
                0x2000054a                filtered_rpm
 .bss.first_filterless_count
                0x2000054c        0x1 build/debug/Src/Zeugma_c/rpm.o
                0x2000054c                first_filterless_count
 .bss.array_index
                0x2000054d        0x1 build/debug/Src/Zeugma_c/rpm.o
                0x2000054d                array_index
 *fill*         0x2000054e        0x2 
 .bss.rpm_sampling_array
                0x20000550       0x18 build/debug/Src/Zeugma_c/rpm.o
                0x20000550                rpm_sampling_array
 .bss.hdma_adc1
                0x20000568       0x44 build/debug/Src/adc.o
                0x20000568                hdma_adc1
 .bss.hadc1     0x200005ac       0x30 build/debug/Src/adc.o
                0x200005ac                hadc1
 .bss.dizi.0    0x200005dc       0x50 build/debug/Src/main.o
 .bss.dizi_index.1
                0x2000062c        0x2 build/debug/Src/main.o
 .bss.average   0x2000062e        0x2 build/debug/Src/main.o
                0x2000062e                average
 .bss.temporary_current_value
                0x20000630        0x2 build/debug/Src/main.o
                0x20000630                temporary_current_value
 .bss.maxCurrent
                0x20000632        0x2 build/debug/Src/main.o
                0x20000632                maxCurrent
 .bss.previousTime3
                0x20000634        0x4 build/debug/Src/main.o
                0x20000634                previousTime3
 .bss.rpm       0x20000638        0x4 build/debug/Src/main.o
                0x20000638                rpm
 .bss.timeForRotorStopStatusMsFlag
                0x2000063c        0x4 build/debug/Src/main.o
                0x2000063c                timeForRotorStopStatusMsFlag
 .bss.timeForRotorStopStatusMs
                0x20000640        0x4 build/debug/Src/main.o
                0x20000640                timeForRotorStopStatusMs
 .bss.oncekiDegerler
                0x20000644        0x3 build/debug/Src/main.o
                0x20000644                oncekiDegerler
 *fill*         0x20000647        0x1 
 .bss.previousTime2
                0x20000648        0x4 build/debug/Src/main.o
                0x20000648                previousTime2
 .bss.pedal_value_mapped
                0x2000064c        0x4 build/debug/Src/main.o
                0x2000064c                pedal_value_mapped
 .bss.pwm_value
                0x20000650        0x4 build/debug/Src/main.o
                0x20000650                pwm_value
 .bss.step      0x20000654        0x4 build/debug/Src/main.o
                0x20000654                step
 .bss.hall_C    0x20000658        0x1 build/debug/Src/main.o
                0x20000658                hall_C
 .bss.hall_B    0x20000659        0x1 build/debug/Src/main.o
                0x20000659                hall_B
 .bss.hall_A    0x2000065a        0x1 build/debug/Src/main.o
                0x2000065a                hall_A
 .bss.run_status
                0x2000065b        0x1 build/debug/Src/main.o
                0x2000065b                run_status
 .bss.filtered_current
                0x2000065c        0x2 build/debug/Src/main.o
                0x2000065c                filtered_current
 .bss.currentValue
                0x2000065e        0x2 build/debug/Src/main.o
                0x2000065e                currentValue
 .bss.speedInAdc
                0x20000660        0x2 build/debug/Src/main.o
                0x20000660                speedInAdc
 *fill*         0x20000662        0x2 
 .bss.adcbuffer
                0x20000664        0x8 build/debug/Src/main.o
                0x20000664                adcbuffer
 .bss.oldValue  0x2000066c        0x3 build/debug/Src/main.o
                0x2000066c                oldValue
 *fill*         0x2000066f        0x1 
 .bss.__sbrk_heap_end
                0x20000670        0x4 build/debug/Src/sysmem.o
 .bss.htim2     0x20000674       0x48 build/debug/Src/tim.o
                0x20000674                htim2
 .bss.htim1     0x200006bc       0x48 build/debug/Src/tim.o
                0x200006bc                htim1
 .bss.hUsbDeviceFS
                0x20000704      0x2c4 build/debug/Src/usb_device.o
                0x20000704                hUsbDeviceFS
 .bss.UserTxBufferFS
                0x200009c8      0x400 build/debug/Src/usbd_cdc_if.o
                0x200009c8                UserTxBufferFS
 .bss.UserRxBufferFS
                0x20000dc8      0x400 build/debug/Src/usbd_cdc_if.o
                0x20000dc8                UserRxBufferFS
 .bss.mem.0     0x200011c8      0x220 build/debug/Src/usbd_conf.o
 .bss.hpcd_USB_FS
                0x200013e8      0x2d8 build/debug/Src/usbd_conf.o
                0x200013e8                hpcd_USB_FS
 .bss.USBD_StrDesc
                0x200016c0      0x200 build/debug/Src/usbd_desc.o
                0x200016c0                USBD_StrDesc
 *(COMMON)
                0x200018c0                        . = ALIGN (0x4)
                0x200018c0                        _ebss = .
                0x200018c0                        __bss_end__ = _ebss

._user_heap_stack
                0x200018c0      0x600 load address 0x080074ec
                0x200018c0                        . = ALIGN (0x8)
                [!provide]                        PROVIDE (end = .)
                0x200018c0                        PROVIDE (_end = .)
                0x20001ac0                        . = (. + _Min_Heap_Size)
 *fill*         0x200018c0      0x200 
                0x20001ec0                        . = (. + _Min_Stack_Size)
 *fill*         0x20001ac0      0x400 
                0x20001ec0                        . = ALIGN (0x8)

/DISCARD/
 libc.a(*)
 libm.a(*)
 libgcc.a(*)

.ARM.attributes
                0x00000000       0x29
 *(.ARM.attributes)
 .ARM.attributes
                0x00000000       0x1d /usr/lib/gcc/arm-none-eabi/13.3.1/thumb/v7-m/nofp/crti.o
 .ARM.attributes
                0x0000001d       0x2d /usr/lib/gcc/arm-none-eabi/13.3.1/thumb/v7-m/nofp/crtbegin.o
 .ARM.attributes
                0x0000004a       0x2d build/debug/Drivers/STM32F1xx_HAL_Driver/Src/stm32f1xx_hal.o
 .ARM.attributes
                0x00000077       0x2d build/debug/Drivers/STM32F1xx_HAL_Driver/Src/stm32f1xx_hal_adc.o
 .ARM.attributes
                0x000000a4       0x2d build/debug/Drivers/STM32F1xx_HAL_Driver/Src/stm32f1xx_hal_cortex.o
 .ARM.attributes
                0x000000d1       0x2d build/debug/Drivers/STM32F1xx_HAL_Driver/Src/stm32f1xx_hal_dma.o
 .ARM.attributes
                0x000000fe       0x2d build/debug/Drivers/STM32F1xx_HAL_Driver/Src/stm32f1xx_hal_gpio.o
 .ARM.attributes
                0x0000012b       0x2d build/debug/Drivers/STM32F1xx_HAL_Driver/Src/stm32f1xx_hal_pcd.o
 .ARM.attributes
                0x00000158       0x2d build/debug/Drivers/STM32F1xx_HAL_Driver/Src/stm32f1xx_hal_pcd_ex.o
 .ARM.attributes
                0x00000185       0x2d build/debug/Drivers/STM32F1xx_HAL_Driver/Src/stm32f1xx_hal_rcc.o
 .ARM.attributes
                0x000001b2       0x2d build/debug/Drivers/STM32F1xx_HAL_Driver/Src/stm32f1xx_hal_rcc_ex.o
 .ARM.attributes
                0x000001df       0x2d build/debug/Drivers/STM32F1xx_HAL_Driver/Src/stm32f1xx_hal_tim.o
 .ARM.attributes
                0x0000020c       0x2d build/debug/Drivers/STM32F1xx_HAL_Driver/Src/stm32f1xx_hal_tim_ex.o
 .ARM.attributes
                0x00000239       0x2d build/debug/Drivers/STM32F1xx_HAL_Driver/Src/stm32f1xx_ll_usb.o
 .ARM.attributes
                0x00000266       0x2d build/debug/Middlewares/ST/STM32_USB_Device_Library/Class/CDC/Src/usbd_cdc.o
 .ARM.attributes
                0x00000293       0x2d build/debug/Middlewares/ST/STM32_USB_Device_Library/Core/Src/usbd_core.o
 .ARM.attributes
                0x000002c0       0x2d build/debug/Middlewares/ST/STM32_USB_Device_Library/Core/Src/usbd_ctlreq.o
 .ARM.attributes
                0x000002ed       0x2d build/debug/Middlewares/ST/STM32_USB_Device_Library/Core/Src/usbd_ioreq.o
 .ARM.attributes
                0x0000031a       0x2d build/debug/Src/Zeugma_c/debug_monitor.o
 .ARM.attributes
                0x00000347       0x2d build/debug/Src/Zeugma_c/first_step.o
 .ARM.attributes
                0x00000374       0x2d build/debug/Src/Zeugma_c/gpio_interrupt.o
 .ARM.attributes
                0x000003a1       0x2d build/debug/Src/Zeugma_c/old_value_hall.o
 .ARM.attributes
                0x000003ce       0x2d build/debug/Src/Zeugma_c/rpm.o
 .ARM.attributes
                0x000003fb       0x2d build/debug/Src/Zeugma_c/steps.o
 .ARM.attributes
                0x00000428       0x2d build/debug/Src/adc.o
 .ARM.attributes
                0x00000455       0x2d build/debug/Src/dma.o
 .ARM.attributes
                0x00000482       0x2d build/debug/Src/gpio.o
 .ARM.attributes
                0x000004af       0x2d build/debug/Src/main.o
 .ARM.attributes
                0x000004dc       0x2d build/debug/Src/stm32f1xx_hal_msp.o
 .ARM.attributes
                0x00000509       0x2d build/debug/Src/stm32f1xx_it.o
 .ARM.attributes
                0x00000536       0x2d build/debug/Src/sysmem.o
 .ARM.attributes
                0x00000563       0x2d build/debug/Src/system_stm32f1xx.o
 .ARM.attributes
                0x00000590       0x2d build/debug/Src/tim.o
 .ARM.attributes
                0x000005bd       0x2d build/debug/Src/usb_device.o
 .ARM.attributes
                0x000005ea       0x2d build/debug/Src/usbd_cdc_if.o
 .ARM.attributes
                0x00000617       0x2d build/debug/Src/usbd_conf.o
 .ARM.attributes
                0x00000644       0x2d build/debug/Src/usbd_desc.o
 .ARM.attributes
                0x00000671       0x21 build/debug/startup_stm32f103xb.o
 .ARM.attributes
                0x00000692       0x2d /usr/lib/gcc/arm-none-eabi/13.3.1/../../../arm-none-eabi/lib/thumb/v7-m/nofp/libc_nano.a(libc_a-init.o)
 .ARM.attributes
                0x000006bf       0x2d /usr/lib/gcc/arm-none-eabi/13.3.1/../../../arm-none-eabi/lib/thumb/v7-m/nofp/libc_nano.a(libc_a-memset.o)
 .ARM.attributes
                0x000006ec       0x2d /usr/lib/gcc/arm-none-eabi/13.3.1/../../../arm-none-eabi/lib/thumb/v7-m/nofp/libc_nano.a(libc_a-errno.o)
 .ARM.attributes
                0x00000719       0x2d /usr/lib/gcc/arm-none-eabi/13.3.1/../../../arm-none-eabi/lib/thumb/v7-m/nofp/libc_nano.a(libc_a-snprintf.o)
 .ARM.attributes
                0x00000746       0x2d /usr/lib/gcc/arm-none-eabi/13.3.1/../../../arm-none-eabi/lib/thumb/v7-m/nofp/libc_nano.a(libc_a-impure.o)
 .ARM.attributes
                0x00000773       0x2d /usr/lib/gcc/arm-none-eabi/13.3.1/../../../arm-none-eabi/lib/thumb/v7-m/nofp/libc_nano.a(libc_a-nano-svfprintf.o)
 .ARM.attributes
                0x000007a0       0x2d /usr/lib/gcc/arm-none-eabi/13.3.1/../../../arm-none-eabi/lib/thumb/v7-m/nofp/libc_nano.a(libc_a-findfp.o)
 .ARM.attributes
                0x000007cd       0x2d /usr/lib/gcc/arm-none-eabi/13.3.1/../../../arm-none-eabi/lib/thumb/v7-m/nofp/libc_nano.a(libc_a-mallocr.o)
 .ARM.attributes
                0x000007fa       0x2d /usr/lib/gcc/arm-none-eabi/13.3.1/../../../arm-none-eabi/lib/thumb/v7-m/nofp/libc_nano.a(libc_a-freer.o)
 .ARM.attributes
                0x00000827       0x2d /usr/lib/gcc/arm-none-eabi/13.3.1/../../../arm-none-eabi/lib/thumb/v7-m/nofp/libc_nano.a(libc_a-memmove.o)
 .ARM.attributes
                0x00000854       0x1b /usr/lib/gcc/arm-none-eabi/13.3.1/../../../arm-none-eabi/lib/thumb/v7-m/nofp/libc_nano.a(libc_a-memcpy.o)
 .ARM.attributes
                0x0000086f       0x2d /usr/lib/gcc/arm-none-eabi/13.3.1/../../../arm-none-eabi/lib/thumb/v7-m/nofp/libc_nano.a(libc_a-reallocr.o)
 .ARM.attributes
                0x0000089c       0x2d /usr/lib/gcc/arm-none-eabi/13.3.1/../../../arm-none-eabi/lib/thumb/v7-m/nofp/libc_nano.a(libc_a-nano-vfprintf_i.o)
 .ARM.attributes
                0x000008c9       0x2d /usr/lib/gcc/arm-none-eabi/13.3.1/../../../arm-none-eabi/lib/thumb/v7-m/nofp/libc_nano.a(libc_a-mlock.o)
 .ARM.attributes
                0x000008f6       0x2d /usr/lib/gcc/arm-none-eabi/13.3.1/../../../arm-none-eabi/lib/thumb/v7-m/nofp/libc_nano.a(libc_a-memchr-stub.o)
 .ARM.attributes
                0x00000923       0x2d /usr/lib/gcc/arm-none-eabi/13.3.1/../../../arm-none-eabi/lib/thumb/v7-m/nofp/libc_nano.a(libc_a-sbrkr.o)
 .ARM.attributes
                0x00000950       0x2d /usr/lib/gcc/arm-none-eabi/13.3.1/../../../arm-none-eabi/lib/thumb/v7-m/nofp/libc_nano.a(libc_a-msizer.o)
 .ARM.attributes
                0x0000097d       0x2d /usr/lib/gcc/arm-none-eabi/13.3.1/../../../arm-none-eabi/lib/thumb/v7-m/nofp/libc_nano.a(libc_a-reent.o)
 .ARM.attributes
                0x000009aa       0x2d /usr/lib/gcc/arm-none-eabi/13.3.1/thumb/v7-m/nofp/crtend.o
 .ARM.attributes
                0x000009d7       0x1d /usr/lib/gcc/arm-none-eabi/13.3.1/thumb/v7-m/nofp/crtn.o
OUTPUT(build/MotorSurucuC8T6.elf elf32-littlearm)
LOAD linker stubs
LOAD /usr/lib/gcc/arm-none-eabi/13.3.1/../../../arm-none-eabi/lib/thumb/v7-m/nofp/libc.a
LOAD /usr/lib/gcc/arm-none-eabi/13.3.1/../../../arm-none-eabi/lib/thumb/v7-m/nofp/libm.a
LOAD /usr/lib/gcc/arm-none-eabi/13.3.1/thumb/v7-m/nofp/libgcc.a

.comment        0x00000000       0x4c
 .comment       0x00000000       0x4c /usr/lib/gcc/arm-none-eabi/13.3.1/thumb/v7-m/nofp/crtbegin.o
                                 0x27 (size before relaxing)
 .comment       0x0000004c       0x27 build/debug/Drivers/STM32F1xx_HAL_Driver/Src/stm32f1xx_hal.o
 .comment       0x0000004c       0x27 build/debug/Drivers/STM32F1xx_HAL_Driver/Src/stm32f1xx_hal_adc.o
 .comment       0x0000004c       0x27 build/debug/Drivers/STM32F1xx_HAL_Driver/Src/stm32f1xx_hal_cortex.o
 .comment       0x0000004c       0x27 build/debug/Drivers/STM32F1xx_HAL_Driver/Src/stm32f1xx_hal_dma.o
 .comment       0x0000004c       0x27 build/debug/Drivers/STM32F1xx_HAL_Driver/Src/stm32f1xx_hal_gpio.o
 .comment       0x0000004c       0x27 build/debug/Drivers/STM32F1xx_HAL_Driver/Src/stm32f1xx_hal_pcd.o
 .comment       0x0000004c       0x27 build/debug/Drivers/STM32F1xx_HAL_Driver/Src/stm32f1xx_hal_pcd_ex.o
 .comment       0x0000004c       0x27 build/debug/Drivers/STM32F1xx_HAL_Driver/Src/stm32f1xx_hal_rcc.o
 .comment       0x0000004c       0x27 build/debug/Drivers/STM32F1xx_HAL_Driver/Src/stm32f1xx_hal_rcc_ex.o
 .comment       0x0000004c       0x27 build/debug/Drivers/STM32F1xx_HAL_Driver/Src/stm32f1xx_hal_tim.o
 .comment       0x0000004c       0x27 build/debug/Drivers/STM32F1xx_HAL_Driver/Src/stm32f1xx_hal_tim_ex.o
 .comment       0x0000004c       0x27 build/debug/Drivers/STM32F1xx_HAL_Driver/Src/stm32f1xx_ll_usb.o
 .comment       0x0000004c       0x27 build/debug/Middlewares/ST/STM32_USB_Device_Library/Class/CDC/Src/usbd_cdc.o
 .comment       0x0000004c       0x27 build/debug/Middlewares/ST/STM32_USB_Device_Library/Core/Src/usbd_core.o
 .comment       0x0000004c       0x27 build/debug/Middlewares/ST/STM32_USB_Device_Library/Core/Src/usbd_ctlreq.o
 .comment       0x0000004c       0x27 build/debug/Middlewares/ST/STM32_USB_Device_Library/Core/Src/usbd_ioreq.o
 .comment       0x0000004c       0x27 build/debug/Src/Zeugma_c/debug_monitor.o
 .comment       0x0000004c       0x27 build/debug/Src/Zeugma_c/first_step.o
 .comment       0x0000004c       0x27 build/debug/Src/Zeugma_c/gpio_interrupt.o
 .comment       0x0000004c       0x27 build/debug/Src/Zeugma_c/old_value_hall.o
 .comment       0x0000004c       0x27 build/debug/Src/Zeugma_c/rpm.o
 .comment       0x0000004c       0x27 build/debug/Src/Zeugma_c/steps.o
 .comment       0x0000004c       0x27 build/debug/Src/adc.o
 .comment       0x0000004c       0x27 build/debug/Src/dma.o
 .comment       0x0000004c       0x27 build/debug/Src/gpio.o
 .comment       0x0000004c       0x27 build/debug/Src/main.o
 .comment       0x0000004c       0x27 build/debug/Src/stm32f1xx_hal_msp.o
 .comment       0x0000004c       0x27 build/debug/Src/stm32f1xx_it.o
 .comment       0x0000004c       0x27 build/debug/Src/sysmem.o
 .comment       0x0000004c       0x27 build/debug/Src/system_stm32f1xx.o
 .comment       0x0000004c       0x27 build/debug/Src/tim.o
 .comment       0x0000004c       0x27 build/debug/Src/usb_device.o
 .comment       0x0000004c       0x27 build/debug/Src/usbd_cdc_if.o
 .comment       0x0000004c       0x27 build/debug/Src/usbd_conf.o
 .comment       0x0000004c       0x27 build/debug/Src/usbd_desc.o
 .comment       0x0000004c       0x27 /usr/lib/gcc/arm-none-eabi/13.3.1/../../../arm-none-eabi/lib/thumb/v7-m/nofp/libc_nano.a(libc_a-init.o)
 .comment       0x0000004c       0x27 /usr/lib/gcc/arm-none-eabi/13.3.1/../../../arm-none-eabi/lib/thumb/v7-m/nofp/libc_nano.a(libc_a-memset.o)
 .comment       0x0000004c       0x27 /usr/lib/gcc/arm-none-eabi/13.3.1/../../../arm-none-eabi/lib/thumb/v7-m/nofp/libc_nano.a(libc_a-errno.o)
 .comment       0x0000004c       0x27 /usr/lib/gcc/arm-none-eabi/13.3.1/../../../arm-none-eabi/lib/thumb/v7-m/nofp/libc_nano.a(libc_a-snprintf.o)
 .comment       0x0000004c       0x27 /usr/lib/gcc/arm-none-eabi/13.3.1/../../../arm-none-eabi/lib/thumb/v7-m/nofp/libc_nano.a(libc_a-impure.o)
 .comment       0x0000004c       0x27 /usr/lib/gcc/arm-none-eabi/13.3.1/../../../arm-none-eabi/lib/thumb/v7-m/nofp/libc_nano.a(libc_a-nano-svfprintf.o)
 .comment       0x0000004c       0x27 /usr/lib/gcc/arm-none-eabi/13.3.1/../../../arm-none-eabi/lib/thumb/v7-m/nofp/libc_nano.a(libc_a-findfp.o)
 .comment       0x0000004c       0x27 /usr/lib/gcc/arm-none-eabi/13.3.1/../../../arm-none-eabi/lib/thumb/v7-m/nofp/libc_nano.a(libc_a-mallocr.o)
 .comment       0x0000004c       0x27 /usr/lib/gcc/arm-none-eabi/13.3.1/../../../arm-none-eabi/lib/thumb/v7-m/nofp/libc_nano.a(libc_a-freer.o)
 .comment       0x0000004c       0x27 /usr/lib/gcc/arm-none-eabi/13.3.1/../../../arm-none-eabi/lib/thumb/v7-m/nofp/libc_nano.a(libc_a-memmove.o)
 .comment       0x0000004c       0x27 /usr/lib/gcc/arm-none-eabi/13.3.1/../../../arm-none-eabi/lib/thumb/v7-m/nofp/libc_nano.a(libc_a-reallocr.o)
 .comment       0x0000004c       0x27 /usr/lib/gcc/arm-none-eabi/13.3.1/../../../arm-none-eabi/lib/thumb/v7-m/nofp/libc_nano.a(libc_a-nano-vfprintf_i.o)
 .comment       0x0000004c       0x27 /usr/lib/gcc/arm-none-eabi/13.3.1/../../../arm-none-eabi/lib/thumb/v7-m/nofp/libc_nano.a(libc_a-mlock.o)
 .comment       0x0000004c       0x27 /usr/lib/gcc/arm-none-eabi/13.3.1/../../../arm-none-eabi/lib/thumb/v7-m/nofp/libc_nano.a(libc_a-memchr-stub.o)
 .comment       0x0000004c       0x27 /usr/lib/gcc/arm-none-eabi/13.3.1/../../../arm-none-eabi/lib/thumb/v7-m/nofp/libc_nano.a(libc_a-sbrkr.o)
 .comment       0x0000004c       0x27 /usr/lib/gcc/arm-none-eabi/13.3.1/../../../arm-none-eabi/lib/thumb/v7-m/nofp/libc_nano.a(libc_a-msizer.o)
 .comment       0x0000004c       0x27 /usr/lib/gcc/arm-none-eabi/13.3.1/../../../arm-none-eabi/lib/thumb/v7-m/nofp/libc_nano.a(libc_a-reent.o)
 .comment       0x0000004c       0x27 /usr/lib/gcc/arm-none-eabi/13.3.1/thumb/v7-m/nofp/crtend.o

.debug_info     0x00000000    0x224fa
 .debug_info    0x00000000      0x796 build/debug/Drivers/STM32F1xx_HAL_Driver/Src/stm32f1xx_hal.o
 .debug_info    0x00000796      0xec1 build/debug/Drivers/STM32F1xx_HAL_Driver/Src/stm32f1xx_hal_adc.o
 .debug_info    0x00001657      0xcb5 build/debug/Drivers/STM32F1xx_HAL_Driver/Src/stm32f1xx_hal_cortex.o
 .debug_info    0x0000230c      0x7e6 build/debug/Drivers/STM32F1xx_HAL_Driver/Src/stm32f1xx_hal_dma.o
 .debug_info    0x00002af2      0x5ec build/debug/Drivers/STM32F1xx_HAL_Driver/Src/stm32f1xx_hal_gpio.o
 .debug_info    0x000030de     0x1c98 build/debug/Drivers/STM32F1xx_HAL_Driver/Src/stm32f1xx_hal_pcd.o
 .debug_info    0x00004d76      0x6ae build/debug/Drivers/STM32F1xx_HAL_Driver/Src/stm32f1xx_hal_pcd_ex.o
 .debug_info    0x00005424      0x9a3 build/debug/Drivers/STM32F1xx_HAL_Driver/Src/stm32f1xx_hal_rcc.o
 .debug_info    0x00005dc7      0x408 build/debug/Drivers/STM32F1xx_HAL_Driver/Src/stm32f1xx_hal_rcc_ex.o
 .debug_info    0x000061cf     0x3bf7 build/debug/Drivers/STM32F1xx_HAL_Driver/Src/stm32f1xx_hal_tim.o
 .debug_info    0x00009dc6     0x1a94 build/debug/Drivers/STM32F1xx_HAL_Driver/Src/stm32f1xx_hal_tim_ex.o
 .debug_info    0x0000b85a     0x1af6 build/debug/Drivers/STM32F1xx_HAL_Driver/Src/stm32f1xx_ll_usb.o
 .debug_info    0x0000d350     0x13a8 build/debug/Middlewares/ST/STM32_USB_Device_Library/Class/CDC/Src/usbd_cdc.o
 .debug_info    0x0000e6f8      0xdd5 build/debug/Middlewares/ST/STM32_USB_Device_Library/Core/Src/usbd_core.o
 .debug_info    0x0000f4cd     0x1088 build/debug/Middlewares/ST/STM32_USB_Device_Library/Core/Src/usbd_ctlreq.o
 .debug_info    0x00010555      0x817 build/debug/Middlewares/ST/STM32_USB_Device_Library/Core/Src/usbd_ioreq.o
 .debug_info    0x00010d6c      0x1e3 build/debug/Src/Zeugma_c/debug_monitor.o
 .debug_info    0x00010f4f      0x7ac build/debug/Src/Zeugma_c/first_step.o
 .debug_info    0x000116fb      0x7f0 build/debug/Src/Zeugma_c/gpio_interrupt.o
 .debug_info    0x00011eeb      0x105 build/debug/Src/Zeugma_c/old_value_hall.o
 .debug_info    0x00011ff0      0x149 build/debug/Src/Zeugma_c/rpm.o
 .debug_info    0x00012139      0x665 build/debug/Src/Zeugma_c/steps.o
 .debug_info    0x0001279e      0x919 build/debug/Src/adc.o
 .debug_info    0x000130b7      0x2f6 build/debug/Src/dma.o
 .debug_info    0x000133ad      0x55c build/debug/Src/gpio.o
 .debug_info    0x00013909     0x1631 build/debug/Src/main.o
 .debug_info    0x00014f3a      0x1ef build/debug/Src/stm32f1xx_hal_msp.o
 .debug_info    0x00015129      0xc3d build/debug/Src/stm32f1xx_it.o
 .debug_info    0x00015d66      0x159 build/debug/Src/sysmem.o
 .debug_info    0x00015ebf      0x213 build/debug/Src/system_stm32f1xx.o
 .debug_info    0x000160d2      0xf3c build/debug/Src/tim.o
 .debug_info    0x0001700e      0x696 build/debug/Src/usb_device.o
 .debug_info    0x000176a4      0x87e build/debug/Src/usbd_cdc_if.o
 .debug_info    0x00017f22     0x1d41 build/debug/Src/usbd_conf.o
 .debug_info    0x00019c63      0x5b1 build/debug/Src/usbd_desc.o
 .debug_info    0x0001a214       0x30 build/debug/startup_stm32f103xb.o
 .debug_info    0x0001a244      0x10b /usr/lib/gcc/arm-none-eabi/13.3.1/../../../arm-none-eabi/lib/thumb/v7-m/nofp/libc_nano.a(libc_a-init.o)
 .debug_info    0x0001a34f      0x135 /usr/lib/gcc/arm-none-eabi/13.3.1/../../../arm-none-eabi/lib/thumb/v7-m/nofp/libc_nano.a(libc_a-memset.o)
 .debug_info    0x0001a484      0x6f1 /usr/lib/gcc/arm-none-eabi/13.3.1/../../../arm-none-eabi/lib/thumb/v7-m/nofp/libc_nano.a(libc_a-errno.o)
 .debug_info    0x0001ab75      0x8ff /usr/lib/gcc/arm-none-eabi/13.3.1/../../../arm-none-eabi/lib/thumb/v7-m/nofp/libc_nano.a(libc_a-snprintf.o)
 .debug_info    0x0001b474      0x70b /usr/lib/gcc/arm-none-eabi/13.3.1/../../../arm-none-eabi/lib/thumb/v7-m/nofp/libc_nano.a(libc_a-impure.o)
 .debug_info    0x0001bb7f     0x1094 /usr/lib/gcc/arm-none-eabi/13.3.1/../../../arm-none-eabi/lib/thumb/v7-m/nofp/libc_nano.a(libc_a-nano-svfprintf.o)
 .debug_info    0x0001cc13      0xe8c /usr/lib/gcc/arm-none-eabi/13.3.1/../../../arm-none-eabi/lib/thumb/v7-m/nofp/libc_nano.a(libc_a-findfp.o)
 .debug_info    0x0001da9f      0x9b6 /usr/lib/gcc/arm-none-eabi/13.3.1/../../../arm-none-eabi/lib/thumb/v7-m/nofp/libc_nano.a(libc_a-mallocr.o)
 .debug_info    0x0001e455      0x87f /usr/lib/gcc/arm-none-eabi/13.3.1/../../../arm-none-eabi/lib/thumb/v7-m/nofp/libc_nano.a(libc_a-freer.o)
 .debug_info    0x0001ecd4      0x148 /usr/lib/gcc/arm-none-eabi/13.3.1/../../../arm-none-eabi/lib/thumb/v7-m/nofp/libc_nano.a(libc_a-memmove.o)
 .debug_info    0x0001ee1c       0x33 /usr/lib/gcc/arm-none-eabi/13.3.1/../../../arm-none-eabi/lib/thumb/v7-m/nofp/libc_nano.a(libc_a-memcpy.o)
 .debug_info    0x0001ee4f      0x8cd /usr/lib/gcc/arm-none-eabi/13.3.1/../../../arm-none-eabi/lib/thumb/v7-m/nofp/libc_nano.a(libc_a-reallocr.o)
 .debug_info    0x0001f71c      0xdd7 /usr/lib/gcc/arm-none-eabi/13.3.1/../../../arm-none-eabi/lib/thumb/v7-m/nofp/libc_nano.a(libc_a-nano-vfprintf_i.o)
 .debug_info    0x000204f3      0x71c /usr/lib/gcc/arm-none-eabi/13.3.1/../../../arm-none-eabi/lib/thumb/v7-m/nofp/libc_nano.a(libc_a-mlock.o)
 .debug_info    0x00020c0f      0x14a /usr/lib/gcc/arm-none-eabi/13.3.1/../../../arm-none-eabi/lib/thumb/v7-m/nofp/libc_nano.a(libc_a-memchr-stub.o)
 .debug_info    0x00020d59      0x778 /usr/lib/gcc/arm-none-eabi/13.3.1/../../../arm-none-eabi/lib/thumb/v7-m/nofp/libc_nano.a(libc_a-sbrkr.o)
 .debug_info    0x000214d1      0x78a /usr/lib/gcc/arm-none-eabi/13.3.1/../../../arm-none-eabi/lib/thumb/v7-m/nofp/libc_nano.a(libc_a-msizer.o)
 .debug_info    0x00021c5b      0x89f /usr/lib/gcc/arm-none-eabi/13.3.1/../../../arm-none-eabi/lib/thumb/v7-m/nofp/libc_nano.a(libc_a-reent.o)

.debug_abbrev   0x00000000     0x66e0
 .debug_abbrev  0x00000000      0x22d build/debug/Drivers/STM32F1xx_HAL_Driver/Src/stm32f1xx_hal.o
 .debug_abbrev  0x0000022d      0x252 build/debug/Drivers/STM32F1xx_HAL_Driver/Src/stm32f1xx_hal_adc.o
 .debug_abbrev  0x0000047f      0x36d build/debug/Drivers/STM32F1xx_HAL_Driver/Src/stm32f1xx_hal_cortex.o
 .debug_abbrev  0x000007ec      0x244 build/debug/Drivers/STM32F1xx_HAL_Driver/Src/stm32f1xx_hal_dma.o
 .debug_abbrev  0x00000a30      0x1f7 build/debug/Drivers/STM32F1xx_HAL_Driver/Src/stm32f1xx_hal_gpio.o
 .debug_abbrev  0x00000c27      0x311 build/debug/Drivers/STM32F1xx_HAL_Driver/Src/stm32f1xx_hal_pcd.o
 .debug_abbrev  0x00000f38      0x19f build/debug/Drivers/STM32F1xx_HAL_Driver/Src/stm32f1xx_hal_pcd_ex.o
 .debug_abbrev  0x000010d7      0x2a0 build/debug/Drivers/STM32F1xx_HAL_Driver/Src/stm32f1xx_hal_rcc.o
 .debug_abbrev  0x00001377      0x1d8 build/debug/Drivers/STM32F1xx_HAL_Driver/Src/stm32f1xx_hal_rcc_ex.o
 .debug_abbrev  0x0000154f      0x270 build/debug/Drivers/STM32F1xx_HAL_Driver/Src/stm32f1xx_hal_tim.o
 .debug_abbrev  0x000017bf      0x26e build/debug/Drivers/STM32F1xx_HAL_Driver/Src/stm32f1xx_hal_tim_ex.o
 .debug_abbrev  0x00001a2d      0x233 build/debug/Drivers/STM32F1xx_HAL_Driver/Src/stm32f1xx_ll_usb.o
 .debug_abbrev  0x00001c60      0x326 build/debug/Middlewares/ST/STM32_USB_Device_Library/Class/CDC/Src/usbd_cdc.o
 .debug_abbrev  0x00001f86      0x289 build/debug/Middlewares/ST/STM32_USB_Device_Library/Core/Src/usbd_core.o
 .debug_abbrev  0x0000220f      0x2eb build/debug/Middlewares/ST/STM32_USB_Device_Library/Core/Src/usbd_ctlreq.o
 .debug_abbrev  0x000024fa      0x1a8 build/debug/Middlewares/ST/STM32_USB_Device_Library/Core/Src/usbd_ioreq.o
 .debug_abbrev  0x000026a2      0x118 build/debug/Src/Zeugma_c/debug_monitor.o
 .debug_abbrev  0x000027ba      0x210 build/debug/Src/Zeugma_c/first_step.o
 .debug_abbrev  0x000029ca      0x1d2 build/debug/Src/Zeugma_c/gpio_interrupt.o
 .debug_abbrev  0x00002b9c       0x7d build/debug/Src/Zeugma_c/old_value_hall.o
 .debug_abbrev  0x00002c19       0xab build/debug/Src/Zeugma_c/rpm.o
 .debug_abbrev  0x00002cc4      0x17c build/debug/Src/Zeugma_c/steps.o
 .debug_abbrev  0x00002e40      0x207 build/debug/Src/adc.o
 .debug_abbrev  0x00003047      0x119 build/debug/Src/dma.o
 .debug_abbrev  0x00003160      0x173 build/debug/Src/gpio.o
 .debug_abbrev  0x000032d3      0x38a build/debug/Src/main.o
 .debug_abbrev  0x0000365d       0xed build/debug/Src/stm32f1xx_hal_msp.o
 .debug_abbrev  0x0000374a      0x213 build/debug/Src/stm32f1xx_it.o
 .debug_abbrev  0x0000395d       0xea build/debug/Src/sysmem.o
 .debug_abbrev  0x00003a47      0x144 build/debug/Src/system_stm32f1xx.o
 .debug_abbrev  0x00003b8b      0x25b build/debug/Src/tim.o
 .debug_abbrev  0x00003de6      0x1a8 build/debug/Src/usb_device.o
 .debug_abbrev  0x00003f8e      0x281 build/debug/Src/usbd_cdc_if.o
 .debug_abbrev  0x0000420f      0x32e build/debug/Src/usbd_conf.o
 .debug_abbrev  0x0000453d      0x220 build/debug/Src/usbd_desc.o
 .debug_abbrev  0x0000475d       0x24 build/debug/startup_stm32f103xb.o
 .debug_abbrev  0x00004781       0xc9 /usr/lib/gcc/arm-none-eabi/13.3.1/../../../arm-none-eabi/lib/thumb/v7-m/nofp/libc_nano.a(libc_a-init.o)
 .debug_abbrev  0x0000484a       0xb7 /usr/lib/gcc/arm-none-eabi/13.3.1/../../../arm-none-eabi/lib/thumb/v7-m/nofp/libc_nano.a(libc_a-memset.o)
 .debug_abbrev  0x00004901      0x15e /usr/lib/gcc/arm-none-eabi/13.3.1/../../../arm-none-eabi/lib/thumb/v7-m/nofp/libc_nano.a(libc_a-errno.o)
 .debug_abbrev  0x00004a5f      0x23c /usr/lib/gcc/arm-none-eabi/13.3.1/../../../arm-none-eabi/lib/thumb/v7-m/nofp/libc_nano.a(libc_a-snprintf.o)
 .debug_abbrev  0x00004c9b      0x149 /usr/lib/gcc/arm-none-eabi/13.3.1/../../../arm-none-eabi/lib/thumb/v7-m/nofp/libc_nano.a(libc_a-impure.o)
 .debug_abbrev  0x00004de4      0x32f /usr/lib/gcc/arm-none-eabi/13.3.1/../../../arm-none-eabi/lib/thumb/v7-m/nofp/libc_nano.a(libc_a-nano-svfprintf.o)
 .debug_abbrev  0x00005113      0x408 /usr/lib/gcc/arm-none-eabi/13.3.1/../../../arm-none-eabi/lib/thumb/v7-m/nofp/libc_nano.a(libc_a-findfp.o)
 .debug_abbrev  0x0000551b      0x24a /usr/lib/gcc/arm-none-eabi/13.3.1/../../../arm-none-eabi/lib/thumb/v7-m/nofp/libc_nano.a(libc_a-mallocr.o)
 .debug_abbrev  0x00005765      0x249 /usr/lib/gcc/arm-none-eabi/13.3.1/../../../arm-none-eabi/lib/thumb/v7-m/nofp/libc_nano.a(libc_a-freer.o)
 .debug_abbrev  0x000059ae       0xc3 /usr/lib/gcc/arm-none-eabi/13.3.1/../../../arm-none-eabi/lib/thumb/v7-m/nofp/libc_nano.a(libc_a-memmove.o)
 .debug_abbrev  0x00005a71       0x28 /usr/lib/gcc/arm-none-eabi/13.3.1/../../../arm-none-eabi/lib/thumb/v7-m/nofp/libc_nano.a(libc_a-memcpy.o)
 .debug_abbrev  0x00005a99      0x20c /usr/lib/gcc/arm-none-eabi/13.3.1/../../../arm-none-eabi/lib/thumb/v7-m/nofp/libc_nano.a(libc_a-reallocr.o)
 .debug_abbrev  0x00005ca5      0x284 /usr/lib/gcc/arm-none-eabi/13.3.1/../../../arm-none-eabi/lib/thumb/v7-m/nofp/libc_nano.a(libc_a-nano-vfprintf_i.o)
 .debug_abbrev  0x00005f29      0x192 /usr/lib/gcc/arm-none-eabi/13.3.1/../../../arm-none-eabi/lib/thumb/v7-m/nofp/libc_nano.a(libc_a-mlock.o)
 .debug_abbrev  0x000060bb       0xc7 /usr/lib/gcc/arm-none-eabi/13.3.1/../../../arm-none-eabi/lib/thumb/v7-m/nofp/libc_nano.a(libc_a-memchr-stub.o)
 .debug_abbrev  0x00006182      0x1da /usr/lib/gcc/arm-none-eabi/13.3.1/../../../arm-none-eabi/lib/thumb/v7-m/nofp/libc_nano.a(libc_a-sbrkr.o)
 .debug_abbrev  0x0000635c      0x196 /usr/lib/gcc/arm-none-eabi/13.3.1/../../../arm-none-eabi/lib/thumb/v7-m/nofp/libc_nano.a(libc_a-msizer.o)
 .debug_abbrev  0x000064f2      0x1ee /usr/lib/gcc/arm-none-eabi/13.3.1/../../../arm-none-eabi/lib/thumb/v7-m/nofp/libc_nano.a(libc_a-reent.o)

.debug_loclists
                0x00000000     0xd192
 .debug_loclists
                0x00000000       0xe1 build/debug/Drivers/STM32F1xx_HAL_Driver/Src/stm32f1xx_hal.o
 .debug_loclists
                0x000000e1      0x7c5 build/debug/Drivers/STM32F1xx_HAL_Driver/Src/stm32f1xx_hal_adc.o
 .debug_loclists
                0x000008a6      0x530 build/debug/Drivers/STM32F1xx_HAL_Driver/Src/stm32f1xx_hal_cortex.o
 .debug_loclists
                0x00000dd6      0x562 build/debug/Drivers/STM32F1xx_HAL_Driver/Src/stm32f1xx_hal_dma.o
 .debug_loclists
                0x00001338      0x318 build/debug/Drivers/STM32F1xx_HAL_Driver/Src/stm32f1xx_hal_gpio.o
 .debug_loclists
                0x00001650      0xf0e build/debug/Drivers/STM32F1xx_HAL_Driver/Src/stm32f1xx_hal_pcd.o
 .debug_loclists
                0x0000255e       0xf0 build/debug/Drivers/STM32F1xx_HAL_Driver/Src/stm32f1xx_hal_pcd_ex.o
 .debug_loclists
                0x0000264e      0x42e build/debug/Drivers/STM32F1xx_HAL_Driver/Src/stm32f1xx_hal_rcc.o
 .debug_loclists
                0x00002a7c      0x2eb build/debug/Drivers/STM32F1xx_HAL_Driver/Src/stm32f1xx_hal_rcc_ex.o
 .debug_loclists
                0x00002d67     0x37db build/debug/Drivers/STM32F1xx_HAL_Driver/Src/stm32f1xx_hal_tim.o
 .debug_loclists
                0x00006542     0x1398 build/debug/Drivers/STM32F1xx_HAL_Driver/Src/stm32f1xx_hal_tim_ex.o
 .debug_loclists
                0x000078da     0x10a8 build/debug/Drivers/STM32F1xx_HAL_Driver/Src/stm32f1xx_ll_usb.o
 .debug_loclists
                0x00008982      0x61a build/debug/Middlewares/ST/STM32_USB_Device_Library/Class/CDC/Src/usbd_cdc.o
 .debug_loclists
                0x00008f9c      0x695 build/debug/Middlewares/ST/STM32_USB_Device_Library/Core/Src/usbd_core.o
 .debug_loclists
                0x00009631      0xe97 build/debug/Middlewares/ST/STM32_USB_Device_Library/Core/Src/usbd_ctlreq.o
 .debug_loclists
                0x0000a4c8      0x214 build/debug/Middlewares/ST/STM32_USB_Device_Library/Core/Src/usbd_ioreq.o
 .debug_loclists
                0x0000a6dc       0x60 build/debug/Src/Zeugma_c/debug_monitor.o
 .debug_loclists
                0x0000a73c      0x10b build/debug/Src/Zeugma_c/first_step.o
 .debug_loclists
                0x0000a847       0x2a build/debug/Src/Zeugma_c/gpio_interrupt.o
 .debug_loclists
                0x0000a871       0x7b build/debug/Src/Zeugma_c/rpm.o
 .debug_loclists
                0x0000a8ec       0x33 build/debug/Src/Zeugma_c/steps.o
 .debug_loclists
                0x0000a91f       0x5c build/debug/Src/adc.o
 .debug_loclists
                0x0000a97b      0x13f build/debug/Src/main.o
 .debug_loclists
                0x0000aaba       0x17 build/debug/Src/stm32f1xx_hal_msp.o
 .debug_loclists
                0x0000aad1       0x52 build/debug/Src/sysmem.o
 .debug_loclists
                0x0000ab23       0xb7 build/debug/Src/system_stm32f1xx.o
 .debug_loclists
                0x0000abda       0xa8 build/debug/Src/tim.o
 .debug_loclists
                0x0000ac82       0xed build/debug/Src/usbd_cdc_if.o
 .debug_loclists
                0x0000ad6f      0x86b build/debug/Src/usbd_conf.o
 .debug_loclists
                0x0000b5da      0x299 build/debug/Src/usbd_desc.o
 .debug_loclists
                0x0000b873       0x65 /usr/lib/gcc/arm-none-eabi/13.3.1/../../../arm-none-eabi/lib/thumb/v7-m/nofp/libc_nano.a(libc_a-init.o)
 .debug_loclists
                0x0000b8d8      0x1d7 /usr/lib/gcc/arm-none-eabi/13.3.1/../../../arm-none-eabi/lib/thumb/v7-m/nofp/libc_nano.a(libc_a-memset.o)
 .debug_loclists
                0x0000baaf      0x214 /usr/lib/gcc/arm-none-eabi/13.3.1/../../../arm-none-eabi/lib/thumb/v7-m/nofp/libc_nano.a(libc_a-snprintf.o)
 .debug_loclists
                0x0000bcc3      0x531 /usr/lib/gcc/arm-none-eabi/13.3.1/../../../arm-none-eabi/lib/thumb/v7-m/nofp/libc_nano.a(libc_a-nano-svfprintf.o)
 .debug_loclists
                0x0000c1f4      0x1d0 /usr/lib/gcc/arm-none-eabi/13.3.1/../../../arm-none-eabi/lib/thumb/v7-m/nofp/libc_nano.a(libc_a-findfp.o)
 .debug_loclists
                0x0000c3c4      0x273 /usr/lib/gcc/arm-none-eabi/13.3.1/../../../arm-none-eabi/lib/thumb/v7-m/nofp/libc_nano.a(libc_a-mallocr.o)
 .debug_loclists
                0x0000c637      0x164 /usr/lib/gcc/arm-none-eabi/13.3.1/../../../arm-none-eabi/lib/thumb/v7-m/nofp/libc_nano.a(libc_a-freer.o)
 .debug_loclists
                0x0000c79b      0x21b /usr/lib/gcc/arm-none-eabi/13.3.1/../../../arm-none-eabi/lib/thumb/v7-m/nofp/libc_nano.a(libc_a-memmove.o)
 .debug_loclists
                0x0000c9b6      0x102 /usr/lib/gcc/arm-none-eabi/13.3.1/../../../arm-none-eabi/lib/thumb/v7-m/nofp/libc_nano.a(libc_a-reallocr.o)
 .debug_loclists