Archive member included to satisfy reference by file (symbol)

/usr/lib/gcc/arm-none-eabi/13.3.1/../../../arm-none-eabi/lib/thumb/v7-m/nofp/libc_nano.a(libc_a-errno.o)
                              build/debug/syscalls.o (__errno)
/usr/lib/gcc/arm-none-eabi/13.3.1/../../../arm-none-eabi/lib/thumb/v7-m/nofp/libc_nano.a(libc_a-init.o)
                              /usr/lib/gcc/arm-none-eabi/13.3.1/../../../arm-none-eabi/lib/thumb/v7-m/nofp/crt0.o (__libc_init_array)
/usr/lib/gcc/arm-none-eabi/13.3.1/../../../arm-none-eabi/lib/thumb/v7-m/nofp/libc_nano.a(libc_a-memset.o)
                              /usr/lib/gcc/arm-none-eabi/13.3.1/../../../arm-none-eabi/lib/thumb/v7-m/nofp/crt0.o (memset)
/usr/lib/gcc/arm-none-eabi/13.3.1/../../../arm-none-eabi/lib/thumb/v7-m/nofp/libc_nano.a(libc_a-impure.o)
                              /usr/lib/gcc/arm-none-eabi/13.3.1/../../../arm-none-eabi/lib/thumb/v7-m/nofp/libc_nano.a(libc_a-errno.o) (_impure_ptr)
/usr/lib/gcc/arm-none-eabi/13.3.1/../../../arm-none-eabi/lib/thumb/v7-m/nofp/libc_nano.a(libc_a-exit.o)
                              /usr/lib/gcc/arm-none-eabi/13.3.1/../../../arm-none-eabi/lib/thumb/v7-m/nofp/crt0.o (exit)
/usr/lib/gcc/arm-none-eabi/13.3.1/../../../arm-none-eabi/lib/thumb/v7-m/nofp/libc_nano.a(libc_a-atexit.o)
                              /usr/lib/gcc/arm-none-eabi/13.3.1/../../../arm-none-eabi/lib/thumb/v7-m/nofp/crt0.o (atexit)
/usr/lib/gcc/arm-none-eabi/13.3.1/../../../arm-none-eabi/lib/thumb/v7-m/nofp/libc_nano.a(libc_a-snprintf.o)
                              build/debug/debug_monitor.o (snprintf)
/usr/lib/gcc/arm-none-eabi/13.3.1/../../../arm-none-eabi/lib/thumb/v7-m/nofp/libc_nano.a(libc_a-fini.o)
                              /usr/lib/gcc/arm-none-eabi/13.3.1/../../../arm-none-eabi/lib/thumb/v7-m/nofp/crt0.o (__libc_fini_array)
/usr/lib/gcc/arm-none-eabi/13.3.1/../../../arm-none-eabi/lib/thumb/v7-m/nofp/libc_nano.a(libc_a-nano-svfprintf.o)
                              /usr/lib/gcc/arm-none-eabi/13.3.1/../../../arm-none-eabi/lib/thumb/v7-m/nofp/libc_nano.a(libc_a-snprintf.o) (_svfprintf_r)
/usr/lib/gcc/arm-none-eabi/13.3.1/../../../arm-none-eabi/lib/thumb/v7-m/nofp/libc_nano.a(libc_a-memchr-stub.o)
                              /usr/lib/gcc/arm-none-eabi/13.3.1/../../../arm-none-eabi/lib/thumb/v7-m/nofp/libc_nano.a(libc_a-nano-svfprintf.o) (memchr)
/usr/lib/gcc/arm-none-eabi/13.3.1/../../../arm-none-eabi/lib/thumb/v7-m/nofp/libc_nano.a(libc_a-findfp.o)
                              /usr/lib/gcc/arm-none-eabi/13.3.1/../../../arm-none-eabi/lib/thumb/v7-m/nofp/libc_nano.a(libc_a-exit.o) (__stdio_exit_handler)
/usr/lib/gcc/arm-none-eabi/13.3.1/../../../arm-none-eabi/lib/thumb/v7-m/nofp/libc_nano.a(libc_a-fflush.o)
                              /usr/lib/gcc/arm-none-eabi/13.3.1/../../../arm-none-eabi/lib/thumb/v7-m/nofp/libc_nano.a(libc_a-findfp.o) (_fflush_r)
/usr/lib/gcc/arm-none-eabi/13.3.1/../../../arm-none-eabi/lib/thumb/v7-m/nofp/libc_nano.a(libc_a-mallocr.o)
                              /usr/lib/gcc/arm-none-eabi/13.3.1/../../../arm-none-eabi/lib/thumb/v7-m/nofp/libc_nano.a(libc_a-nano-svfprintf.o) (_malloc_r)
/usr/lib/gcc/arm-none-eabi/13.3.1/../../../arm-none-eabi/lib/thumb/v7-m/nofp/libc_nano.a(libc_a-memcpy.o)
                              /usr/lib/gcc/arm-none-eabi/13.3.1/../../../arm-none-eabi/lib/thumb/v7-m/nofp/libc_nano.a(libc_a-nano-svfprintf.o) (memcpy)
/usr/lib/gcc/arm-none-eabi/13.3.1/../../../arm-none-eabi/lib/thumb/v7-m/nofp/libc_nano.a(libc_a-freer.o)
                              /usr/lib/gcc/arm-none-eabi/13.3.1/../../../arm-none-eabi/lib/thumb/v7-m/nofp/libc_nano.a(libc_a-nano-svfprintf.o) (_free_r)
/usr/lib/gcc/arm-none-eabi/13.3.1/../../../arm-none-eabi/lib/thumb/v7-m/nofp/libc_nano.a(libc_a-fwalk.o)
                              /usr/lib/gcc/arm-none-eabi/13.3.1/../../../arm-none-eabi/lib/thumb/v7-m/nofp/libc_nano.a(libc_a-findfp.o) (_fwalk_sglue)
/usr/lib/gcc/arm-none-eabi/13.3.1/../../../arm-none-eabi/lib/thumb/v7-m/nofp/libc_nano.a(libc_a-__atexit.o)
                              /usr/lib/gcc/arm-none-eabi/13.3.1/../../../arm-none-eabi/lib/thumb/v7-m/nofp/libc_nano.a(libc_a-atexit.o) (__register_exitproc)
/usr/lib/gcc/arm-none-eabi/13.3.1/../../../arm-none-eabi/lib/thumb/v7-m/nofp/libc_nano.a(libc_a-reallocr.o)
                              /usr/lib/gcc/arm-none-eabi/13.3.1/../../../arm-none-eabi/lib/thumb/v7-m/nofp/libc_nano.a(libc_a-nano-svfprintf.o) (_realloc_r)
/usr/lib/gcc/arm-none-eabi/13.3.1/../../../arm-none-eabi/lib/thumb/v7-m/nofp/libc_nano.a(libc_a-nano-vfprintf_i.o)
                              /usr/lib/gcc/arm-none-eabi/13.3.1/../../../arm-none-eabi/lib/thumb/v7-m/nofp/libc_nano.a(libc_a-nano-svfprintf.o) (_printf_i)
/usr/lib/gcc/arm-none-eabi/13.3.1/../../../arm-none-eabi/lib/thumb/v7-m/nofp/libc_nano.a(libc_a-mlock.o)
                              /usr/lib/gcc/arm-none-eabi/13.3.1/../../../arm-none-eabi/lib/thumb/v7-m/nofp/libc_nano.a(libc_a-mallocr.o) (__malloc_lock)
[...]
Memory Configuration

Name             Origin             Length             Attributes
RAM              0x20000000         0x00005000         xrw
FLASH            0x08000000         0x00010000         xr
*default*        0x00000000         0xffffffff

Linker script and memory map

LOAD /usr/lib/gcc/arm-none-eabi/13.3.1/thumb/v7-m/nofp/crti.o
LOAD /usr/lib/gcc/arm-none-eabi/13.3.1/thumb/v7-m/nofp/crtbegin.o
LOAD /usr/lib/gcc/arm-none-eabi/13.3.1/../../../arm-none-eabi/lib/thumb/v7-m/nofp/crt0.o
LOAD build/debug/adc.o
LOAD build/debug/bemf.o
LOAD build/debug/debug_monitor.o
LOAD build/debug/dma.o
LOAD build/debug/first_step.o
LOAD build/debug/gpio.o
LOAD build/debug/gpio_interrupt.o
LOAD build/debug/main.o
LOAD build/debug/old_value_hall.o
LOAD build/debug/rpm.o
LOAD build/debug/steps.o
LOAD build/debug/stm32f1xx_hal.o
LOAD build/debug/stm32f1xx_hal_adc.o
LOAD build/debug/stm32f1xx_hal_adc_ex.o
LOAD build/debug/stm32f1xx_hal_cortex.o
LOAD build/debug/stm32f1xx_hal_dma.o
LOAD build/debug/stm32f1xx_hal_exti.o
LOAD build/debug/stm32f1xx_hal_flash.o
LOAD build/debug/stm32f1xx_hal_flash_ex.o
LOAD build/debug/stm32f1xx_hal_gpio.o
LOAD build/debug/stm32f1xx_hal_gpio_ex.o
LOAD build/debug/stm32f1xx_hal_msp.o
LOAD build/debug/stm32f1xx_hal_pcd.o
LOAD build/debug/stm32f1xx_hal_pcd_ex.o
LOAD build/debug/stm32f1xx_hal_pwr.o
LOAD build/debug/stm32f1xx_hal_rcc.o
LOAD build/debug/stm32f1xx_hal_rcc_ex.o
LOAD build/debug/stm32f1xx_hal_tim.o
LOAD build/debug/stm32f1xx_hal_tim_ex.o
LOAD build/debug/stm32f1xx_it.o
LOAD build/debug/stm32f1xx_ll_usb.o
LOAD build/debug/syscalls.o
LOAD build/debug/sysmem.o
LOAD build/debug/system_stm32f1xx.o
LOAD build/debug/tim.o
LOAD build/debug/usb_device.o
LOAD build/debug/usbd_cdc.o
LOAD build/debug/usbd_cdc_if.o
LOAD build/debug/usbd_conf.o
LOAD build/debug/usbd_core.o
LOAD build/debug/usbd_ctlreq.o
LOAD build/debug/usbd_desc.o
LOAD build/debug/usbd_ioreq.o
LOAD build/debug/startup_stm32f103xb.o
LOAD /usr/lib/gcc/arm-none-eabi/13.3.1/../../../arm-none-eabi/lib/thumb/v7-m/nofp/libc_nano.a
LOAD /usr/lib/gcc/arm-none-eabi/13.3.1/../../../arm-none-eabi/lib/thumb/v7-m/nofp/libm.a
LOAD /usr/lib/gcc/arm-none-eabi/13.3.1/../../../arm-none-eabi/lib/thumb/v7-m/nofp/libnosys.a
START GROUP
LOAD /usr/lib/gcc/arm-none-eabi/13.3.1/thumb/v7-m/nofp/libgcc.a
LOAD /usr/lib/gcc/arm-none-eabi/13.3.1/../../../arm-none-eabi/lib/thumb/v7-m/nofp/libc_nano.a
END GROUP
START GROUP
LOAD /usr/lib/gcc/arm-none-eabi/13.3.1/thumb/v7-m/nofp/libgcc.a
LOAD /usr/lib/gcc/arm-none-eabi/13.3.1/../../../arm-none-eabi/lib/thumb/v7-m/nofp/libc_nano.a
END GROUP
LOAD /usr/lib/gcc/arm-none-eabi/13.3.1/thumb/v7-m/nofp/crtend.o
LOAD /usr/lib/gcc/arm-none-eabi/13.3.1/thumb/v7-m/nofp/crtn.o
                0x20005000                        _estack = (ORIGIN (RAM) + LENGTH (RAM))
                0x00000200                        _Min_Heap_Size = 0x200
                0x00000400                        _Min_Stack_Size = 0x400

.isr_vector     0x08000000      0x10c
                0x08000000                        . = ALIGN (0x4)
 *(.isr_vector)
 .isr_vector    0x08000000      0x10c build/debug/startup_stm32f103xb.o
                0x08000000                g_pfnVectors
                0x0800010c                        . = ALIGN (0x4)

.text           0x08000110     0x7c44
                0x08000110                        . = ALIGN (0x4)
 *(.text)
 .text          0x08000110       0x88 /usr/lib/gcc/arm-none-eabi/13.3.1/thumb/v7-m/nofp/crtbegin.o
 .text          0x08000198        0xc /usr/lib/gcc/arm-none-eabi/13.3.1/../../../arm-none-eabi/lib/thumb/v7-m/nofp/libc_nano.a(libc_a-errno.o)
                0x08000198                __errno
 .text          0x080001a4       0x50 /usr/lib/gcc/arm-none-eabi/13.3.1/../../../arm-none-eabi/lib/thumb/v7-m/nofp/libc_nano.a(libc_a-init.o)
                0x080001a4                __libc_init_array
 .text          0x080001f4       0xa0 /usr/lib/gcc/arm-none-eabi/13.3.1/../../../arm-none-eabi/lib/thumb/v7-m/nofp/libc_nano.a(libc_a-memset.o)
                0x080001f4                memset
 .text          0x08000294      0x10c /usr/lib/gcc/arm-none-eabi/13.3.1/../../../arm-none-eabi/lib/thumb/v7-m/nofp/libc_nano.a(libc_a-snprintf.o)
                0x08000294                _sniprintf_r
                0x08000294                _snprintf_r
                0x08000314                snprintf
                0x08000314                sniprintf
 .text          0x080003a0      0x400 /usr/lib/gcc/arm-none-eabi/13.3.1/../../../arm-none-eabi/lib/thumb/v7-m/nofp/libc_nano.a(libc_a-nano-svfprintf.o)
                0x080003a0                __ssputs_r
                0x08000460                __ssprint_r
                0x08000570                _svfprintf_r
                0x08000570                _svfiprintf_r
 .text          0x080007a0       0x98 /usr/lib/gcc/arm-none-eabi/13.3.1/../../../arm-none-eabi/lib/thumb/v7-m/nofp/libc_nano.a(libc_a-memchr-stub.o)
                0x080007a0                memchr
 .text          0x08000838      0x14c /usr/lib/gcc/arm-none-eabi/13.3.1/../../../arm-none-eabi/lib/thumb/v7-m/nofp/libc_nano.a(libc_a-mallocr.o)
                0x08000884                _malloc_r
 .text          0x08000984       0xec /usr/lib/gcc/arm-none-eabi/13.3.1/../../../arm-none-eabi/lib/thumb/v7-m/nofp/libc_nano.a(libc_a-memcpy.o)
                0x08000984                memcpy
 .text          0x08000a70       0xbc /usr/lib/gcc/arm-none-eabi/13.3.1/../../../arm-none-eabi/lib/thumb/v7-m/nofp/libc_nano.a(libc_a-freer.o)
                0x08000a70                _free_r
 .text          0x08000b2c       0x64 /usr/lib/gcc/arm-none-eabi/13.3.1/../../../arm-none-eabi/lib/thumb/v7-m/nofp/libc_nano.a(libc_a-reallocr.o)
                0x08000b2c                _realloc_r
 .text          0x08000b90      0x3a8 /usr/lib/gcc/arm-none-eabi/13.3.1/../../../arm-none-eabi/lib/thumb/v7-m/nofp/libc_nano.a(libc_a-nano-vfprintf_i.o)
                0x08000b90                _printf_common
                0x08000cb4                _printf_i
 .text          0x08000f38        0x8 /usr/lib/gcc/arm-none-eabi/13.3.1/../../../arm-none-eabi/lib/thumb/v7-m/nofp/libc_nano.a(libc_a-mlock.o)
                0x08000f38                __malloc_lock
                0x08000f3c                __malloc_unlock
 .text          0x08000f40       0xfc /usr/lib/gcc/arm-none-eabi/13.3.1/../../../arm-none-eabi/lib/thumb/v7-m/nofp/libc_nano.a(libc_a-memmove.o)
                0x08000f40                memmove
 .text          0x0800103c       0x24 /usr/lib/gcc/arm-none-eabi/13.3.1/../../../arm-none-eabi/lib/thumb/v7-m/nofp/libc_nano.a(libc_a-sbrkr.o)
                0x0800103c                _sbrk_r
 .text          0x08001060       0x10 /usr/lib/gcc/arm-none-eabi/13.3.1/../../../arm-none-eabi/lib/thumb/v7-m/nofp/libc_nano.a(libc_a-msizer.o)
                0x08001060                _malloc_usable_size_r
 .text          0x08001070      0x378 /usr/lib/gcc/arm-none-eabi/13.3.1/thumb/v7-m/nofp/libgcc.a(_arm_addsubdf3.o)
                0x08001070                __aeabi_drsub
                0x08001078                __aeabi_dsub
                0x08001078                __subdf3
                0x0800107c                __adddf3
                0x0800107c                __aeabi_dadd
                0x080012f4                __aeabi_ui2d
                0x080012f4                __floatunsidf
                0x08001314                __floatsidf
                0x08001314                __aeabi_i2d
                0x08001338                __extendsfdf2
                0x08001338                __aeabi_f2d
                0x0800137c                __aeabi_ul2d
                0x0800137c                __floatundidf
                0x0800138c                __floatdidf
                0x0800138c                __aeabi_l2d
 .text          0x080013e8      0x424 /usr/lib/gcc/arm-none-eabi/13.3.1/thumb/v7-m/nofp/libgcc.a(_arm_muldivdf3.o)
                0x080013e8                __aeabi_dmul
                0x080013e8                __muldf3
                0x0800163c                __aeabi_ddiv
                0x0800163c                __divdf3
 .text          0x0800180c       0x40 /usr/lib/gcc/arm-none-eabi/13.3.1/thumb/v7-m/nofp/libgcc.a(_arm_fixunsdfsi.o)
                0x0800180c                __fixunsdfsi
                0x0800180c                __aeabi_d2uiz
 *(.text*)
 .text.MX_ADC1_Init
                0x0800184c       0xf8 build/debug/adc.o
                0x0800184c                MX_ADC1_Init
 .text.HAL_ADC_MspInit
                0x08001944       0xbc build/debug/adc.o
                0x08001944                HAL_ADC_MspInit
 .text.decide_step
                0x08001a00      0x138 build/debug/bemf.o
                0x08001a00                decide_step
 .text.abc      0x08001b38       0x3c build/debug/bemf.o
                0x08001b38                abc
 .text.phaseControlBemf
                0x08001b74       0xf4 build/debug/bemf.o
                0x08001b74                phaseControlBemf
 .text.log_var_analysis
                0x08001c68        0xc build/debug/bemf.o
                0x08001c68                log_var_analysis
 .text.log_variable
                0x08001c74       0x30 build/debug/debug_monitor.o
                0x08001c74                log_variable
 .text.LOG_POST
                0x08001ca4       0x30 build/debug/debug_monitor.o
                0x08001ca4                LOG_POST
 .text.MX_DMA_Init
                0x08001cd4       0x34 build/debug/dma.o
                0x08001cd4                MX_DMA_Init
 .text.MX_GPIO_Init
                0x08001d08       0xe8 build/debug/gpio.o
                0x08001d08                MX_GPIO_Init
 .text.HAL_GPIO_EXTI_Callback
                0x08001df0      0x148 build/debug/gpio_interrupt.o
                0x08001df0                HAL_GPIO_EXTI_Callback
 .text.map      0x08001f38       0x18 build/debug/main.o
                0x08001f38                map
 .text.ema_filter0
                0x08001f50       0x20 build/debug/main.o
                0x08001f50                ema_filter0
 .text.ema_filter1
                0x08001f70       0x20 build/debug/main.o
                0x08001f70                ema_filter1
 .text.ema_filter2
                0x08001f90       0x20 build/debug/main.o
                0x08001f90                ema_filter2
 .text.ema_filter3
                0x08001fb0       0x20 build/debug/main.o
                0x08001fb0                ema_filter3
 .text.HAL_ADC_ConvCpltCallback
                0x08001fd0      0x204 build/debug/main.o
                0x08001fd0                HAL_ADC_ConvCpltCallback
 .text.Error_Handler
                0x080021d4        0x4 build/debug/main.o
                0x080021d4                Error_Handler
 .text.SystemClock_Config
                0x080021d8       0x88 build/debug/main.o
                0x080021d8                SystemClock_Config
 .text.main     0x08002260      0x3a8 build/debug/main.o
                0x08002260                main
 .text.set_old_value
                0x08002608      0x3b8 build/debug/old_value_hall.o
                0x08002608                set_old_value
 .text.get_rpm  0x080029c0       0xd4 build/debug/rpm.o
                0x080029c0                get_rpm
 .text.HAL_TIM_PeriodElapsedCallback
                0x08002a94       0x4c build/debug/rpm.o
                0x08002a94                HAL_TIM_PeriodElapsedCallback
 .text.execute_step
                0x08002ae0       0xf4 build/debug/steps.o
                0x08002ae0                execute_step
 .text.HAL_InitTick
                0x08002bd4       0x4c build/debug/stm32f1xx_hal.o
                0x08002bd4                HAL_InitTick
 .text.HAL_Init
                0x08002c20       0x24 build/debug/stm32f1xx_hal.o
                0x08002c20                HAL_Init
 .text.HAL_IncTick
                0x08002c44       0x18 build/debug/stm32f1xx_hal.o
                0x08002c44                HAL_IncTick
 .text.HAL_GetTick
                0x08002c5c        0xc build/debug/stm32f1xx_hal.o
                0x08002c5c                HAL_GetTick
 .text.HAL_Delay
                0x08002c68       0x28 build/debug/stm32f1xx_hal.o
                0x08002c68                HAL_Delay
 .text.ADC_DMAConvCplt
                0x08002c90       0x52 build/debug/stm32f1xx_hal_adc.o
                0x08002c90                ADC_DMAConvCplt
 .text.HAL_ADC_ConvHalfCpltCallback
                0x08002ce2        0x2 build/debug/stm32f1xx_hal_adc.o
                0x08002ce2                HAL_ADC_ConvHalfCpltCallback
 .text.ADC_DMAHalfConvCplt
                0x08002ce4        0xa build/debug/stm32f1xx_hal_adc.o
                0x08002ce4                ADC_DMAHalfConvCplt
 .text.HAL_ADC_ErrorCallback
                0x08002cee        0x2 build/debug/stm32f1xx_hal_adc.o
                0x08002cee                HAL_ADC_ErrorCallback
 .text.ADC_DMAError
                0x08002cf0       0x1a build/debug/stm32f1xx_hal_adc.o
                0x08002cf0                ADC_DMAError
 *fill*         0x08002d0a        0x2 
 .text.HAL_ADC_ConfigChannel
                0x08002d0c      0x140 build/debug/stm32f1xx_hal_adc.o
                0x08002d0c                HAL_ADC_ConfigChannel
 .text.ADC_Enable
                0x08002e4c       0x88 build/debug/stm32f1xx_hal_adc.o
                0x08002e4c                ADC_Enable
 .text.HAL_ADC_Start_DMA
                0x08002ed4      0x130 build/debug/stm32f1xx_hal_adc.o
                0x08002ed4                HAL_ADC_Start_DMA
 .text.ADC_ConversionStop_Disable
                0x08003004       0x56 build/debug/stm32f1xx_hal_adc.o
                0x08003004                ADC_ConversionStop_Disable
 *fill*         0x0800305a        0x2 
 .text.HAL_ADC_Init
                0x0800305c      0x108 build/debug/stm32f1xx_hal_adc.o
                0x0800305c                HAL_ADC_Init
 .text.__NVIC_SetPriority
                0x08003164       0x28 build/debug/stm32f1xx_hal_cortex.o
 .text.NVIC_EncodePriority
                0x0800318c       0x3e build/debug/stm32f1xx_hal_cortex.o
 *fill*         0x080031ca        0x2 
 .text.HAL_NVIC_SetPriorityGrouping
                0x080031cc       0x24 build/debug/stm32f1xx_hal_cortex.o
                0x080031cc                HAL_NVIC_SetPriorityGrouping
 .text.HAL_NVIC_SetPriority
                0x080031f0       0x20 build/debug/stm32f1xx_hal_cortex.o
                0x080031f0                HAL_NVIC_SetPriority
 .text.HAL_NVIC_EnableIRQ
                0x08003210       0x1c build/debug/stm32f1xx_hal_cortex.o
                0x08003210                HAL_NVIC_EnableIRQ
 .text.HAL_SYSTICK_Config
                0x0800322c       0x28 build/debug/stm32f1xx_hal_cortex.o
                0x0800322c                HAL_SYSTICK_Config
 .text.DMA_SetConfig
                0x08003254       0x2c build/debug/stm32f1xx_hal_dma.o
 .text.HAL_DMA_Init
                0x08003280       0x68 build/debug/stm32f1xx_hal_dma.o
                0x08003280                HAL_DMA_Init
 .text.HAL_DMA_Start_IT
                0x080032e8       0x76 build/debug/stm32f1xx_hal_dma.o
                0x080032e8                HAL_DMA_Start_IT
 *fill*         0x0800335e        0x2 
 .text.HAL_DMA_IRQHandler
                0x08003360      0x144 build/debug/stm32f1xx_hal_dma.o
                0x08003360                HAL_DMA_IRQHandler
 .text.HAL_GPIO_Init
                0x080034a4      0x21c build/debug/stm32f1xx_hal_gpio.o
                0x080034a4                HAL_GPIO_Init
 .text.HAL_GPIO_ReadPin
                0x080036c0        0xe build/debug/stm32f1xx_hal_gpio.o
                0x080036c0                HAL_GPIO_ReadPin
 .text.HAL_GPIO_WritePin
                0x080036ce        0xc build/debug/stm32f1xx_hal_gpio.o
                0x080036ce                HAL_GPIO_WritePin
 *fill*         0x080036da        0x2 
 .text.HAL_GPIO_EXTI_IRQHandler
                0x080036dc       0x1c build/debug/stm32f1xx_hal_gpio.o
                0x080036dc                HAL_GPIO_EXTI_IRQHandler
 .text.HAL_MspInit
                0x080036f8       0x44 build/debug/stm32f1xx_hal_msp.o
                0x080036f8                HAL_MspInit
 .text.HAL_PCD_EP_DB_Receive
                0x0800373c      0x11c build/debug/stm32f1xx_hal_pcd.o
 .text.HAL_PCD_Init
                0x08003858       0xe8 build/debug/stm32f1xx_hal_pcd.o
                0x08003858                HAL_PCD_Init
 .text.HAL_PCD_Start
                0x08003940       0x32 build/debug/stm32f1xx_hal_pcd.o
                0x08003940                HAL_PCD_Start
 .text.HAL_PCD_EP_DB_Transmit
                0x08003972      0x424 build/debug/stm32f1xx_hal_pcd.o
 .text.PCD_EP_ISR_Handler
                0x08003d96      0x554 build/debug/stm32f1xx_hal_pcd.o
 .text.HAL_PCD_SetAddress
                0x080042ea       0x26 build/debug/stm32f1xx_hal_pcd.o
                0x080042ea                HAL_PCD_SetAddress
 .text.HAL_PCD_IRQHandler
                0x08004310      0x1b0 build/debug/stm32f1xx_hal_pcd.o
                0x08004310                HAL_PCD_IRQHandler
 .text.HAL_PCD_EP_Open
                0x080044c0       0x84 build/debug/stm32f1xx_hal_pcd.o
                0x080044c0                HAL_PCD_EP_Open
 .text.HAL_PCD_EP_Close
                0x08004544       0x6c build/debug/stm32f1xx_hal_pcd.o
                0x08004544                HAL_PCD_EP_Close
 .text.HAL_PCD_EP_Receive
                0x080045b0       0x3a build/debug/stm32f1xx_hal_pcd.o
                0x080045b0                HAL_PCD_EP_Receive
 .text.HAL_PCD_EP_GetRxCount
                0x080045ea       0x12 build/debug/stm32f1xx_hal_pcd.o
                0x080045ea                HAL_PCD_EP_GetRxCount
 .text.HAL_PCD_EP_Transmit
                0x080045fc       0x4c build/debug/stm32f1xx_hal_pcd.o
                0x080045fc                HAL_PCD_EP_Transmit
 .text.HAL_PCD_EP_SetStall
                0x08004648       0x80 build/debug/stm32f1xx_hal_pcd.o
                0x08004648                HAL_PCD_EP_SetStall
 .text.HAL_PCD_EP_ClrStall
                0x080046c8       0x7e build/debug/stm32f1xx_hal_pcd.o
                0x080046c8                HAL_PCD_EP_ClrStall
 .text.HAL_PCDEx_PMAConfig
                0x08004746       0x38 build/debug/stm32f1xx_hal_pcd_ex.o
                0x08004746                HAL_PCDEx_PMAConfig
 *fill*         0x0800477e        0x2 
 .text.RCC_Delay
                0x08004780       0x2c build/debug/stm32f1xx_hal_rcc.o
 .text.HAL_RCC_OscConfig
                0x080047ac      0x410 build/debug/stm32f1xx_hal_rcc.o
                0x080047ac                HAL_RCC_OscConfig
 .text.HAL_RCC_GetSysClockFreq
                0x08004bbc       0x54 build/debug/stm32f1xx_hal_rcc.o
                0x08004bbc                HAL_RCC_GetSysClockFreq
 .text.HAL_RCC_ClockConfig
                0x08004c10      0x16c build/debug/stm32f1xx_hal_rcc.o
                0x08004c10                HAL_RCC_ClockConfig
 .text.HAL_RCCEx_PeriphCLKConfig
                0x08004d7c      0x118 build/debug/stm32f1xx_hal_rcc_ex.o
                0x08004d7c                HAL_RCCEx_PeriphCLKConfig
 .text.TIM_OC1_SetConfig
                0x08004e94       0x54 build/debug/stm32f1xx_hal_tim.o
 .text.TIM_OC3_SetConfig
                0x08004ee8       0x5c build/debug/stm32f1xx_hal_tim.o
 .text.TIM_OC4_SetConfig
                0x08004f44       0x48 build/debug/stm32f1xx_hal_tim.o
 .text.TIM_TI1_ConfigInputStage
                0x08004f8c       0x24 build/debug/stm32f1xx_hal_tim.o
 .text.TIM_TI2_ConfigInputStage
                0x08004fb0       0x26 build/debug/stm32f1xx_hal_tim.o
 .text.TIM_ITRx_SetConfig
                0x08004fd6       0x10 build/debug/stm32f1xx_hal_tim.o
 *fill*         0x08004fe6        0x2 
 .text.HAL_TIM_Base_Start_IT
                0x08004fe8       0x68 build/debug/stm32f1xx_hal_tim.o
                0x08004fe8                HAL_TIM_Base_Start_IT
 .text.HAL_TIM_Base_Stop_IT
                0x08005050       0x32 build/debug/stm32f1xx_hal_tim.o
                0x08005050                HAL_TIM_Base_Stop_IT
 .text.HAL_TIM_PWM_MspInit
                0x08005082        0x2 build/debug/stm32f1xx_hal_tim.o
                0x08005082                HAL_TIM_PWM_MspInit
 .text.HAL_TIM_OC_DelayElapsedCallback
                0x08005084        0x2 build/debug/stm32f1xx_hal_tim.o
                0x08005084                HAL_TIM_OC_DelayElapsedCallback
 .text.HAL_TIM_IC_CaptureCallback
                0x08005086        0x2 build/debug/stm32f1xx_hal_tim.o
                0x08005086                HAL_TIM_IC_CaptureCallback
 .text.HAL_TIM_PWM_PulseFinishedCallback
                0x08005088        0x2 build/debug/stm32f1xx_hal_tim.o
                0x08005088                HAL_TIM_PWM_PulseFinishedCallback
 .text.HAL_TIM_TriggerCallback
                0x0800508a        0x2 build/debug/stm32f1xx_hal_tim.o
                0x0800508a                HAL_TIM_TriggerCallback
 .text.HAL_TIM_IRQHandler
                0x0800508c      0x15e build/debug/stm32f1xx_hal_tim.o
                0x0800508c                HAL_TIM_IRQHandler
 *fill*         0x080051ea        0x2 
 .text.TIM_Base_SetConfig
                0x080051ec       0x84 build/debug/stm32f1xx_hal_tim.o
                0x080051ec                TIM_Base_SetConfig
 .text.HAL_TIM_Base_Init
                0x08005270       0x58 build/debug/stm32f1xx_hal_tim.o
                0x08005270                HAL_TIM_Base_Init
 .text.HAL_TIM_PWM_Init
                0x080052c8       0x58 build/debug/stm32f1xx_hal_tim.o
                0x080052c8                HAL_TIM_PWM_Init
 .text.TIM_OC2_SetConfig
                0x08005320       0x5c build/debug/stm32f1xx_hal_tim.o
                0x08005320                TIM_OC2_SetConfig
 .text.HAL_TIM_PWM_ConfigChannel
                0x0800537c       0xdc build/debug/stm32f1xx_hal_tim.o
                0x0800537c                HAL_TIM_PWM_ConfigChannel
 .text.TIM_ETR_SetConfig
                0x08005458       0x18 build/debug/stm32f1xx_hal_tim.o
                0x08005458                TIM_ETR_SetConfig
 .text.HAL_TIM_ConfigClockSource
                0x08005470       0xfe build/debug/stm32f1xx_hal_tim.o
                0x08005470                HAL_TIM_ConfigClockSource
 .text.TIM_CCxChannelCmd
                0x0800556e       0x1e build/debug/stm32f1xx_hal_tim.o
                0x0800556e                TIM_CCxChannelCmd
 .text.HAL_TIM_PWM_Start
                0x0800558c       0xdc build/debug/stm32f1xx_hal_tim.o
                0x0800558c                HAL_TIM_PWM_Start
 .text.TIM_CCxNChannelCmd
                0x08005668       0x1e build/debug/stm32f1xx_hal_tim_ex.o
 *fill*         0x08005686        0x2 
 .text.HAL_TIMEx_PWMN_Start
                0x08005688       0xd4 build/debug/stm32f1xx_hal_tim_ex.o
                0x08005688                HAL_TIMEx_PWMN_Start
 .text.HAL_TIMEx_MasterConfigSynchronization
                0x0800575c       0x6c build/debug/stm32f1xx_hal_tim_ex.o
                0x0800575c                HAL_TIMEx_MasterConfigSynchronization
 .text.HAL_TIMEx_ConfigBreakDeadTime
                0x080057c8       0x52 build/debug/stm32f1xx_hal_tim_ex.o
                0x080057c8                HAL_TIMEx_ConfigBreakDeadTime
 .text.HAL_TIMEx_CommutCallback
                0x0800581a        0x2 build/debug/stm32f1xx_hal_tim_ex.o
                0x0800581a                HAL_TIMEx_CommutCallback
 .text.HAL_TIMEx_BreakCallback
                0x0800581c        0x2 build/debug/stm32f1xx_hal_tim_ex.o
                0x0800581c                HAL_TIMEx_BreakCallback
 .text.NMI_Handler
                0x0800581e        0x2 build/debug/stm32f1xx_it.o
                0x0800581e                NMI_Handler
 .text.HardFault_Handler
                0x08005820        0x2 build/debug/stm32f1xx_it.o
                0x08005820                HardFault_Handler
 .text.MemManage_Handler
                0x08005822        0x2 build/debug/stm32f1xx_it.o
                0x08005822                MemManage_Handler
 .text.BusFault_Handler
                0x08005824        0x2 build/debug/stm32f1xx_it.o
                0x08005824                BusFault_Handler
 .text.UsageFault_Handler
                0x08005826        0x2 build/debug/stm32f1xx_it.o
                0x08005826                UsageFault_Handler
 .text.SVC_Handler
                0x08005828        0x2 build/debug/stm32f1xx_it.o
                0x08005828                SVC_Handler
 .text.DebugMon_Handler
                0x0800582a        0x2 build/debug/stm32f1xx_it.o
                0x0800582a                DebugMon_Handler
 .text.PendSV_Handler
                0x0800582c        0x2 build/debug/stm32f1xx_it.o
                0x0800582c                PendSV_Handler
 .text.SysTick_Handler
                0x0800582e        0x8 build/debug/stm32f1xx_it.o
                0x0800582e                SysTick_Handler
 .text.EXTI0_IRQHandler
                0x08005836        0xa build/debug/stm32f1xx_it.o
                0x08005836                EXTI0_IRQHandler
 .text.EXTI1_IRQHandler
                0x08005840        0xa build/debug/stm32f1xx_it.o
                0x08005840                EXTI1_IRQHandler
 .text.EXTI2_IRQHandler
                0x0800584a        0xa build/debug/stm32f1xx_it.o
                0x0800584a                EXTI2_IRQHandler
 .text.DMA1_Channel1_IRQHandler
                0x08005854       0x10 build/debug/stm32f1xx_it.o
                0x08005854                DMA1_Channel1_IRQHandler
 .text.USB_LP_CAN1_RX0_IRQHandler
                0x08005864       0x10 build/debug/stm32f1xx_it.o
                0x08005864                USB_LP_CAN1_RX0_IRQHandler
 .text.TIM2_IRQHandler
                0x08005874       0x10 build/debug/stm32f1xx_it.o
                0x08005874                TIM2_IRQHandler
 .text.TIM3_IRQHandler
                0x08005884       0x10 build/debug/stm32f1xx_it.o
                0x08005884                TIM3_IRQHandler
 .text.TIM4_IRQHandler
                0x08005894       0x10 build/debug/stm32f1xx_it.o
                0x08005894                TIM4_IRQHandler
 .text.USB_CoreInit
                0x080058a4        0xe build/debug/stm32f1xx_ll_usb.o
                0x080058a4                USB_CoreInit
 .text.USB_EnableGlobalInt
                0x080058b2       0x12 build/debug/stm32f1xx_ll_usb.o
                0x080058b2                USB_EnableGlobalInt
 .text.USB_DisableGlobalInt
                0x080058c4       0x14 build/debug/stm32f1xx_ll_usb.o
                0x080058c4                USB_DisableGlobalInt
 .text.USB_SetCurrentMode
                0x080058d8        0x4 build/debug/stm32f1xx_ll_usb.o
                0x080058d8                USB_SetCurrentMode
 .text.USB_DevInit
                0x080058dc       0x22 build/debug/stm32f1xx_ll_usb.o
                0x080058dc                USB_DevInit
 .text.USB_ActivateEndpoint
                0x080058fe      0x3ca build/debug/stm32f1xx_ll_usb.o
                0x080058fe                USB_ActivateEndpoint
 .text.USB_DeactivateEndpoint
                0x08005cc8      0x1d6 build/debug/stm32f1xx_ll_usb.o
                0x08005cc8                USB_DeactivateEndpoint
 .text.USB_EPSetStall
                0x08005e9e       0x4a build/debug/stm32f1xx_ll_usb.o
                0x08005e9e                USB_EPSetStall
 .text.USB_EPClearStall
                0x08005ee8       0xa2 build/debug/stm32f1xx_ll_usb.o
                0x08005ee8                USB_EPClearStall
 .text.USB_SetDevAddress
                0x08005f8a        0xc build/debug/stm32f1xx_ll_usb.o
                0x08005f8a                USB_SetDevAddress
 .text.USB_DevConnect
                0x08005f96        0x4 build/debug/stm32f1xx_ll_usb.o
                0x08005f96                USB_DevConnect
 .text.USB_DevDisconnect
                0x08005f9a        0x4 build/debug/stm32f1xx_ll_usb.o
                0x08005f9a                USB_DevDisconnect
 .text.USB_ReadInterrupts
                0x08005f9e        0x8 build/debug/stm32f1xx_ll_usb.o
                0x08005f9e                USB_ReadInterrupts
 .text.USB_EP0_OutStart
                0x08005fa6        0x4 build/debug/stm32f1xx_ll_usb.o
                0x08005fa6                USB_EP0_OutStart
 .text.USB_WritePMA
                0x08005faa       0x26 build/debug/stm32f1xx_ll_usb.o
                0x08005faa                USB_WritePMA
 .text.USB_EPStartXfer
                0x08005fd0      0x7ce build/debug/stm32f1xx_ll_usb.o
                0x08005fd0                USB_EPStartXfer
 .text.USB_ReadPMA
                0x0800679e       0x30 build/debug/stm32f1xx_ll_usb.o
                0x0800679e                USB_ReadPMA
 *fill*         0x080067ce        0x2 
 .text._sbrk    0x080067d0       0x48 build/debug/sysmem.o
                0x080067d0                _sbrk
 .text.SystemInit
                0x08006818        0x2 build/debug/system_stm32f1xx.o
                0x08006818                SystemInit
 *fill*         0x0800681a        0x2 
 .text.MX_TIM2_Init
                0x0800681c       0x70 build/debug/tim.o
                0x0800681c                MX_TIM2_Init
 .text.MX_TIM3_Init
                0x0800688c       0x70 build/debug/tim.o
                0x0800688c                MX_TIM3_Init
 .text.MX_TIM4_Init
                0x080068fc       0x70 build/debug/tim.o
                0x080068fc                MX_TIM4_Init
 .text.HAL_TIM_Base_MspInit
                0x0800696c       0xec build/debug/tim.o
                0x0800696c                HAL_TIM_Base_MspInit
 .text.HAL_TIM_MspPostInit
                0x08006a58       0x78 build/debug/tim.o
                0x08006a58                HAL_TIM_MspPostInit
 .text.MX_TIM1_Init
                0x08006ad0      0x114 build/debug/tim.o
                0x08006ad0                MX_TIM1_Init
 .text.MX_USB_DEVICE_Init
                0x08006be4       0x54 build/debug/usb_device.o
                0x08006be4                MX_USB_DEVICE_Init
 .text.USBD_CDC_EP0_RxReady
                0x08006c38       0x28 build/debug/usbd_cdc.o
 .text.USBD_CDC_GetFSCfgDesc
                0x08006c60        0xc build/debug/usbd_cdc.o
 .text.USBD_CDC_GetHSCfgDesc
                0x08006c6c        0xc build/debug/usbd_cdc.o
 .text.USBD_CDC_GetOtherSpeedCfgDesc
                0x08006c78        0xc build/debug/usbd_cdc.o
 .text.USBD_CDC_GetDeviceQualifierDescriptor
                0x08006c84        0xc build/debug/usbd_cdc.o
                0x08006c84                USBD_CDC_GetDeviceQualifierDescriptor
 .text.USBD_CDC_DataOut
                0x08006c90       0x2e build/debug/usbd_cdc.o
 .text.USBD_CDC_DataIn
                0x08006cbe       0x4e build/debug/usbd_cdc.o
 .text.USBD_CDC_Setup
                0x08006d0c       0xd6 build/debug/usbd_cdc.o
 .text.USBD_CDC_DeInit
                0x08006de2       0x42 build/debug/usbd_cdc.o
 .text.USBD_CDC_Init
                0x08006e24       0xaa build/debug/usbd_cdc.o
 .text.USBD_CDC_RegisterInterface
                0x08006ece        0xe build/debug/usbd_cdc.o
                0x08006ece                USBD_CDC_RegisterInterface
 .text.USBD_CDC_SetTxBuffer
                0x08006edc       0x10 build/debug/usbd_cdc.o
                0x08006edc                USBD_CDC_SetTxBuffer
 .text.USBD_CDC_SetRxBuffer
                0x08006eec        0xc build/debug/usbd_cdc.o
                0x08006eec                USBD_CDC_SetRxBuffer
 .text.USBD_CDC_TransmitPacket
                0x08006ef8       0x32 build/debug/usbd_cdc.o
                0x08006ef8                USBD_CDC_TransmitPacket
 .text.USBD_CDC_ReceivePacket
                0x08006f2a       0x30 build/debug/usbd_cdc.o
                0x08006f2a                USBD_CDC_ReceivePacket
 .text.CDC_DeInit_FS
                0x08006f5a        0x4 build/debug/usbd_cdc_if.o
 .text.CDC_Control_FS
                0x08006f5e        0x4 build/debug/usbd_cdc_if.o
 *fill*         0x08006f62        0x2 
 .text.CDC_Receive_FS
                0x08006f64       0x1c build/debug/usbd_cdc_if.o
 .text.CDC_Init_FS
                0x08006f80       0x28 build/debug/usbd_cdc_if.o
 .text.CDC_Transmit_FS
                0x08006fa8       0x2c build/debug/usbd_cdc_if.o
                0x08006fa8                CDC_Transmit_FS
 .text.USBD_Get_USB_Status
                0x08006fd4       0x14 build/debug/usbd_conf.o
 .text.HAL_PCD_MspInit
                0x08006fe8       0x40 build/debug/usbd_conf.o
                0x08006fe8                HAL_PCD_MspInit
 .text.HAL_PCD_SetupStageCallback
                0x08007028       0x10 build/debug/usbd_conf.o
                0x08007028                HAL_PCD_SetupStageCallback
 .text.HAL_PCD_DataOutStageCallback
                0x08007038       0x18 build/debug/usbd_conf.o
                0x08007038                HAL_PCD_DataOutStageCallback
 .text.HAL_PCD_DataInStageCallback
                0x08007050       0x16 build/debug/usbd_conf.o
                0x08007050                HAL_PCD_DataInStageCallback
 .text.HAL_PCD_SOFCallback
                0x08007066        0xc build/debug/usbd_conf.o
                0x08007066                HAL_PCD_SOFCallback
 .text.HAL_PCD_ResetCallback
                0x08007072       0x24 build/debug/usbd_conf.o
                0x08007072                HAL_PCD_ResetCallback
 *fill*         0x08007096        0x2 
 .text.HAL_PCD_SuspendCallback
                0x08007098       0x20 build/debug/usbd_conf.o
                0x08007098                HAL_PCD_SuspendCallback
 .text.HAL_PCD_ResumeCallback
                0x080070b8        0xc build/debug/usbd_conf.o
                0x080070b8                HAL_PCD_ResumeCallback
 .text.USBD_LL_Init
                0x080070c4       0x84 build/debug/usbd_conf.o
                0x080070c4                USBD_LL_Init
 .text.USBD_LL_Start
                0x08007148       0x10 build/debug/usbd_conf.o
                0x08007148                USBD_LL_Start
 .text.USBD_LL_OpenEP
                0x08007158       0x16 build/debug/usbd_conf.o
                0x08007158                USBD_LL_OpenEP
 .text.USBD_LL_CloseEP
                0x0800716e       0x10 build/debug/usbd_conf.o
                0x0800716e                USBD_LL_CloseEP
 .text.USBD_LL_StallEP
                0x0800717e       0x10 build/debug/usbd_conf.o
                0x0800717e                USBD_LL_StallEP
 .text.USBD_LL_ClearStallEP
                0x0800718e       0x10 build/debug/usbd_conf.o
                0x0800718e                USBD_LL_ClearStallEP
 .text.USBD_LL_IsStallEP
                0x0800719e       0x2c build/debug/usbd_conf.o
                0x0800719e                USBD_LL_IsStallEP
 .text.USBD_LL_SetUSBAddress
                0x080071ca       0x10 build/debug/usbd_conf.o
                0x080071ca                USBD_LL_SetUSBAddress
 .text.USBD_LL_Transmit
                0x080071da       0x10 build/debug/usbd_conf.o
                0x080071da                USBD_LL_Transmit
 .text.USBD_LL_PrepareReceive
                0x080071ea       0x10 build/debug/usbd_conf.o
                0x080071ea                USBD_LL_PrepareReceive
 .text.USBD_LL_GetRxDataSize
                0x080071fa        0xc build/debug/usbd_conf.o
                0x080071fa                USBD_LL_GetRxDataSize
 *fill*         0x08007206        0x2 
 .text.USBD_static_malloc
                0x08007208        0x8 build/debug/usbd_conf.o
                0x08007208                USBD_static_malloc
 .text.USBD_static_free
                0x08007210        0x2 build/debug/usbd_conf.o
                0x08007210                USBD_static_free
 .text.HAL_PCDEx_SetConnectionState
                0x08007212        0x2 build/debug/usbd_conf.o
                0x08007212                HAL_PCDEx_SetConnectionState
 .text.USBD_Init
                0x08007214       0x2e build/debug/usbd_core.o
                0x08007214                USBD_Init
 .text.USBD_RegisterClass
                0x08007242        0xe build/debug/usbd_core.o
                0x08007242                USBD_RegisterClass
 .text.USBD_Start
                0x08007250        0xa build/debug/usbd_core.o
                0x08007250                USBD_Start
 .text.USBD_SetClassConfig
                0x0800725a       0x18 build/debug/usbd_core.o
                0x0800725a                USBD_SetClassConfig
 .text.USBD_ClrClassConfig
                0x08007272        0xe build/debug/usbd_core.o
                0x08007272                USBD_ClrClassConfig
 .text.USBD_LL_SetupStage
                0x08007280       0x5a build/debug/usbd_core.o
                0x08007280                USBD_LL_SetupStage
 .text.USBD_LL_DataOutStage
                0x080072da       0x8c build/debug/usbd_core.o
                0x080072da                USBD_LL_DataOutStage
 .text.USBD_LL_DataInStage
                0x08007366       0xd0 build/debug/usbd_core.o
                0x08007366                USBD_LL_DataInStage
 .text.USBD_LL_Reset
                0x08007436       0x50 build/debug/usbd_core.o
                0x08007436                USBD_LL_Reset
 .text.USBD_LL_SetSpeed
                0x08007486        0x6 build/debug/usbd_core.o
                0x08007486                USBD_LL_SetSpeed
 .text.USBD_LL_Suspend
                0x0800748c       0x12 build/debug/usbd_core.o
                0x0800748c                USBD_LL_Suspend
 .text.USBD_LL_Resume
                0x0800749e       0x16 build/debug/usbd_core.o
                0x0800749e                USBD_LL_Resume
 .text.USBD_LL_SOF
                0x080074b4       0x1c build/debug/usbd_core.o
                0x080074b4                USBD_LL_SOF
 .text.USBD_GetLen
                0x080074d0       0x14 build/debug/usbd_ctlreq.o
 .text.USBD_SetFeature
                0x080074e4       0x14 build/debug/usbd_ctlreq.o
 .text.USBD_ParseSetupRequest
                0x080074f8       0x28 build/debug/usbd_ctlreq.o
                0x080074f8                USBD_ParseSetupRequest
 .text.USBD_CtlError
                0x08007520       0x14 build/debug/usbd_ctlreq.o
                0x08007520                USBD_CtlError
 .text.USBD_GetDescriptor
                0x08007534      0x186 build/debug/usbd_ctlreq.o
 .text.USBD_SetAddress
                0x080076ba       0x4e build/debug/usbd_ctlreq.o
 .text.USBD_SetConfig
                0x08007708       0xb0 build/debug/usbd_ctlreq.o
 .text.USBD_GetConfig
                0x080077b8       0x3e build/debug/usbd_ctlreq.o
 .text.USBD_GetStatus
                0x080077f6       0x38 build/debug/usbd_ctlreq.o
 .text.USBD_ClrFeature
                0x0800782e       0x26 build/debug/usbd_ctlreq.o
 .text.USBD_StdDevReq
                0x08007854       0x68 build/debug/usbd_ctlreq.o
                0x08007854                USBD_StdDevReq
 .text.USBD_StdItfReq
                0x080078bc       0x60 build/debug/usbd_ctlreq.o
                0x080078bc                USBD_StdItfReq
 .text.USBD_StdEPReq
                0x0800791c      0x1e2 build/debug/usbd_ctlreq.o
                0x0800791c                USBD_StdEPReq
 .text.USBD_GetString
                0x08007afe       0x3a build/debug/usbd_ctlreq.o
                0x08007afe                USBD_GetString
 .text.USBD_FS_DeviceDescriptor
                0x08007b38        0xc build/debug/usbd_desc.o
                0x08007b38                USBD_FS_DeviceDescriptor
 .text.USBD_FS_LangIDStrDescriptor
                0x08007b44        0xc build/debug/usbd_desc.o
                0x08007b44                USBD_FS_LangIDStrDescriptor
 .text.IntToUnicode
                0x08007b50       0x46 build/debug/usbd_desc.o
 *fill*         0x08007b96        0x2 
 .text.Get_SerialNum
                0x08007b98       0x38 build/debug/usbd_desc.o
 .text.USBD_FS_SerialStrDescriptor
                0x08007bd0       0x14 build/debug/usbd_desc.o
                0x08007bd0                USBD_FS_SerialStrDescriptor
 .text.USBD_FS_ProductStrDescriptor
                0x08007be4       0x24 build/debug/usbd_desc.o
                0x08007be4                USBD_FS_ProductStrDescriptor
 .text.USBD_FS_ManufacturerStrDescriptor
                0x08007c08       0x1c build/debug/usbd_desc.o
                0x08007c08                USBD_FS_ManufacturerStrDescriptor
 .text.USBD_FS_ConfigStrDescriptor
                0x08007c24       0x24 build/debug/usbd_desc.o
                0x08007c24                USBD_FS_ConfigStrDescriptor
 .text.USBD_FS_InterfaceStrDescriptor
                0x08007c48       0x24 build/debug/usbd_desc.o
                0x08007c48                USBD_FS_InterfaceStrDescriptor
 .text.USBD_CtlSendData
                0x08007c6c       0x1a build/debug/usbd_ioreq.o
                0x08007c6c                USBD_CtlSendData
 .text.USBD_CtlContinueSendData
                0x08007c86       0x10 build/debug/usbd_ioreq.o
                0x08007c86                USBD_CtlContinueSendData
 .text.USBD_CtlPrepareRx
                0x08007c96       0x1e build/debug/usbd_ioreq.o
                0x08007c96                USBD_CtlPrepareRx
 .text.USBD_CtlContinueRx
                0x08007cb4       0x10 build/debug/usbd_ioreq.o
                0x08007cb4                USBD_CtlContinueRx
 .text.USBD_CtlSendStatus
                0x08007cc4       0x16 build/debug/usbd_ioreq.o
                0x08007cc4                USBD_CtlSendStatus
 .text.USBD_CtlReceiveStatus
                0x08007cda       0x16 build/debug/usbd_ioreq.o
                0x08007cda                USBD_CtlReceiveStatus
 .text.Reset_Handler
                0x08007cf0       0x48 build/debug/startup_stm32f103xb.o
                0x08007cf0                Reset_Handler
 .text.Default_Handler
                0x08007d38        0x2 build/debug/startup_stm32f103xb.o
                0x08007d38                RTC_Alarm_IRQHandler
                0x08007d38                TIM1_CC_IRQHandler
                0x08007d38                PVD_IRQHandler
                0x08007d38                EXTI3_IRQHandler
                0x08007d38                I2C2_EV_IRQHandler
                0x08007d38                ADC1_2_IRQHandler
                0x08007d38                SPI1_IRQHandler
                0x08007d38                TAMPER_IRQHandler
                0x08007d38                DMA1_Channel4_IRQHandler
                0x08007d38                USART3_IRQHandler
                0x08007d38                RTC_IRQHandler
                0x08007d38                DMA1_Channel7_IRQHandler
                0x08007d38                CAN1_RX1_IRQHandler
                0x08007d38                I2C1_EV_IRQHandler
                0x08007d38                DMA1_Channel6_IRQHandler
                0x08007d38                RCC_IRQHandler
                0x08007d38                TIM1_TRG_COM_IRQHandler
                0x08007d38                Default_Handler
                0x08007d38                EXTI15_10_IRQHandler
                0x08007d38                EXTI9_5_IRQHandler
                0x08007d38                SPI2_IRQHandler
                0x08007d38                DMA1_Channel5_IRQHandler
                0x08007d38                EXTI4_IRQHandler
                0x08007d38                USB_HP_CAN1_TX_IRQHandler
                0x08007d38                DMA1_Channel3_IRQHandler
                0x08007d38                TIM1_UP_IRQHandler
                0x08007d38                WWDG_IRQHandler
                0x08007d38                TIM1_BRK_IRQHandler
                0x08007d38                USART2_IRQHandler
                0x08007d38                I2C2_ER_IRQHandler
                0x08007d38                DMA1_Channel2_IRQHandler
                0x08007d38                CAN1_SCE_IRQHandler
                0x08007d38                FLASH_IRQHandler
                0x08007d38                USART1_IRQHandler
                0x08007d38                I2C1_ER_IRQHandler
                0x08007d38                USBWakeUp_IRQHandler
 *(.glue_7)
 .glue_7        0x08007d3a        0x0 linker stubs
 *(.glue_7t)
 .glue_7t       0x08007d3a        0x0 linker stubs
 *(.eh_frame)
 *fill*         0x08007d3a        0x2 
 .eh_frame      0x08007d3c        0x0 /usr/lib/gcc/arm-none-eabi/13.3.1/thumb/v7-m/nofp/crtbegin.o
 *(.init)
 .init          0x08007d3c        0x4 /usr/lib/gcc/arm-none-eabi/13.3.1/thumb/v7-m/nofp/crti.o
                0x08007d3c                _init
 .init          0x08007d40        0x8 /usr/lib/gcc/arm-none-eabi/13.3.1/thumb/v7-m/nofp/crtn.o
 *(.fini)
 .fini          0x08007d48        0x4 /usr/lib/gcc/arm-none-eabi/13.3.1/thumb/v7-m/nofp/crti.o
                0x08007d48                _fini
 .fini          0x08007d4c        0x8 /usr/lib/gcc/arm-none-eabi/13.3.1/thumb/v7-m/nofp/crtn.o
                0x08007d54                        . = ALIGN (0x4)
                0x08007d54                        _etext = .

.vfp11_veneer   0x08007d54        0x0
 .vfp11_veneer  0x08007d54        0x0 linker stubs

.v4_bx          0x08007d54        0x0
 .v4_bx         0x08007d54        0x0 linker stubs

.iplt           0x08007d54        0x0
 .iplt          0x08007d54        0x0 /usr/lib/gcc/arm-none-eabi/13.3.1/thumb/v7-m/nofp/crtbegin.o

.rodata         0x08007d54       0xac
                0x08007d54                        . = ALIGN (0x4)
 *(.rodata)
 *(.rodata*)
 .rodata.log_variable.str1.4
                0x08007d54       0x85 build/debug/debug_monitor.o
                                  0x7 (size before relaxing)
 .rodata.HAL_ADC_ConvCpltCallback.str1.4
                0x08007dd9        0xa build/debug/main.o
 .rodata.main.str1.4
                0x08007dd9        0x4 build/debug/main.o
 *fill*         0x08007dd9        0x3 
 .rodata.aPredivFactorTable.0
                0x08007ddc        0x2 build/debug/stm32f1xx_hal_rcc.o
 *fill*         0x08007dde        0x2 
 .rodata.aPLLMULFactorTable.1
                0x08007de0       0x10 build/debug/stm32f1xx_hal_rcc.o
 .rodata.AHBPrescTable
                0x08007df0       0x10 build/debug/system_stm32f1xx.o
                0x08007df0                AHBPrescTable
 .rodata.USBD_FS_ProductStrDescriptor.str1.4
                0x08007e00        0xd build/debug/usbd_desc.o
 .rodata.USBD_FS_ManufacturerStrDescriptor.str1.4
                0x08007e00        0x7 build/debug/usbd_desc.o
 .rodata.USBD_FS_ConfigStrDescriptor.str1.4
                0x08007e00        0xb build/debug/usbd_desc.o
 .rodata.USBD_FS_InterfaceStrDescriptor.str1.4
                0x08007e00        0xe build/debug/usbd_desc.o
 .rodata.str1.4
                0x08007e00       0x13 /usr/lib/gcc/arm-none-eabi/13.3.1/../../../arm-none-eabi/lib/thumb/v7-m/nofp/libc_nano.a(libc_a-nano-svfprintf.o)
 .rodata.str1.4
                0x08007e00       0x25 /usr/lib/gcc/arm-none-eabi/13.3.1/../../../arm-none-eabi/lib/thumb/v7-m/nofp/libc_nano.a(libc_a-nano-vfprintf_i.o)
                0x08007e28                        . = ALIGN (0x4)

.ARM.extab
 *(.ARM.extab* .gnu.linkonce.armextab.*)

.ARM            0x08007e00        0x8
                0x08007e00                        __exidx_start = .
 *(.ARM.exidx*)
 .ARM.exidx     0x08007e00        0x8 /usr/lib/gcc/arm-none-eabi/13.3.1/../../../arm-none-eabi/lib/thumb/v7-m/nofp/libc_nano.a(libc_a-memcpy.o)
                0x08007e08                        __exidx_end = .

.rel.dyn        0x08007e08        0x0
 .rel.iplt      0x08007e08        0x0 /usr/lib/gcc/arm-none-eabi/13.3.1/thumb/v7-m/nofp/crtbegin.o

.preinit_array  0x08007e08        0x0
                0x08007e08                        PROVIDE (__preinit_array_start = .)
 *(.preinit_array*)
                0x08007e08                        PROVIDE (__preinit_array_end = .)

.init_array     0x08007e08        0x4
                0x08007e08                        PROVIDE (__init_array_start = .)
 *(SORT_BY_NAME(.init_array.*))
 *(.init_array*)
 .init_array    0x08007e08        0x4 /usr/lib/gcc/arm-none-eabi/13.3.1/thumb/v7-m/nofp/crtbegin.o
                0x08007e0c                        PROVIDE (__init_array_end = .)

.fini_array     0x08007e0c        0x4
                0x08007e0c                        PROVIDE (__fini_array_start = .)
 *(SORT_BY_NAME(.fini_array.*))
 *(.fini_array*)
 .fini_array    0x08007e0c        0x4 /usr/lib/gcc/arm-none-eabi/13.3.1/thumb/v7-m/nofp/crtbegin.o
                0x08007e10                        PROVIDE (__fini_array_end = .)
                0x08007e10                        _sidata = LOADADDR (.data)

.data           0x20000000      0x1dc load address 0x08007e10
                0x20000000                        . = ALIGN (0x4)
                0x20000000                        _sdata = .
 *(.data)
 .data          0x20000000       0x50 /usr/lib/gcc/arm-none-eabi/13.3.1/../../../arm-none-eabi/lib/thumb/v7-m/nofp/libc_nano.a(libc_a-impure.o)
                0x20000000                _impure_ptr
                0x20000004                _impure_data
 *(.data*)
 .data.rpm_max_limit_flag
                0x20000050        0x2 build/debug/main.o
                0x20000050                rpm_max_limit_flag
 .data.max_pwm_limit
                0x20000052        0x2 build/debug/main.o
                0x20000052                max_pwm_limit
 .data.max_rpm_limit
                0x20000054        0x2 build/debug/main.o
                0x20000054                max_rpm_limit
 .data.minCurrent
                0x20000056        0x2 build/debug/main.o
                0x20000056                minCurrent
 .data.difference_two_coummutation_time
                0x20000058        0x4 build/debug/main.o
                0x20000058                difference_two_coummutation_time
 .data.min_pwm_limit
                0x2000005c        0x2 build/debug/main.o
                0x2000005c                min_pwm_limit
 .data.geri_vites
                0x2000005e        0x1 build/debug/main.o
                0x2000005e                geri_vites
 .data.flagg    0x2000005f        0x1 build/debug/main.o
                0x2000005f                flagg
 .data.first_step_flag
                0x20000060        0x1 build/debug/main.o
                0x20000060                first_step_flag
 .data.mode     0x20000061        0x1 build/debug/main.o
                0x20000061                mode
 .data.uwTickFreq
                0x20000062        0x1 build/debug/stm32f1xx_hal.o
                0x20000062                uwTickFreq
 *fill*         0x20000063        0x1 
 .data.uwTickPrio
                0x20000064        0x4 build/debug/stm32f1xx_hal.o
                0x20000064                uwTickPrio
 .data.SystemCoreClock
                0x20000068        0x4 build/debug/system_stm32f1xx.o
                0x20000068                SystemCoreClock
 .data.USBD_CDC_OtherSpeedCfgDesc
                0x2000006c       0x43 build/debug/usbd_cdc.o
                0x2000006c                USBD_CDC_OtherSpeedCfgDesc
 *fill*         0x200000af        0x1 
 .data.USBD_CDC_CfgFSDesc
                0x200000b0       0x43 build/debug/usbd_cdc.o
                0x200000b0                USBD_CDC_CfgFSDesc
 *fill*         0x200000f3        0x1 
 .data.USBD_CDC_CfgHSDesc
                0x200000f4       0x43 build/debug/usbd_cdc.o
                0x200000f4                USBD_CDC_CfgHSDesc
 *fill*         0x20000137        0x1 
 .data.USBD_CDC
                0x20000138       0x38 build/debug/usbd_cdc.o
                0x20000138                USBD_CDC
 .data.USBD_CDC_DeviceQualifierDesc
                0x20000170        0xa build/debug/usbd_cdc.o
 *fill*         0x2000017a        0x2 
 .data.USBD_Interface_fops_FS
                0x2000017c       0x10 build/debug/usbd_cdc_if.o
                0x2000017c                USBD_Interface_fops_FS
 .data.USBD_StringSerial
                0x2000018c       0x1a build/debug/usbd_desc.o
                0x2000018c                USBD_StringSerial
 *fill*         0x200001a6        0x2 
 .data.USBD_LangIDDesc
                0x200001a8        0x4 build/debug/usbd_desc.o
                0x200001a8                USBD_LangIDDesc
 .data.USBD_FS_DeviceDesc
                0x200001ac       0x12 build/debug/usbd_desc.o
                0x200001ac                USBD_FS_DeviceDesc
 *fill*         0x200001be        0x2 
 .data.FS_Desc  0x200001c0       0x1c build/debug/usbd_desc.o
                0x200001c0                FS_Desc
                0x200001dc                        . = ALIGN (0x4)
                0x200001dc                        _edata = .

.tm_clone_table
                0x200001dc        0x0 load address 0x08007fec
 .tm_clone_table
                0x200001dc        0x0 /usr/lib/gcc/arm-none-eabi/13.3.1/thumb/v7-m/nofp/crtbegin.o
 .tm_clone_table
                0x200001dc        0x0 /usr/lib/gcc/arm-none-eabi/13.3.1/thumb/v7-m/nofp/crtend.o

.igot.plt       0x200001dc        0x0 load address 0x08007fec
 .igot.plt      0x200001dc        0x0 /usr/lib/gcc/arm-none-eabi/13.3.1/thumb/v7-m/nofp/crtbegin.o
                0x200001dc                        . = ALIGN (0x4)

.bss            0x200001dc     0x17a0 load address 0x08007fec
                0x200001dc                        _sbss = .
                0x200001dc                        __bss_start__ = _sbss
 *(.bss)
 .bss           0x200001dc       0x1c /usr/lib/gcc/arm-none-eabi/13.3.1/thumb/v7-m/nofp/crtbegin.o
 .bss           0x200001f8      0x13c /usr/lib/gcc/arm-none-eabi/13.3.1/../../../arm-none-eabi/lib/thumb/v7-m/nofp/libc_nano.a(libc_a-findfp.o)
                0x200001f8                __sf
                0x20000330                __stdio_exit_handler
 .bss           0x20000334        0x8 /usr/lib/gcc/arm-none-eabi/13.3.1/../../../arm-none-eabi/lib/thumb/v7-m/nofp/libc_nano.a(libc_a-mallocr.o)
                0x20000334                __malloc_sbrk_start
                0x20000338                __malloc_free_list
 .bss           0x2000033c        0x4 /usr/lib/gcc/arm-none-eabi/13.3.1/../../../arm-none-eabi/lib/thumb/v7-m/nofp/libc_nano.a(libc_a-reent.o)
                0x2000033c                errno
 *(.bss*)
 .bss.hdma_adc1
                0x20000340       0x44 build/debug/adc.o
                0x20000340                hdma_adc1
 .bss.hadc1     0x20000384       0x30 build/debug/adc.o
                0x20000384                hadc1
 .bss.log_length
                0x200003b4        0x4 build/debug/debug_monitor.o
                0x200003b4                log_length
 .bss.log_buffer
                0x200003b8      0x200 build/debug/debug_monitor.o
                0x200003b8                log_buffer
 .bss.filtered_value3.0
                0x200005b8        0x2 build/debug/main.o
 .bss.filtered_value2.1
                0x200005ba        0x2 build/debug/main.o
 .bss.filtered_value1.2
                0x200005bc        0x2 build/debug/main.o
 .bss.filtered_value0.3
                0x200005be        0x2 build/debug/main.o
 .bss.bemf_execute_flag
                0x200005c0        0x1 build/debug/main.o
                0x200005c0                bemf_execute_flag
 *fill*         0x200005c1        0x1 
 .bss.notr      0x200005c2        0x2 build/debug/main.o
                0x200005c2                notr
 .bss.intersection_interval
                0x200005c4        0x4 build/debug/main.o
                0x200005c4                intersection_interval
 .bss.polarity_C_old
                0x200005c8        0x1 build/debug/main.o
                0x200005c8                polarity_C_old
 .bss.polarity_B_old
                0x200005c9        0x1 build/debug/main.o
                0x200005c9                polarity_B_old
 .bss.polarity_A_old
                0x200005ca        0x1 build/debug/main.o
                0x200005ca                polarity_A_old
 .bss.polarity_C
                0x200005cb        0x1 build/debug/main.o
                0x200005cb                polarity_C
 .bss.polarity_B
                0x200005cc        0x1 build/debug/main.o
                0x200005cc                polarity_B
 .bss.polarity_A
                0x200005cd        0x1 build/debug/main.o
                0x200005cd                polarity_A
 .bss.backEMF_mode
                0x200005ce        0x1 build/debug/main.o
                0x200005ce                backEMF_mode
 *fill*         0x200005cf        0x1 
 .bss.motor_voltage
                0x200005d0        0x2 build/debug/main.o
                0x200005d0                motor_voltage
 .bss.battery_voltage
                0x200005d2        0x2 build/debug/main.o
                0x200005d2                battery_voltage
 .bss.target_rpm
                0x200005d4        0x2 build/debug/main.o
                0x200005d4                target_rpm
 *fill*         0x200005d6        0x2 
 .bss.phase_C   0x200005d8        0x4 build/debug/main.o
                0x200005d8                phase_C
 .bss.phase_B   0x200005dc        0x4 build/debug/main.o
                0x200005dc                phase_B
 .bss.phase_A   0x200005e0        0x4 build/debug/main.o
                0x200005e0                phase_A
 .bss.saved_pwm_rpm
                0x200005e4       0x3c build/debug/main.o
                0x200005e4                saved_pwm_rpm
 .bss.average   0x20000620        0x2 build/debug/main.o
                0x20000620                average
 .bss.temporary_current_value
                0x20000622        0x2 build/debug/main.o
                0x20000622                temporary_current_value
 .bss.maxCurrent
                0x20000624        0x2 build/debug/main.o
                0x20000624                maxCurrent
 *fill*         0x20000626        0x2 
 .bss.previousTime3
                0x20000628        0x4 build/debug/main.o
                0x20000628                previousTime3
 .bss.rpm       0x2000062c        0x4 build/debug/main.o
                0x2000062c                rpm
 .bss.timeForRotorStopStatusMsFlag
                0x20000630        0x4 build/debug/main.o
                0x20000630                timeForRotorStopStatusMsFlag
 .bss.timeForRotorStopStatusMs
                0x20000634        0x4 build/debug/main.o
                0x20000634                timeForRotorStopStatusMs
 .bss.oncekiDegerler
                0x20000638        0x3 build/debug/main.o
                0x20000638                oncekiDegerler
 *fill*         0x2000063b        0x1 
 .bss.previousTime2
                0x2000063c        0x4 build/debug/main.o
                0x2000063c                previousTime2
 .bss.pwm_value
                0x20000640        0x4 build/debug/main.o
                0x20000640                pwm_value
 .bss.step      0x20000644        0x4 build/debug/main.o
                0x20000644                step
 .bss.hall_C    0x20000648        0x1 build/debug/main.o
                0x20000648                hall_C
 .bss.hall_B    0x20000649        0x1 build/debug/main.o
                0x20000649                hall_B
 .bss.hall_A    0x2000064a        0x1 build/debug/main.o
                0x2000064a                hall_A
 .bss.run_status
                0x2000064b        0x1 build/debug/main.o
                0x2000064b                run_status
 .bss.filtered_current
                0x2000064c        0x2 build/debug/main.o
                0x2000064c                filtered_current
 .bss.currentValue
                0x2000064e        0x2 build/debug/main.o
                0x2000064e                currentValue
 .bss.speedInAdc
                0x20000650        0x2 build/debug/main.o
                0x20000650                speedInAdc
 *fill*         0x20000652        0x2 
 .bss.adcBuffer
                0x20000654       0x1c build/debug/main.o
                0x20000654                adcBuffer
 .bss.oldValue  0x20000670        0x3 build/debug/main.o
                0x20000670                oldValue
 *fill*         0x20000673        0x1 
 .bss.tim4Counter
                0x20000674        0x4 build/debug/rpm.o
                0x20000674                tim4Counter
 .bss.filtered_rpm
                0x20000678        0x2 build/debug/rpm.o
                0x20000678                filtered_rpm
 .bss.first_filterless_count
                0x2000067a        0x1 build/debug/rpm.o
                0x2000067a                first_filterless_count
 .bss.array_index
                0x2000067b        0x1 build/debug/rpm.o
                0x2000067b                array_index
 .bss.rpm_sampling_array
                0x2000067c       0x18 build/debug/rpm.o
                0x2000067c                rpm_sampling_array
 .bss.uwTick    0x20000694        0x4 build/debug/stm32f1xx_hal.o
                0x20000694                uwTick
 .bss.__sbrk_heap_end
                0x20000698        0x4 build/debug/sysmem.o
 .bss.htim4     0x2000069c       0x48 build/debug/tim.o
                0x2000069c                htim4
 .bss.htim3     0x200006e4       0x48 build/debug/tim.o
                0x200006e4                htim3
 .bss.htim2     0x2000072c       0x48 build/debug/tim.o
                0x2000072c                htim2
 .bss.htim1     0x20000774       0x48 build/debug/tim.o
                0x20000774                htim1
 .bss.hUsbDeviceFS
                0x200007bc      0x2c4 build/debug/usb_device.o
                0x200007bc                hUsbDeviceFS
 .bss.UserTxBufferFS
                0x20000a80      0x400 build/debug/usbd_cdc_if.o
                0x20000a80                UserTxBufferFS
 .bss.UserRxBufferFS
                0x20000e80      0x400 build/debug/usbd_cdc_if.o
                0x20000e80                UserRxBufferFS
 .bss.mem.0     0x20001280      0x220 build/debug/usbd_conf.o
 .bss.hpcd_USB_FS
                0x200014a0      0x2d8 build/debug/usbd_conf.o
                0x200014a0                hpcd_USB_FS
 .bss.cfgidx.0  0x20001778        0x1 build/debug/usbd_ctlreq.o
 *fill*         0x20001779        0x3 
 .bss.USBD_StrDesc
                0x2000177c      0x200 build/debug/usbd_desc.o
                0x2000177c                USBD_StrDesc
 *(COMMON)
                0x2000197c                        . = ALIGN (0x4)
                0x2000197c                        _ebss = .
                0x2000197c                        __bss_end__ = _ebss

._user_heap_stack
                0x2000197c      0x604 load address 0x08007fec
                0x20001980                        . = ALIGN (0x8)
 *fill*         0x2000197c        0x4 
                [!provide]                        PROVIDE (end = .)
                0x20001980                        PROVIDE (_end = .)
                0x20001b80                        . = (. + _Min_Heap_Size)
 *fill*         0x20001980      0x200 
                0x20001f80                        . = (. + _Min_Stack_Size)
 *fill*         0x20001b80      0x400 
                0x20001f80                        . = ALIGN (0x8)

/DISCARD/
 libc.a(*)
 libm.a(*)
 libgcc.a(*)

.ARM.attributes
                0x00000000       0x29
 *(.ARM.attributes)
 .ARM.attributes
                0x00000000       0x1d /usr/lib/gcc/arm-none-eabi/13.3.1/thumb/v7-m/nofp/crti.o
 .ARM.attributes
                0x0000001d       0x2d /usr/lib/gcc/arm-none-eabi/13.3.1/thumb/v7-m/nofp/crtbegin.o
 .ARM.attributes
                0x0000004a       0x2d build/debug/adc.o
 .ARM.attributes
                0x00000077       0x2d build/debug/bemf.o
 .ARM.attributes
                0x000000a4       0x2d build/debug/debug_monitor.o
 .ARM.attributes
                0x000000d1       0x2d build/debug/dma.o
 .ARM.attributes
                0x000000fe       0x2d build/debug/gpio.o
 .ARM.attributes
                0x0000012b       0x2d build/debug/gpio_interrupt.o
 .ARM.attributes
                0x00000158       0x2d build/debug/main.o
 .ARM.attributes
                0x00000185       0x2d build/debug/old_value_hall.o
 .ARM.attributes
                0x000001b2       0x2d build/debug/rpm.o
 .ARM.attributes
                0x000001df       0x2d build/debug/steps.o
 .ARM.attributes
                0x0000020c       0x2d build/debug/stm32f1xx_hal.o
 .ARM.attributes
                0x00000239       0x2d build/debug/stm32f1xx_hal_adc.o
 .ARM.attributes
                0x00000266       0x2d build/debug/stm32f1xx_hal_cortex.o
 .ARM.attributes
                0x00000293       0x2d build/debug/stm32f1xx_hal_dma.o
 .ARM.attributes
                0x000002c0       0x2d build/debug/stm32f1xx_hal_gpio.o
 .ARM.attributes
                0x000002ed       0x2d build/debug/stm32f1xx_hal_msp.o
 .ARM.attributes
                0x0000031a       0x2d build/debug/stm32f1xx_hal_pcd.o
 .ARM.attributes
                0x00000347       0x2d build/debug/stm32f1xx_hal_pcd_ex.o
 .ARM.attributes
                0x00000374       0x2d build/debug/stm32f1xx_hal_rcc.o
 .ARM.attributes
                0x000003a1       0x2d build/debug/stm32f1xx_hal_rcc_ex.o
 .ARM.attributes
                0x000003ce       0x2d build/debug/stm32f1xx_hal_tim.o
 .ARM.attributes
                0x000003fb       0x2d build/debug/stm32f1xx_hal_tim_ex.o
 .ARM.attributes
                0x00000428       0x2d build/debug/stm32f1xx_it.o
 .ARM.attributes
                0x00000455       0x2d build/debug/stm32f1xx_ll_usb.o
 .ARM.attributes
                0x00000482       0x2d build/debug/sysmem.o
 .ARM.attributes
                0x000004af       0x2d build/debug/system_stm32f1xx.o
 .ARM.attributes
                0x000004dc       0x2d build/debug/tim.o
 .ARM.attributes
                0x00000509       0x2d build/debug/usb_device.o
 .ARM.attributes
                0x00000536       0x2d build/debug/usbd_cdc.o
 .ARM.attributes
                0x00000563       0x2d build/debug/usbd_cdc_if.o
 .ARM.attributes
                0x00000590       0x2d build/debug/usbd_conf.o
 .ARM.attributes
                0x000005bd       0x2d build/debug/usbd_core.o
 .ARM.attributes
                0x000005ea       0x2d build/debug/usbd_ctlreq.o
 .ARM.attributes
                0x00000617       0x2d build/debug/usbd_desc.o
 .ARM.attributes
                0x00000644       0x2d build/debug/usbd_ioreq.o
 .ARM.attributes
                0x00000671       0x21 build/debug/startup_stm32f103xb.o
 .ARM.attributes
                0x00000692       0x2d /usr/lib/gcc/arm-none-eabi/13.3.1/../../../arm-none-eabi/lib/thumb/v7-m/nofp/libc_nano.a(libc_a-errno.o)
 .ARM.attributes
                0x000006bf       0x2d /usr/lib/gcc/arm-none-eabi/13.3.1/../../../arm-none-eabi/lib/thumb/v7-m/nofp/libc_nano.a(libc_a-init.o)
 .ARM.attributes
                0x000006ec       0x2d /usr/lib/gcc/arm-none-eabi/13.3.1/../../../arm-none-eabi/lib/thumb/v7-m/nofp/libc_nano.a(libc_a-memset.o)
 .ARM.attributes
                0x00000719       0x2d /usr/lib/gcc/arm-none-eabi/13.3.1/../../../arm-none-eabi/lib/thumb/v7-m/nofp/libc_nano.a(libc_a-impure.o)
 .ARM.attributes
                0x00000746       0x2d /usr/lib/gcc/arm-none-eabi/13.3.1/../../../arm-none-eabi/lib/thumb/v7-m/nofp/libc_nano.a(libc_a-snprintf.o)
 .ARM.attributes
                0x00000773       0x2d /usr/lib/gcc/arm-none-eabi/13.3.1/../../../arm-none-eabi/lib/thumb/v7-m/nofp/libc_nano.a(libc_a-nano-svfprintf.o)
 .ARM.attributes
                0x000007a0       0x2d /usr/lib/gcc/arm-none-eabi/13.3.1/../../../arm-none-eabi/lib/thumb/v7-m/nofp/libc_nano.a(libc_a-memchr-stub.o)
 .ARM.attributes
                0x000007cd       0x2d /usr/lib/gcc/arm-none-eabi/13.3.1/../../../arm-none-eabi/lib/thumb/v7-m/nofp/libc_nano.a(libc_a-findfp.o)
 .ARM.attributes
                0x000007fa       0x2d /usr/lib/gcc/arm-none-eabi/13.3.1/../../../arm-none-eabi/lib/thumb/v7-m/nofp/libc_nano.a(libc_a-mallocr.o)
 .ARM.attributes
                0x00000827       0x1b /usr/lib/gcc/arm-none-eabi/13.3.1/../../../arm-none-eabi/lib/thumb/v7-m/nofp/libc_nano.a(libc_a-memcpy.o)
 .ARM.attributes
                0x00000842       0x2d /usr/lib/gcc/arm-none-eabi/13.3.1/../../../arm-none-eabi/lib/thumb/v7-m/nofp/libc_nano.a(libc_a-freer.o)
 .ARM.attributes
                0x0000086f       0x2d /usr/lib/gcc/arm-none-eabi/13.3.1/../../../arm-none-eabi/lib/thumb/v7-m/nofp/libc_nano.a(libc_a-reallocr.o)
 .ARM.attributes
                0x0000089c       0x2d /usr/lib/gcc/arm-none-eabi/13.3.1/../../../arm-none-eabi/lib/thumb/v7-m/nofp/libc_nano.a(libc_a-nano-vfprintf_i.o)
 .ARM.attributes
                0x000008c9       0x2d /usr/lib/gcc/arm-none-eabi/13.3.1/../../../arm-none-eabi/lib/thumb/v7-m/nofp/libc_nano.a(libc_a-mlock.o)
 .ARM.attributes
                0x000008f6       0x2d /usr/lib/gcc/arm-none-eabi/13.3.1/../../../arm-none-eabi/lib/thumb/v7-m/nofp/libc_nano.a(libc_a-memmove.o)
 .ARM.attributes
                0x00000923       0x2d /usr/lib/gcc/arm-none-eabi/13.3.1/../../../arm-none-eabi/lib/thumb/v7-m/nofp/libc_nano.a(libc_a-sbrkr.o)
 .ARM.attributes
                0x00000950       0x2d /usr/lib/gcc/arm-none-eabi/13.3.1/../../../arm-none-eabi/lib/thumb/v7-m/nofp/libc_nano.a(libc_a-msizer.o)
 .ARM.attributes
                0x0000097d       0x2d /usr/lib/gcc/arm-none-eabi/13.3.1/../../../arm-none-eabi/lib/thumb/v7-m/nofp/libc_nano.a(libc_a-reent.o)
 .ARM.attributes
                0x000009aa       0x1d /usr/lib/gcc/arm-none-eabi/13.3.1/thumb/v7-m/nofp/libgcc.a(_arm_addsubdf3.o)
 .ARM.attributes
                0x000009c7       0x1d /usr/lib/gcc/arm-none-eabi/13.3.1/thumb/v7-m/nofp/libgcc.a(_arm_muldivdf3.o)
 .ARM.attributes
                0x000009e4       0x1d /usr/lib/gcc/arm-none-eabi/13.3.1/thumb/v7-m/nofp/libgcc.a(_arm_fixunsdfsi.o)
 .ARM.attributes
                0x00000a01       0x2d /usr/lib/gcc/arm-none-eabi/13.3.1/thumb/v7-m/nofp/crtend.o
 .ARM.attributes
                0x00000a2e       0x1d /usr/lib/gcc/arm-none-eabi/13.3.1/thumb/v7-m/nofp/crtn.o
OUTPUT(build/debug/MotorSurucuC8T6.elf elf32-littlearm)
LOAD linker stubs
LOAD /usr/lib/gcc/arm-none-eabi/13.3.1/../../../arm-none-eabi/lib/thumb/v7-m/nofp/libc.a
LOAD /usr/lib/gcc/arm-none-eabi/13.3.1/../../../arm-none-eabi/lib/thumb/v7-m/nofp/libm.a
LOAD /usr/lib/gcc/arm-none-eabi/13.3.1/thumb/v7-m/nofp/libgcc.a

.comment        0x00000000       0x26
 .comment       0x00000000       0x26 /usr/lib/gcc/arm-none-eabi/13.3.1/thumb/v7-m/nofp/crtbegin.o
                                 0x27 (size before relaxing)
 .comment       0x00000026       0x27 build/debug/adc.o
 .comment       0x00000026       0x27 build/debug/bemf.o
 .comment       0x00000026       0x27 build/debug/debug_monitor.o
 .comment       0x00000026       0x27 build/debug/dma.o
 .comment       0x00000026       0x27 build/debug/gpio.o
 .comment       0x00000026       0x27 build/debug/gpio_interrupt.o
 .comment       0x00000026       0x27 build/debug/main.o
 .comment       0x00000026       0x27 build/debug/old_value_hall.o
 .comment       0x00000026       0x27 build/debug/rpm.o
 .comment       0x00000026       0x27 build/debug/steps.o
 .comment       0x00000026       0x27 build/debug/stm32f1xx_hal.o
 .comment       0x00000026       0x27 build/debug/stm32f1xx_hal_adc.o
 .comment       0x00000026       0x27 build/debug/stm32f1xx_hal_cortex.o
 .comment       0x00000026       0x27 build/debug/stm32f1xx_hal_dma.o
 .comment       0x00000026       0x27 build/debug/stm32f1xx_hal_gpio.o
 .comment       0x00000026       0x27 build/debug/stm32f1xx_hal_msp.o
 .comment       0x00000026       0x27 build/debug/stm32f1xx_hal_pcd.o
 .comment       0x00000026       0x27 build/debug/stm32f1xx_hal_pcd_ex.o
 .comment       0x00000026       0x27 build/debug/stm32f1xx_hal_rcc.o
 .comment       0x00000026       0x27 build/debug/stm32f1xx_hal_rcc_ex.o
 .comment       0x00000026       0x27 build/debug/stm32f1xx_hal_tim.o
 .comment       0x00000026       0x27 build/debug/stm32f1xx_hal_tim_ex.o
 .comment       0x00000026       0x27 build/debug/stm32f1xx_it.o
 .comment       0x00000026       0x27 build/debug/stm32f1xx_ll_usb.o
 .comment       0x00000026       0x27 build/debug/sysmem.o
 .comment       0x00000026       0x27 build/debug/system_stm32f1xx.o
 .comment       0x00000026       0x27 build/debug/tim.o
 .comment       0x00000026       0x27 build/debug/usb_device.o
 .comment       0x00000026       0x27 build/debug/usbd_cdc.o
 .comment       0x00000026       0x27 build/debug/usbd_cdc_if.o
 .comment       0x00000026       0x27 build/debug/usbd_conf.o
 .comment       0x00000026       0x27 build/debug/usbd_core.o
 .comment       0x00000026       0x27 build/debug/usbd_ctlreq.o
 .comment       0x00000026       0x27 build/debug/usbd_desc.o
 .comment       0x00000026       0x27 build/debug/usbd_ioreq.o
 .comment       0x00000026       0x27 /usr/lib/gcc/arm-none-eabi/13.3.1/../../../arm-none-eabi/lib/thumb/v7-m/nofp/libc_nano.a(libc_a-errno.o)
 .comment       0x00000026       0x27 /usr/lib/gcc/arm-none-eabi/13.3.1/../../../arm-none-eabi/lib/thumb/v7-m/nofp/libc_nano.a(libc_a-init.o)
 .comment       0x00000026       0x27 /usr/lib/gcc/arm-none-eabi/13.3.1/../../../arm-none-eabi/lib/thumb/v7-m/nofp/libc_nano.a(libc_a-memset.o)
 .comment       0x00000026       0x27 /usr/lib/gcc/arm-none-eabi/13.3.1/../../../arm-none-eabi/lib/thumb/v7-m/nofp/libc_nano.a(libc_a-impure.o)
 .comment       0x00000026       0x27 /usr/lib/gcc/arm-none-eabi/13.3.1/../../../arm-none-eabi/lib/thumb/v7-m/nofp/libc_nano.a(libc_a-snprintf.o)
 .comment       0x00000026       0x27 /usr/lib/gcc/arm-none-eabi/13.3.1/../../../arm-none-eabi/lib/thumb/v7-m/nofp/libc_nano.a(libc_a-nano-svfprintf.o)
 .comment       0x00000026       0x27 /usr/lib/gcc/arm-none-eabi/13.3.1/../../../arm-none-eabi/lib/thumb/v7-m/nofp/libc_nano.a(libc_a-memchr-stub.o)
 .comment       0x00000026       0x27 /usr/lib/gcc/arm-none-eabi/13.3.1/../../../arm-none-eabi/lib/thumb/v7-m/nofp/libc_nano.a(libc_a-findfp.o)
 .comment       0x00000026       0x27 /usr/lib/gcc/arm-none-eabi/13.3.1/../../../arm-none-eabi/lib/thumb/v7-m/nofp/libc_nano.a(libc_a-mallocr.o)
 .comment       0x00000026       0x27 /usr/lib/gcc/arm-none-eabi/13.3.1/../../../arm-none-eabi/lib/thumb/v7-m/nofp/libc_nano.a(libc_a-freer.o)
 .comment       0x00000026       0x27 /usr/lib/gcc/arm-none-eabi/13.3.1/../../../arm-none-eabi/lib/thumb/v7-m/nofp/libc_nano.a(libc_a-reallocr.o)
 .comment       0x00000026       0x27 /usr/lib/gcc/arm-none-eabi/13.3.1/../../../arm-none-eabi/lib/thumb/v7-m/nofp/libc_nano.a(libc_a-nano-vfprintf_i.o)
 .comment       0x00000026       0x27 /usr/lib/gcc/arm-none-eabi/13.3.1/../../../arm-none-eabi/lib/thumb/v7-m/nofp/libc_nano.a(libc_a-mlock.o)
 .comment       0x00000026       0x27 /usr/lib/gcc/arm-none-eabi/13.3.1/../../../arm-none-eabi/lib/thumb/v7-m/nofp/libc_nano.a(libc_a-memmove.o)
 .comment       0x00000026       0x27 /usr/lib/gcc/arm-none-eabi/13.3.1/../../../arm-none-eabi/lib/thumb/v7-m/nofp/libc_nano.a(libc_a-sbrkr.o)
 .comment       0x00000026       0x27 /usr/lib/gcc/arm-none-eabi/13.3.1/../../../arm-none-eabi/lib/thumb/v7-m/nofp/libc_nano.a(libc_a-msizer.o)
 .comment       0x00000026       0x27 /usr/lib/gcc/arm-none-eabi/13.3.1/../../../arm-none-eabi/lib/thumb/v7-m/nofp/libc_nano.a(libc_a-reent.o)
 .comment       0x00000026       0x27 /usr/lib/gcc/arm-none-eabi/13.3.1/thumb/v7-m/nofp/crtend.o

.debug_info     0x00000000    0x235e3
 .debug_info    0x00000000      0x9d7 build/debug/adc.o
 .debug_info    0x000009d7      0x864 build/debug/bemf.o
 .debug_info    0x0000123b      0x1e3 build/debug/debug_monitor.o
 .debug_info    0x0000141e      0x2f6 build/debug/dma.o
 .debug_info    0x00001714      0x543 build/debug/gpio.o
 .debug_info    0x00001c57      0x861 build/debug/gpio_interrupt.o
 .debug_info    0x000024b8     0x1985 build/debug/main.o
 .debug_info    0x00003e3d      0x219 build/debug/old_value_hall.o
 .debug_info    0x00004056      0x773 build/debug/rpm.o
 .debug_info    0x000047c9      0x671 build/debug/steps.o
 .debug_info    0x00004e3a      0x796 build/debug/stm32f1xx_hal.o
 .debug_info    0x000055d0      0xec1 build/debug/stm32f1xx_hal_adc.o
 .debug_info    0x00006491      0xcb5 build/debug/stm32f1xx_hal_cortex.o
 .debug_info    0x00007146      0x7e6 build/debug/stm32f1xx_hal_dma.o
 .debug_info    0x0000792c      0x5ec build/debug/stm32f1xx_hal_gpio.o
 .debug_info    0x00007f18      0x1ef build/debug/stm32f1xx_hal_msp.o
 .debug_info    0x00008107     0x1c98 build/debug/stm32f1xx_hal_pcd.o
 .debug_info    0x00009d9f      0x6ae build/debug/stm32f1xx_hal_pcd_ex.o
 .debug_info    0x0000a44d      0x9a3 build/debug/stm32f1xx_hal_rcc.o
 .debug_info    0x0000adf0      0x408 build/debug/stm32f1xx_hal_rcc_ex.o
 .debug_info    0x0000b1f8     0x3bf7 build/debug/stm32f1xx_hal_tim.o
 .debug_info    0x0000edef     0x1a94 build/debug/stm32f1xx_hal_tim_ex.o
 .debug_info    0x00010883      0xc8f build/debug/stm32f1xx_it.o
 .debug_info    0x00011512     0x1af6 build/debug/stm32f1xx_ll_usb.o
 .debug_info    0x00013008      0x159 build/debug/sysmem.o
 .debug_info    0x00013161      0x213 build/debug/system_stm32f1xx.o
 .debug_info    0x00013374     0x1201 build/debug/tim.o
 .debug_info    0x00014575      0x696 build/debug/usb_device.o
 .debug_info    0x00014c0b     0x13a8 build/debug/usbd_cdc.o
 .debug_info    0x00015fb3      0x87e build/debug/usbd_cdc_if.o
 .debug_info    0x00016831     0x1d41 build/debug/usbd_conf.o
 .debug_info    0x00018572      0xdd5 build/debug/usbd_core.o
 .debug_info    0x00019347     0x1088 build/debug/usbd_ctlreq.o
 .debug_info    0x0001a3cf      0x5b1 build/debug/usbd_desc.o
 .debug_info    0x0001a980      0x817 build/debug/usbd_ioreq.o
 .debug_info    0x0001b197       0x30 build/debug/startup_stm32f103xb.o
 .debug_info    0x0001b1c7      0x6f1 /usr/lib/gcc/arm-none-eabi/13.3.1/../../../arm-none-eabi/lib/thumb/v7-m/nofp/libc_nano.a(libc_a-errno.o)
 .debug_info    0x0001b8b8      0x10b /usr/lib/gcc/arm-none-eabi/13.3.1/../../../arm-none-eabi/lib/thumb/v7-m/nofp/libc_nano.a(libc_a-init.o)
 .debug_info    0x0001b9c3      0x135 /usr/lib/gcc/arm-none-eabi/13.3.1/../../../arm-none-eabi/lib/thumb/v7-m/nofp/libc_nano.a(libc_a-memset.o)
 .debug_info    0x0001baf8      0x70b /usr/lib/gcc/arm-none-eabi/13.3.1/../../../arm-none-eabi/lib/thumb/v7-m/nofp/libc_nano.a(libc_a-impure.o)
 .debug_info    0x0001c203      0x8ff /usr/lib/gcc/arm-none-eabi/13.3.1/../../../arm-none-eabi/lib/thumb/v7-m/nofp/libc_nano.a(libc_a-snprintf.o)
 .debug_info    0x0001cb02     0x1094 /usr/lib/gcc/arm-none-eabi/13.3.1/../../../arm-none-eabi/lib/thumb/v7-m/nofp/libc_nano.a(libc_a-nano-svfprintf.o)
 .debug_info    0x0001db96      0x14a /usr/lib/gcc/arm-none-eabi/13.3.1/../../../arm-none-eabi/lib/thumb/v7-m/nofp/libc_nano.a(libc_a-memchr-stub.o)
 .debug_info    0x0001dce0      0xe8c /usr/lib/gcc/arm-none-eabi/13.3.1/../../../arm-none-eabi/lib/thumb/v7-m/nofp/libc_nano.a(libc_a-findfp.o)
 .debug_info    0x0001eb6c      0x9b6 /usr/lib/gcc/arm-none-eabi/13.3.1/../../../arm-none-eabi/lib/thumb/v7-m/nofp/libc_nano.a(libc_a-mallocr.o)
 .debug_info    0x0001f522       0x33 /usr/lib/gcc/arm-none-eabi/13.3.1/../../../arm-none-eabi/lib/thumb/v7-m/nofp/libc_nano.a(libc_a-memcpy.o)
 .debug_info    0x0001f555      0x87f /usr/lib/gcc/arm-none-eabi/13.3.1/../../../arm-none-eabi/lib/thumb/v7-m/nofp/libc_nano.a(libc_a-freer.o)
 .debug_info    0x0001fdd4      0x8cd /usr/lib/gcc/arm-none-eabi/13.3.1/../../../arm-none-eabi/lib/thumb/v7-m/nofp/libc_nano.a(libc_a-reallocr.o)
 .debug_info    0x000206a1      0xdd7 /usr/lib/gcc/arm-none-eabi/13.3.1/../../../arm-none-eabi/lib/thumb/v7-m/nofp/libc_nano.a(libc_a-nano-vfprintf_i.o)
 .debug_info    0x00021478      0x71c /usr/lib/gcc/arm-none-eabi/13.3.1/../../../arm-none-eabi/lib/thumb/v7-m/nofp/libc_nano.a(libc_a-mlock.o)
 .debug_info    0x00021b94      0x148 /usr/lib/gcc/arm-none-eabi/13.3.1/../../../arm-none-eabi/lib/thumb/v7-m/nofp/libc_nano.a(libc_a-memmove.o)
 .debug_info    0x00021cdc      0x778 /usr/lib/gcc/arm-none-eabi/13.3.1/../../../arm-none-eabi/lib/thumb/v7-m/nofp/libc_nano.a(libc_a-sbrkr.o)
 .debug_info    0x00022454      0x78a /usr/lib/gcc/arm-none-eabi/13.3.1/../../../arm-none-eabi/lib/thumb/v7-m/nofp/libc_nano.a(libc_a-msizer.o)
 .debug_info    0x00022bde      0x89f /usr/lib/gcc/arm-none-eabi/13.3.1/../../../arm-none-eabi/lib/thumb/v7-m/nofp/libc_nano.a(libc_a-reent.o)
 .debug_info    0x0002347d       0xd3 /usr/lib/gcc/arm-none-eabi/13.3.1/thumb/v7-m/nofp/libgcc.a(_arm_addsubdf3.o)
 .debug_info    0x00023550       0x57 /usr/lib/gcc/arm-none-eabi/13.3.1/thumb/v7-m/nofp/libgcc.a(_arm_muldivdf3.o)
 .debug_info    0x000235a7       0x3c /usr/lib/gcc/arm-none-eabi/13.3.1/thumb/v7-m/nofp/libgcc.a(_arm_fixunsdfsi.o)

.debug_abbrev   0x00000000     0x69d2
 .debug_abbrev  0x00000000      0x207 build/debug/adc.o
 .debug_abbrev  0x00000207      0x202 build/debug/bemf.o
 .debug_abbrev  0x00000409      0x118 build/debug/debug_monitor.o
 .debug_abbrev  0x00000521      0x119 build/debug/dma.o
 .debug_abbrev  0x0000063a      0x173 build/debug/gpio.o
 .debug_abbrev  0x000007ad      0x1f1 build/debug/gpio_interrupt.o
 .debug_abbrev  0x0000099e      0x3d8 build/debug/main.o
 .debug_abbrev  0x00000d76      0x110 build/debug/old_value_hall.o
 .debug_abbrev  0x00000e86      0x1ee build/debug/rpm.o
 .debug_abbrev  0x00001074      0x17c build/debug/steps.o
 .debug_abbrev  0x000011f0      0x22d build/debug/stm32f1xx_hal.o
 .debug_abbrev  0x0000141d      0x252 build/debug/stm32f1xx_hal_adc.o
 .debug_abbrev  0x0000166f      0x36d build/debug/stm32f1xx_hal_cortex.o
 .debug_abbrev  0x000019dc      0x244 build/debug/stm32f1xx_hal_dma.o
 .debug_abbrev  0x00001c20      0x1f7 build/debug/stm32f1xx_hal_gpio.o
 .debug_abbrev  0x00001e17       0xed build/debug/stm32f1xx_hal_msp.o
 .debug_abbrev  0x00001f04      0x311 build/debug/stm32f1xx_hal_pcd.o
 .debug_abbrev  0x00002215      0x19f build/debug/stm32f1xx_hal_pcd_ex.o
 .debug_abbrev  0x000023b4      0x2a0 build/debug/stm32f1xx_hal_rcc.o
 .debug_abbrev  0x00002654      0x1d8 build/debug/stm32f1xx_hal_rcc_ex.o
 .debug_abbrev  0x0000282c      0x270 build/debug/stm32f1xx_hal_tim.o
 .debug_abbrev  0x00002a9c      0x26e build/debug/stm32f1xx_hal_tim_ex.o
 .debug_abbrev  0x00002d0a      0x213 build/debug/stm32f1xx_it.o
 .debug_abbrev  0x00002f1d      0x233 build/debug/stm32f1xx_ll_usb.o
 .debug_abbrev  0x00003150       0xea build/debug/sysmem.o
 .debug_abbrev  0x0000323a      0x144 build/debug/system_stm32f1xx.o
 .debug_abbrev  0x0000337e      0x2a0 build/debug/tim.o
 .debug_abbrev  0x0000361e      0x1a8 build/debug/usb_device.o
 .debug_abbrev  0x000037c6      0x326 build/debug/usbd_cdc.o
 .debug_abbrev  0x00003aec      0x281 build/debug/usbd_cdc_if.o
 .debug_abbrev  0x00003d6d      0x32e build/debug/usbd_conf.o
 .debug_abbrev  0x0000409b      0x289 build/debug/usbd_core.o
 .debug_abbrev  0x00004324      0x2eb build/debug/usbd_ctlreq.o
 .debug_abbrev  0x0000460f      0x220 build/debug/usbd_desc.o
 .debug_abbrev  0x0000482f      0x1a8 build/debug/usbd_ioreq.o
 .debug_abbrev  0x000049d7       0x24 build/debug/startup_stm32f103xb.o
 .debug_abbrev  0x000049fb      0x15e /usr/lib/gcc/arm-none-eabi/13.3.1/../../../arm-none-eabi/lib/thumb/v7-m/nofp/libc_nano.a(libc_a-errno.o)
 .debug_abbrev  0x00004b59       0xc9 /usr/lib/gcc/arm-none-eabi/13.3.1/../../../arm-none-eabi/lib/thumb/v7-m/nofp/libc_nano.a(libc_a-init.o)
 .debug_abbrev  0x00004c22       0xb7 /usr/lib/gcc/arm-none-eabi/13.3.1/../../../arm-none-eabi/lib/thumb/v7-m/nofp/libc_nano.a(libc_a-memset.o)
 .debug_abbrev  0x00004cd9      0x149 /usr/lib/gcc/arm-none-eabi/13.3.1/../../../arm-none-eabi/lib/thumb/v7-m/nofp/libc_nano.a(libc_a-impure.o)
 .debug_abbrev  0x00004e22      0x23c /usr/lib/gcc/arm-none-eabi/13.3.1/../../../arm-none-eabi/lib/thumb/v7-m/nofp/libc_nano.a(libc_a-snprintf.o)
 .debug_abbrev  0x0000505e      0x32f /usr/lib/gcc/arm-none-eabi/13.3.1/../../../arm-none-eabi/lib/thumb/v7-m/nofp/libc_nano.a(libc_a-nano-svfprintf.o)
 .debug_abbrev  0x0000538d       0xc7 /usr/lib/gcc/arm-none-eabi/13.3.1/../../../arm-none-eabi/lib/thumb/v7-m/nofp/libc_nano.a(libc_a-memchr-stub.o)
 .debug_abbrev  0x00005454      0x408 /usr/lib/gcc/arm-none-eabi/13.3.1/../../../arm-none-eabi/lib/thumb/v7-m/nofp/libc_nano.a(libc_a-findfp.o)
 .debug_abbrev  0x0000585c      0x24a /usr/lib/gcc/arm-none-eabi/13.3.1/../../../arm-none-eabi/lib/thumb/v7-m/nofp/libc_nano.a(libc_a-mallocr.o)
 .debug_abbrev  0x00005aa6       0x28 /usr/lib/gcc/arm-none-eabi/13.3.1/../../../arm-none-eabi/lib/thumb/v7-m/nofp/libc_nano.a(libc_a-memcpy.o)
 .debug_abbrev  0x00005ace      0x249 /usr/lib/gcc/arm-none-eabi/13.3.1/../../../arm-none-eabi/lib/thumb/v7-m/nofp/libc_nano.a(libc_a-freer.o)
 .debug_abbrev  0x00005d17      0x20c /usr/lib/gcc/arm-none-eabi/13.3.1/../../../arm-none-eabi/lib/thumb/v7-m/nofp/libc_nano.a(libc_a-reallocr.o)
 .debug_abbrev  0x00005f23      0x284 /usr/lib/gcc/arm-none-eabi/13.3.1/../../../arm-none-eabi/lib/thumb/v7-m/nofp/libc_nano.a(libc_a-nano-vfprintf_i.o)
 .debug_abbrev  0x000061a7      0x192 /usr/lib/gcc/arm-none-eabi/13.3.1/../../../arm-none-eabi/lib/thumb/v7-m/nofp/libc_nano.a(libc_a-mlock.o)
 .debug_abbrev  0x00006339       0xc3 /usr/lib/gcc/arm-none-eabi/13.3.1/../../../arm-none-eabi/lib/thumb/v7-m/nofp/libc_nano.a(libc_a-memmove.o)
 .debug_abbrev  0x000063fc      0x1da /usr/lib/gcc/arm-none-eabi/13.3.1/../../../arm-none-eabi/lib/thumb/v7-m/nofp/libc_nano.a(libc_a-sbrkr.o)
 .debug_abbrev  0x000065d6      0x196 /usr/lib/gcc/arm-none-eabi/13.3.1/../../../arm-none-eabi/lib/thumb/v7-m/nofp/libc_nano.a(libc_a-msizer.o)
 .debug_abbrev  0x0000676c      0x1ee /usr/lib/gcc/arm-none-eabi/13.3.1/../../../arm-none-eabi/lib/thumb/v7-m/nofp/libc_nano.a(libc_a-reent.o)
 .debug_abbrev  0x0000695a       0x28 /usr/lib/gcc/arm-none-eabi/13.3.1/thumb/v7-m/nofp/libgcc.a(_arm_addsubdf3.o)
 .debug_abbrev  0x00006982       0x28 /usr/lib/gcc/arm-none-eabi/13.3.1/thumb/v7-m/nofp/libgcc.a(_arm_muldivdf3.o)
 .debug_abbrev  0x000069aa       0x28 /usr/lib/gcc/arm-none-eabi/13.3.1/thumb/v7-m/nofp/libgcc.a(_arm_fixunsdfsi.o)

.debug_loclists
                0x00000000     0xd40f
 .debug_loclists
                0x00000000       0x5c build/debug/adc.o
 .debug_loclists
                0x0000005c      0x17c build/debug/bemf.o
 .debug_loclists
                0x000001d8       0x60 build/debug/debug_monitor.o
 .debug_loclists
                0x00000238       0x3f build/debug/gpio_interrupt.o
 .debug_loclists
                0x00000277      0x183 build/debug/main.o
 .debug_loclists
                0x000003fa       0xf9 build/debug/old_value_hall.o
 .debug_loclists
                0x000004f3       0x9f build/debug/rpm.o
 .debug_loclists
                0x00000592       0x33 build/debug/steps.o
 .debug_loclists
                0x000005c5       0xe1 build/debug/stm32f1xx_hal.o
 .debug_loclists
                0x000006a6      0x7c5 build/debug/stm32f1xx_hal_adc.o
 .debug_loclists
                0x00000e6b      0x530 build/debug/stm32f1xx_hal_cortex.o
 .debug_loclists
                0x0000139b      0x562 build/debug/stm32f1xx_hal_dma.o
 .debug_loclists
                0x000018fd      0x318 build/debug/stm32f1xx_hal_gpio.o
 .debug_loclists
                0x00001c15       0x17 build/debug/stm32f1xx_hal_msp.o
 .debug_loclists
                0x00001c2c      0xf0e build/debug/stm32f1xx_hal_pcd.o
 .debug_loclists
                0x00002b3a       0xf0 build/debug/stm32f1xx_hal_pcd_ex.o
 .debug_loclists
                0x00002c2a      0x42e build/debug/stm32f1xx_hal_rcc.o
 .debug_loclists
                0x00003058      0x2eb build/debug/stm32f1xx_hal_rcc_ex.o
 .debug_loclists
                0x00003343     0x37db build/debug/stm32f1xx_hal_tim.o
 .debug_loclists
                0x00006b1e     0x1398 build/debug/stm32f1xx_hal_tim_ex.o
 .debug_loclists
                0x00007eb6     0x10a8 build/debug/stm32f1xx_ll_usb.o
 .debug_loclists
                0x00008f5e       0x52 build/debug/sysmem.o
 .debug_loclists
                0x00008fb0       0xb7 build/debug/system_stm32f1xx.o
 .debug_loclists
                0x00009067      0x13e build/debug/tim.o
 .debug_loclists
                0x000091a5      0x61a build/debug/usbd_cdc.o
 .debug_loclists
                0x000097bf       0xed build/debug/usbd_cdc_if.o
 .debug_loclists
                0x000098ac      0x86b build/debug/usbd_conf.o
 .debug_loclists
                0x0000a117      0x695 build/debug/usbd_core.o
 .debug_loclists
                0x0000a7ac      0xe97 build/debug/usbd_ctlreq.o
 .debug_loclists
                0x0000b643      0x299 build/debug/usbd_desc.o
 .debug_loclists
                0x0000b8dc      0x214 build/debug/usbd_ioreq.o
 .debug_loclists
                0x0000baf0       0x65 /usr/lib/gcc/arm-none-eabi/13.3.1/../../../arm-none-eabi/lib/thumb/v7-m/nofp/libc_nano.a(libc_a-init.o)
 .debug_loclists
                0x0000bb55      0x1d7 /usr/lib/gcc/arm-none-eabi/13.3.1/../../../arm-none-eabi/lib/thumb/v7-m/nofp/libc_nano.a(libc_a-memset.o)
 .debug_loclists
                0x0000bd2c      0x214 /usr/lib/gcc/arm-none-eabi/13.3.1/../../../arm-none-eabi/lib/thumb/v7-m/nofp/libc_nano.a(libc_a-snprintf.o)
 .debug_loclists
                0x0000bf40      0x531 /usr/lib/gcc/arm-none-eabi/13.3.1/../../../arm-none-eabi/lib/thumb/v7-m/nofp/libc_nano.a(libc_a-nano-svfprintf.o)
 .debug_loclists
                0x0000c471      0x172 /usr/lib/gcc/arm-none-eabi/13.3.1/../../../arm-none-eabi/lib/thumb/v7-m/nofp/libc_nano.a(libc_a-memchr-stub.o)
 .debug_loclists
                0x0000c5e3      0x1d0 /usr/lib/gcc/arm-none-eabi/13.3.1/../../../arm-none-eabi/lib/thumb/v7-m/nofp/libc_nano.a(libc_a-findfp.o)
 .debug_loclists
                0x0000c7b3      0x273 /usr/lib/gcc/arm-none-eabi/13.3.1/../../../arm-none-eabi/lib/thumb/v7-m/nofp/libc_nano.a(libc_a-mallocr.o)
 .debug_loclists
                0x0000ca26      0x164 /usr/lib/gcc/arm-none-eabi/13.3.1/../../../arm-none-eabi/lib/thumb/v7-m/nofp/libc_nano.a(libc_a-freer.o)
 .debug_loclists
                0x0000cb8a      0x102 /usr/lib/gcc/arm-none-eabi/13.3.1/../../../arm-none-eabi/lib/thumb/v7-m/nofp/libc_nano.a(libc_a-reallocr.o)
 .debug_loclists
                0x0000cc8c      0x444 /usr/lib/gcc/arm-none-eabi/13.3.1/../../../arm-none-eabi/lib/thumb/v7-m/nofp/libc_nano.a(libc_a-nano-vfprintf_i.o)
 .debug_loclists
                0x0000d0d0      0x21b /usr/lib/gcc/arm-none-eabi/13.3.1/../../../arm-none-eabi/lib/thumb/v7-m/nofp/libc_nano.a(libc_a-memmove.o)
 .debug_loclists
                0x0000d2eb       0x4b /usr/lib/gcc/arm-none-eabi/13.3.1/../../../arm-none-eabi/lib/thumb/v7-m/nofp/libc_nano.a(libc_a-sbrkr.o)
 .debug_loclists
                0x0000d336       0x59 /usr/lib/gcc/arm-none-eabi/13.3.1/../../../arm-none-eabi/lib/thumb/v7-m/nofp/libc_nano.a(libc_a-msizer.o)
 .debug_loclists
                0x0000d38f       0x80 /usr/lib/gcc/arm-none-eabi/13.3.1/../../../arm-none-eabi/lib/thumb/v7-m/nofp/libc_nano.a(libc_a-reent.o)

.debug_aranges  0x00000000     0x15a8
 .debug_aranges
                0x00000000       0x30 build/debug/adc.o
 .debug_aranges
                0x00000030       0x38 build/debug/bemf.o
 .debug_aranges
                0x00000068       0x28 build/debug/debug_monitor.o
 .debug_aranges
                0x00000090       0x20 build/debug/dma.o
 .debug_aranges
                0x000000b0       0x20 build/debug/gpio.o
 .debug_aranges
                0x000000d0       0x20 build/debug/gpio_interrupt.o
 .debug_aranges
                0x000000f0       0x68 build/debug/main.o
 .debug_aranges
                0x00000158       0x28 build/debug/old_value_hall.o
 .debug_aranges
                0x00000180       0x28 build/debug/rpm.o
 .debug_aranges
                0x000001a8       0x20 build/debug/steps.o
 .debug_aranges
                0x000001c8       0xe0 build/debug/stm32f1xx_hal.o
 .debug_aranges
                0x000002a8       0xf0 build/debug/stm32f1xx_hal_adc.o
 .debug_aranges
                0x00000398       0xc0 build/debug/stm32f1xx_hal_cortex.o
 .debug_aranges
                0x00000458       0x80 build/debug/stm32f1xx_hal_dma.o
 .debug_aranges
                0x000004d8       0x58 build/debug/stm32f1xx_hal_gpio.o
 .debug_aranges
                0x00000530       0x20 build/debug/stm32f1xx_hal_msp.o
 .debug_aranges
                0x00000550      0x140 build/debug/stm32f1xx_hal_pcd.o
 .debug_aranges
                0x00000690       0x38 build/debug/stm32f1xx_hal_pcd_ex.o
 .debug_aranges
                0x000006c8       0x90 build/debug/stm32f1xx_hal_rcc.o
 .debug_aranges
                0x00000758       0x30 build/debug/stm32f1xx_hal_rcc_ex.o
 .debug_aranges
                0x00000788      0x3d0 build/debug/stm32f1xx_hal_tim.o
 .debug_aranges
                0x00000b58      0x168 build/debug/stm32f1xx_hal_tim_ex.o
 .debug_aranges
                0x00000cc0       0xa0 build/debug/stm32f1xx_it.o
 .debug_aranges
                0x00000d60       0xf8 build/debug/stm32f1xx_ll_usb.o
 .debug_aranges
                0x00000e58       0x20 build/debug/sysmem.o
 .debug_aranges
                0x00000e78       0x28 build/debug/system_stm32f1xx.o
 .debug_aranges
                0x00000ea0       0x50 build/debug/tim.o
 .debug_aranges
                0x00000ef0       0x20 build/debug/usb_device.o
 .debug_aranges
                0x00000f10       0x90 build/debug/usbd_cdc.o
 .debug_aranges
                0x00000fa0       0x40 build/debug/usbd_cdc_if.o
 .debug_aranges
                0x00000fe0      0x118 build/debug/usbd_conf.o
 .debug_aranges
                0x000010f8       0xb8 build/debug/usbd_core.o
 .debug_aranges
                0x000011b0       0x88 build/debug/usbd_ctlreq.o
 .debug_aranges
                0x00001238       0x60 build/debug/usbd_desc.o
 .debug_aranges
                0x00001298       0x50 build/debug/usbd_ioreq.o
 .debug_aranges
                0x000012e8       0x28 build/debug/startup_stm32f103xb.o
 .debug_aranges
                0x00001310       0x20 /usr/lib/gcc/arm-none-eabi/13.3.1/../../../arm-none-eabi/lib/thumb/v7-m/nofp/libc_nano.a(libc_a-errno.o)
 .debug_aranges
                0x00001330       0x20 /usr/lib/gcc/arm-none-eabi/13.3.1/../../../arm-none-eabi/lib/thumb/v7-m/nofp/libc_nano.a(libc_a-init.o)
 .debug_aranges
                0x00001350       0x20 /usr/lib/gcc/arm-none-eabi/13.3.1/../../../arm-none-eabi/lib/thumb/v7-m/nofp/libc_nano.a(libc_a-memset.o)
 .debug_aranges
                0x00001370       0x18 /usr/lib/gcc/arm-none-eabi/13.3.1/../../../arm-none-eabi/lib/thumb/v7-m/nofp/libc_nano.a(libc_a-impure.o)
 .debug_aranges
                0x00001388       0x20 /usr/lib/gcc/arm-none-eabi/13.3.1/../../../arm-none-eabi/lib/thumb/v7-m/nofp/libc_nano.a(libc_a-snprintf.o)
 .debug_aranges
                0x000013a8       0x20 /usr/lib/gcc/arm-none-eabi/13.3.1/../../../arm-none-eabi/lib/thumb/v7-m/nofp/libc_nano.a(libc_a-nano-svfprintf.o)
 .debug_aranges
                0x000013c8       0x20 /usr/lib/gcc/arm-none-eabi/13.3.1/../../../arm-none-eabi/lib/thumb/v7-m/nofp/libc_nano.a(libc_a-memchr-stub.o)
 .debug_aranges
                0x000013e8       0x20 /usr/lib/gcc/arm-none-eabi/13.3.1/../../../arm-none-eabi/lib/thumb/v7-m/nofp/libc_nano.a(libc_a-findfp.o)
 .debug_aranges
                0x00001408       0x20 /usr/lib/gcc/arm-none-eabi/13.3.1/../../../arm-none-eabi/lib/thumb/v7-m/nofp/libc_nano.a(libc_a-mallocr.o)
 .debug_aranges