Archive member included to satisfy reference by file (symbol)

/usr/lib/gcc/arm-none-eabi/13.3.1/../../../arm-none-eabi/lib/thumb/v7-m/nofp/libc_nano.a(libc_a-errno.o)
                              build/debug/syscalls.o (__errno)
/usr/lib/gcc/arm-none-eabi/13.3.1/../../../arm-none-eabi/lib/thumb/v7-m/nofp/libc_nano.a(libc_a-init.o)
                              /usr/lib/gcc/arm-none-eabi/13.3.1/../../../arm-none-eabi/lib/thumb/v7-m/nofp/crt0.o (__libc_init_array)
/usr/lib/gcc/arm-none-eabi/13.3.1/../../../arm-none-eabi/lib/thumb/v7-m/nofp/libc_nano.a(libc_a-memset.o)
                              /usr/lib/gcc/arm-none-eabi/13.3.1/../../../arm-none-eabi/lib/thumb/v7-m/nofp/crt0.o (memset)
/usr/lib/gcc/arm-none-eabi/13.3.1/../../../arm-none-eabi/lib/thumb/v7-m/nofp/libc_nano.a(libc_a-impure.o)
                              /usr/lib/gcc/arm-none-eabi/13.3.1/../../../arm-none-eabi/lib/thumb/v7-m/nofp/libc_nano.a(libc_a-errno.o) (_impure_ptr)
/usr/lib/gcc/arm-none-eabi/13.3.1/../../../arm-none-eabi/lib/thumb/v7-m/nofp/libc_nano.a(libc_a-exit.o)
                              /usr/lib/gcc/arm-none-eabi/13.3.1/../../../arm-none-eabi/lib/thumb/v7-m/nofp/crt0.o (exit)
/usr/lib/gcc/arm-none-eabi/13.3.1/../../../arm-none-eabi/lib/thumb/v7-m/nofp/libc_nano.a(libc_a-atexit.o)
                              /usr/lib/gcc/arm-none-eabi/13.3.1/../../../arm-none-eabi/lib/thumb/v7-m/nofp/crt0.o (atexit)
/usr/lib/gcc/arm-none-eabi/13.3.1/../../../arm-none-eabi/lib/thumb/v7-m/nofp/libc_nano.a(libc_a-snprintf.o)
                              build/debug/debug_monitor.o (snprintf)
/usr/lib/gcc/arm-none-eabi/13.3.1/../../../arm-none-eabi/lib/thumb/v7-m/nofp/libc_nano.a(libc_a-fini.o)
                              /usr/lib/gcc/arm-none-eabi/13.3.1/../../../arm-none-eabi/lib/thumb/v7-m/nofp/crt0.o (__libc_fini_array)
/usr/lib/gcc/arm-none-eabi/13.3.1/../../../arm-none-eabi/lib/thumb/v7-m/nofp/libc_nano.a(libc_a-nano-svfprintf.o)
                              /usr/lib/gcc/arm-none-eabi/13.3.1/../../../arm-none-eabi/lib/thumb/v7-m/nofp/libc_nano.a(libc_a-snprintf.o) (_svfprintf_r)
/usr/lib/gcc/arm-none-eabi/13.3.1/../../../arm-none-eabi/lib/thumb/v7-m/nofp/libc_nano.a(libc_a-memchr-stub.o)
                              /usr/lib/gcc/arm-none-eabi/13.3.1/../../../arm-none-eabi/lib/thumb/v7-m/nofp/libc_nano.a(libc_a-nano-svfprintf.o) (memchr)
/usr/lib/gcc/arm-none-eabi/13.3.1/../../../arm-none-eabi/lib/thumb/v7-m/nofp/libc_nano.a(libc_a-findfp.o)
                              /usr/lib/gcc/arm-none-eabi/13.3.1/../../../arm-none-eabi/lib/thumb/v7-m/nofp/libc_nano.a(libc_a-exit.o) (__stdio_exit_handler)
/usr/lib/gcc/arm-none-eabi/13.3.1/../../../arm-none-eabi/lib/thumb/v7-m/nofp/libc_nano.a(libc_a-fflush.o)
                              /usr/lib/gcc/arm-none-eabi/13.3.1/../../../arm-none-eabi/lib/thumb/v7-m/nofp/libc_nano.a(libc_a-findfp.o) (_fflush_r)
/usr/lib/gcc/arm-none-eabi/13.3.1/../../../arm-none-eabi/lib/thumb/v7-m/nofp/libc_nano.a(libc_a-mallocr.o)
                              /usr/lib/gcc/arm-none-eabi/13.3.1/../../../arm-none-eabi/lib/thumb/v7-m/nofp/libc_nano.a(libc_a-nano-svfprintf.o) (_malloc_r)
/usr/lib/gcc/arm-none-eabi/13.3.1/../../../arm-none-eabi/lib/thumb/v7-m/nofp/libc_nano.a(libc_a-memcpy.o)
                              /usr/lib/gcc/arm-none-eabi/13.3.1/../../../arm-none-eabi/lib/thumb/v7-m/nofp/libc_nano.a(libc_a-nano-svfprintf.o) (memcpy)
/usr/lib/gcc/arm-none-eabi/13.3.1/../../../arm-none-eabi/lib/thumb/v7-m/nofp/libc_nano.a(libc_a-freer.o)
                              /usr/lib/gcc/arm-none-eabi/13.3.1/../../../arm-none-eabi/lib/thumb/v7-m/nofp/libc_nano.a(libc_a-nano-svfprintf.o) (_free_r)
/usr/lib/gcc/arm-none-eabi/13.3.1/../../../arm-none-eabi/lib/thumb/v7-m/nofp/libc_nano.a(libc_a-fwalk.o)
                              /usr/lib/gcc/arm-none-eabi/13.3.1/../../../arm-none-eabi/lib/thumb/v7-m/nofp/libc_nano.a(libc_a-findfp.o) (_fwalk_sglue)
/usr/lib/gcc/arm-none-eabi/13.3.1/../../../arm-none-eabi/lib/thumb/v7-m/nofp/libc_nano.a(libc_a-__atexit.o)
                              /usr/lib/gcc/arm-none-eabi/13.3.1/../../../arm-none-eabi/lib/thumb/v7-m/nofp/libc_nano.a(libc_a-atexit.o) (__register_exitproc)
/usr/lib/gcc/arm-none-eabi/13.3.1/../../../arm-none-eabi/lib/thumb/v7-m/nofp/libc_nano.a(libc_a-reallocr.o)
                              /usr/lib/gcc/arm-none-eabi/13.3.1/../../../arm-none-eabi/lib/thumb/v7-m/nofp/libc_nano.a(libc_a-nano-svfprintf.o) (_realloc_r)
/usr/lib/gcc/arm-none-eabi/13.3.1/../../../arm-none-eabi/lib/thumb/v7-m/nofp/libc_nano.a(libc_a-nano-vfprintf_i.o)
                              /usr/lib/gcc/arm-none-eabi/13.3.1/../../../arm-none-eabi/lib/thumb/v7-m/nofp/libc_nano.a(libc_a-nano-svfprintf.o) (_printf_i)
/usr/lib/gcc/arm-none-eabi/13.3.1/../../../arm-none-eabi/lib/thumb/v7-m/nofp/libc_nano.a(libc_a-mlock.o)
                              /usr/lib/gcc/arm-none-eabi/13.3.1/../../../arm-none-eabi/lib/thumb/v7-m/nofp/libc_nano.a(libc_a-mallocr.o) (__malloc_lock)
[...]
Memory Configuration

Name             Origin             Length             Attributes
RAM              0x20000000         0x00005000         xrw
FLASH            0x08000000         0x00010000         xr
*default*        0x00000000         0xffffffff

Linker script and memory map

LOAD /usr/lib/gcc/arm-none-eabi/13.3.1/thumb/v7-m/nofp/crti.o
LOAD /usr/lib/gcc/arm-none-eabi/13.3.1/thumb/v7-m/nofp/crtbegin.o
LOAD /usr/lib/gcc/arm-none-eabi/13.3.1/../../../arm-none-eabi/lib/thumb/v7-m/nofp/crt0.o
LOAD build/debug/adc.o
LOAD build/debug/debug_monitor.o
LOAD build/debug/dma.o
LOAD build/debug/first_step.o
LOAD build/debug/gpio.o
LOAD build/debug/gpio_interrupt.o
LOAD build/debug/main.o
LOAD build/debug/old_value_hall.o
LOAD build/debug/rpm.o
LOAD build/debug/steps.o
LOAD build/debug/stm32f1xx_hal.o
LOAD build/debug/stm32f1xx_hal_adc.o
LOAD build/debug/stm32f1xx_hal_adc_ex.o
LOAD build/debug/stm32f1xx_hal_cortex.o
LOAD build/debug/stm32f1xx_hal_dma.o
LOAD build/debug/stm32f1xx_hal_exti.o
LOAD build/debug/stm32f1xx_hal_flash.o
LOAD build/debug/stm32f1xx_hal_flash_ex.o
LOAD build/debug/stm32f1xx_hal_gpio.o
LOAD build/debug/stm32f1xx_hal_gpio_ex.o
LOAD build/debug/stm32f1xx_hal_msp.o
LOAD build/debug/stm32f1xx_hal_pcd.o
LOAD build/debug/stm32f1xx_hal_pcd_ex.o
LOAD build/debug/stm32f1xx_hal_pwr.o
LOAD build/debug/stm32f1xx_hal_rcc.o
LOAD build/debug/stm32f1xx_hal_rcc_ex.o
LOAD build/debug/stm32f1xx_hal_tim.o
LOAD build/debug/stm32f1xx_hal_tim_ex.o
LOAD build/debug/stm32f1xx_it.o
LOAD build/debug/stm32f1xx_ll_usb.o
LOAD build/debug/syscalls.o
LOAD build/debug/sysmem.o
LOAD build/debug/system_stm32f1xx.o
LOAD build/debug/tim.o
LOAD build/debug/usb_device.o
LOAD build/debug/usbd_cdc.o
LOAD build/debug/usbd_cdc_if.o
LOAD build/debug/usbd_conf.o
LOAD build/debug/usbd_core.o
LOAD build/debug/usbd_ctlreq.o
LOAD build/debug/usbd_desc.o
LOAD build/debug/usbd_ioreq.o
LOAD build/debug/startup_stm32f103xb.o
LOAD /usr/lib/gcc/arm-none-eabi/13.3.1/../../../arm-none-eabi/lib/thumb/v7-m/nofp/libc_nano.a
LOAD /usr/lib/gcc/arm-none-eabi/13.3.1/../../../arm-none-eabi/lib/thumb/v7-m/nofp/libm.a
LOAD /usr/lib/gcc/arm-none-eabi/13.3.1/../../../arm-none-eabi/lib/thumb/v7-m/nofp/libnosys.a
START GROUP
LOAD /usr/lib/gcc/arm-none-eabi/13.3.1/thumb/v7-m/nofp/libgcc.a
LOAD /usr/lib/gcc/arm-none-eabi/13.3.1/../../../arm-none-eabi/lib/thumb/v7-m/nofp/libc_nano.a
END GROUP
START GROUP
LOAD /usr/lib/gcc/arm-none-eabi/13.3.1/thumb/v7-m/nofp/libgcc.a
LOAD /usr/lib/gcc/arm-none-eabi/13.3.1/../../../arm-none-eabi/lib/thumb/v7-m/nofp/libc_nano.a
END GROUP
LOAD /usr/lib/gcc/arm-none-eabi/13.3.1/thumb/v7-m/nofp/crtend.o
LOAD /usr/lib/gcc/arm-none-eabi/13.3.1/thumb/v7-m/nofp/crtn.o
                0x20005000                        _estack = (ORIGIN (RAM) + LENGTH (RAM))
                0x00000200                        _Min_Heap_Size = 0x200
                0x00000400                        _Min_Stack_Size = 0x400

.isr_vector     0x08000000      0x10c
                0x08000000                        . = ALIGN (0x4)
 *(.isr_vector)
 .isr_vector    0x08000000      0x10c build/debug/startup_stm32f103xb.o
                0x08000000                g_pfnVectors
                0x0800010c                        . = ALIGN (0x4)

.text           0x08000110     0x7854
                0x08000110                        . = ALIGN (0x4)
 *(.text)
 .text          0x08000110       0x88 /usr/lib/gcc/arm-none-eabi/13.3.1/thumb/v7-m/nofp/crtbegin.o
 .text          0x08000198        0xc /usr/lib/gcc/arm-none-eabi/13.3.1/../../../arm-none-eabi/lib/thumb/v7-m/nofp/libc_nano.a(libc_a-errno.o)
                0x08000198                __errno
 .text          0x080001a4       0x50 /usr/lib/gcc/arm-none-eabi/13.3.1/../../../arm-none-eabi/lib/thumb/v7-m/nofp/libc_nano.a(libc_a-init.o)
                0x080001a4                __libc_init_array
 .text          0x080001f4       0xa0 /usr/lib/gcc/arm-none-eabi/13.3.1/../../../arm-none-eabi/lib/thumb/v7-m/nofp/libc_nano.a(libc_a-memset.o)
                0x080001f4                memset
 .text          0x08000294      0x10c /usr/lib/gcc/arm-none-eabi/13.3.1/../../../arm-none-eabi/lib/thumb/v7-m/nofp/libc_nano.a(libc_a-snprintf.o)
                0x08000294                _sniprintf_r
                0x08000294                _snprintf_r
                0x08000314                snprintf
                0x08000314                sniprintf
 .text          0x080003a0      0x400 /usr/lib/gcc/arm-none-eabi/13.3.1/../../../arm-none-eabi/lib/thumb/v7-m/nofp/libc_nano.a(libc_a-nano-svfprintf.o)
                0x080003a0                __ssputs_r
                0x08000460                __ssprint_r
                0x08000570                _svfprintf_r
                0x08000570                _svfiprintf_r
 .text          0x080007a0       0x98 /usr/lib/gcc/arm-none-eabi/13.3.1/../../../arm-none-eabi/lib/thumb/v7-m/nofp/libc_nano.a(libc_a-memchr-stub.o)
                0x080007a0                memchr
 .text          0x08000838      0x14c /usr/lib/gcc/arm-none-eabi/13.3.1/../../../arm-none-eabi/lib/thumb/v7-m/nofp/libc_nano.a(libc_a-mallocr.o)
                0x08000884                _malloc_r
 .text          0x08000984       0xec /usr/lib/gcc/arm-none-eabi/13.3.1/../../../arm-none-eabi/lib/thumb/v7-m/nofp/libc_nano.a(libc_a-memcpy.o)
                0x08000984                memcpy
 .text          0x08000a70       0xbc /usr/lib/gcc/arm-none-eabi/13.3.1/../../../arm-none-eabi/lib/thumb/v7-m/nofp/libc_nano.a(libc_a-freer.o)
                0x08000a70                _free_r
 .text          0x08000b2c       0x64 /usr/lib/gcc/arm-none-eabi/13.3.1/../../../arm-none-eabi/lib/thumb/v7-m/nofp/libc_nano.a(libc_a-reallocr.o)
                0x08000b2c                _realloc_r
 .text          0x08000b90      0x3a8 /usr/lib/gcc/arm-none-eabi/13.3.1/../../../arm-none-eabi/lib/thumb/v7-m/nofp/libc_nano.a(libc_a-nano-vfprintf_i.o)
                0x08000b90                _printf_common
                0x08000cb4                _printf_i
 .text          0x08000f38        0x8 /usr/lib/gcc/arm-none-eabi/13.3.1/../../../arm-none-eabi/lib/thumb/v7-m/nofp/libc_nano.a(libc_a-mlock.o)
                0x08000f38                __malloc_lock
                0x08000f3c                __malloc_unlock
 .text          0x08000f40       0xfc /usr/lib/gcc/arm-none-eabi/13.3.1/../../../arm-none-eabi/lib/thumb/v7-m/nofp/libc_nano.a(libc_a-memmove.o)
                0x08000f40                memmove
 .text          0x0800103c       0x24 /usr/lib/gcc/arm-none-eabi/13.3.1/../../../arm-none-eabi/lib/thumb/v7-m/nofp/libc_nano.a(libc_a-sbrkr.o)
                0x0800103c                _sbrk_r
 .text          0x08001060       0x10 /usr/lib/gcc/arm-none-eabi/13.3.1/../../../arm-none-eabi/lib/thumb/v7-m/nofp/libc_nano.a(libc_a-msizer.o)
                0x08001060                _malloc_usable_size_r
 .text          0x08001070      0x378 /usr/lib/gcc/arm-none-eabi/13.3.1/thumb/v7-m/nofp/libgcc.a(_arm_addsubdf3.o)
                0x08001070                __aeabi_drsub
                0x08001078                __aeabi_dsub
                0x08001078                __subdf3
                0x0800107c                __adddf3
                0x0800107c                __aeabi_dadd
                0x080012f4                __aeabi_ui2d
                0x080012f4                __floatunsidf
                0x08001314                __floatsidf
                0x08001314                __aeabi_i2d
                0x08001338                __extendsfdf2
                0x08001338                __aeabi_f2d
                0x0800137c                __aeabi_ul2d
                0x0800137c                __floatundidf
                0x0800138c                __floatdidf
                0x0800138c                __aeabi_l2d
 .text          0x080013e8      0x424 /usr/lib/gcc/arm-none-eabi/13.3.1/thumb/v7-m/nofp/libgcc.a(_arm_muldivdf3.o)
                0x080013e8                __aeabi_dmul
                0x080013e8                __muldf3
                0x0800163c                __aeabi_ddiv
                0x0800163c                __divdf3
 .text          0x0800180c       0x40 /usr/lib/gcc/arm-none-eabi/13.3.1/thumb/v7-m/nofp/libgcc.a(_arm_fixunsdfsi.o)
                0x0800180c                __fixunsdfsi
                0x0800180c                __aeabi_d2uiz
 *(.text*)
 .text.MX_ADC1_Init
                0x0800184c       0xdc build/debug/adc.o
                0x0800184c                MX_ADC1_Init
 .text.HAL_ADC_MspInit
                0x08001928       0xbc build/debug/adc.o
                0x08001928                HAL_ADC_MspInit
 .text.log_variable
                0x080019e4       0x30 build/debug/debug_monitor.o
                0x080019e4                log_variable
 .text.LOG_POST
                0x08001a14       0x30 build/debug/debug_monitor.o
                0x08001a14                LOG_POST
 .text.MX_DMA_Init
                0x08001a44       0x34 build/debug/dma.o
                0x08001a44                MX_DMA_Init
 .text.MX_GPIO_Init
                0x08001a78       0xfc build/debug/gpio.o
                0x08001a78                MX_GPIO_Init
 .text.HAL_GPIO_EXTI_Callback
                0x08001b74      0x178 build/debug/gpio_interrupt.o
                0x08001b74                HAL_GPIO_EXTI_Callback
 .text.map      0x08001cec       0x18 build/debug/main.o
                0x08001cec                map
 .text.ema_filter
                0x08001d04       0x20 build/debug/main.o
                0x08001d04                ema_filter
 *fill*         0x08001d24        0x4 
 .text.HAL_ADC_ConvCpltCallback
                0x08001d28      0x214 build/debug/main.o
                0x08001d28                HAL_ADC_ConvCpltCallback
 .text.Error_Handler
                0x08001f3c        0x4 build/debug/main.o
                0x08001f3c                Error_Handler
 .text.SystemClock_Config
                0x08001f40       0x88 build/debug/main.o
                0x08001f40                SystemClock_Config
 .text.main     0x08001fc8      0x3b0 build/debug/main.o
                0x08001fc8                main
 .text.set_old_value
                0x08002378      0x358 build/debug/old_value_hall.o
                0x08002378                set_old_value
 .text.get_rpm  0x080026d0       0xa4 build/debug/rpm.o
                0x080026d0                get_rpm
 .text.execute_step
                0x08002774       0xf4 build/debug/steps.o
                0x08002774                execute_step
 .text.HAL_InitTick
                0x08002868       0x4c build/debug/stm32f1xx_hal.o
                0x08002868                HAL_InitTick
 .text.HAL_Init
                0x080028b4       0x24 build/debug/stm32f1xx_hal.o
                0x080028b4                HAL_Init
 .text.HAL_IncTick
                0x080028d8       0x18 build/debug/stm32f1xx_hal.o
                0x080028d8                HAL_IncTick
 .text.HAL_GetTick
                0x080028f0        0xc build/debug/stm32f1xx_hal.o
                0x080028f0                HAL_GetTick
 .text.HAL_Delay
                0x080028fc       0x28 build/debug/stm32f1xx_hal.o
                0x080028fc                HAL_Delay
 .text.ADC_DMAConvCplt
                0x08002924       0x52 build/debug/stm32f1xx_hal_adc.o
                0x08002924                ADC_DMAConvCplt
 .text.HAL_ADC_ConvHalfCpltCallback
                0x08002976        0x2 build/debug/stm32f1xx_hal_adc.o
                0x08002976                HAL_ADC_ConvHalfCpltCallback
 .text.ADC_DMAHalfConvCplt
                0x08002978        0xa build/debug/stm32f1xx_hal_adc.o
                0x08002978                ADC_DMAHalfConvCplt
 .text.HAL_ADC_ErrorCallback
                0x08002982        0x2 build/debug/stm32f1xx_hal_adc.o
                0x08002982                HAL_ADC_ErrorCallback
 .text.ADC_DMAError
                0x08002984       0x1a build/debug/stm32f1xx_hal_adc.o
                0x08002984                ADC_DMAError
 *fill*         0x0800299e        0x2 
 .text.HAL_ADC_ConfigChannel
                0x080029a0      0x140 build/debug/stm32f1xx_hal_adc.o
                0x080029a0                HAL_ADC_ConfigChannel
 .text.ADC_Enable
                0x08002ae0       0x88 build/debug/stm32f1xx_hal_adc.o
                0x08002ae0                ADC_Enable
 .text.HAL_ADC_Start_DMA
                0x08002b68      0x130 build/debug/stm32f1xx_hal_adc.o
                0x08002b68                HAL_ADC_Start_DMA
 .text.ADC_ConversionStop_Disable
                0x08002c98       0x56 build/debug/stm32f1xx_hal_adc.o
                0x08002c98                ADC_ConversionStop_Disable
 *fill*         0x08002cee        0x2 
 .text.HAL_ADC_Init
                0x08002cf0      0x108 build/debug/stm32f1xx_hal_adc.o
                0x08002cf0                HAL_ADC_Init
 .text.__NVIC_SetPriority
                0x08002df8       0x28 build/debug/stm32f1xx_hal_cortex.o
 .text.NVIC_EncodePriority
                0x08002e20       0x3e build/debug/stm32f1xx_hal_cortex.o
 *fill*         0x08002e5e        0x2 
 .text.HAL_NVIC_SetPriorityGrouping
                0x08002e60       0x24 build/debug/stm32f1xx_hal_cortex.o
                0x08002e60                HAL_NVIC_SetPriorityGrouping
 .text.HAL_NVIC_SetPriority
                0x08002e84       0x20 build/debug/stm32f1xx_hal_cortex.o
                0x08002e84                HAL_NVIC_SetPriority
 .text.HAL_NVIC_EnableIRQ
                0x08002ea4       0x1c build/debug/stm32f1xx_hal_cortex.o
                0x08002ea4                HAL_NVIC_EnableIRQ
 .text.HAL_SYSTICK_Config
                0x08002ec0       0x28 build/debug/stm32f1xx_hal_cortex.o
                0x08002ec0                HAL_SYSTICK_Config
 .text.DMA_SetConfig
                0x08002ee8       0x2c build/debug/stm32f1xx_hal_dma.o
 .text.HAL_DMA_Init
                0x08002f14       0x68 build/debug/stm32f1xx_hal_dma.o
                0x08002f14                HAL_DMA_Init
 .text.HAL_DMA_Start_IT
                0x08002f7c       0x76 build/debug/stm32f1xx_hal_dma.o
                0x08002f7c                HAL_DMA_Start_IT
 *fill*         0x08002ff2        0x2 
 .text.HAL_DMA_IRQHandler
                0x08002ff4      0x144 build/debug/stm32f1xx_hal_dma.o
                0x08002ff4                HAL_DMA_IRQHandler
 .text.HAL_GPIO_Init
                0x08003138      0x21c build/debug/stm32f1xx_hal_gpio.o
                0x08003138                HAL_GPIO_Init
 .text.HAL_GPIO_ReadPin
                0x08003354        0xe build/debug/stm32f1xx_hal_gpio.o
                0x08003354                HAL_GPIO_ReadPin
 .text.HAL_GPIO_WritePin
                0x08003362        0xc build/debug/stm32f1xx_hal_gpio.o
                0x08003362                HAL_GPIO_WritePin
 *fill*         0x0800336e        0x2 
 .text.HAL_GPIO_EXTI_IRQHandler
                0x08003370       0x1c build/debug/stm32f1xx_hal_gpio.o
                0x08003370                HAL_GPIO_EXTI_IRQHandler
 .text.HAL_MspInit
                0x0800338c       0x44 build/debug/stm32f1xx_hal_msp.o
                0x0800338c                HAL_MspInit
 .text.HAL_PCD_EP_DB_Receive
                0x080033d0      0x11c build/debug/stm32f1xx_hal_pcd.o
 .text.HAL_PCD_Init
                0x080034ec       0xe8 build/debug/stm32f1xx_hal_pcd.o
                0x080034ec                HAL_PCD_Init
 .text.HAL_PCD_Start
                0x080035d4       0x32 build/debug/stm32f1xx_hal_pcd.o
                0x080035d4                HAL_PCD_Start
 .text.HAL_PCD_EP_DB_Transmit
                0x08003606      0x424 build/debug/stm32f1xx_hal_pcd.o
 .text.PCD_EP_ISR_Handler
                0x08003a2a      0x554 build/debug/stm32f1xx_hal_pcd.o
 .text.HAL_PCD_SetAddress
                0x08003f7e       0x26 build/debug/stm32f1xx_hal_pcd.o
                0x08003f7e                HAL_PCD_SetAddress
 .text.HAL_PCD_IRQHandler
                0x08003fa4      0x1b0 build/debug/stm32f1xx_hal_pcd.o
                0x08003fa4                HAL_PCD_IRQHandler
 .text.HAL_PCD_EP_Open
                0x08004154       0x84 build/debug/stm32f1xx_hal_pcd.o
                0x08004154                HAL_PCD_EP_Open
 .text.HAL_PCD_EP_Close
                0x080041d8       0x6c build/debug/stm32f1xx_hal_pcd.o
                0x080041d8                HAL_PCD_EP_Close
 .text.HAL_PCD_EP_Receive
                0x08004244       0x3a build/debug/stm32f1xx_hal_pcd.o
                0x08004244                HAL_PCD_EP_Receive
 .text.HAL_PCD_EP_GetRxCount
                0x0800427e       0x12 build/debug/stm32f1xx_hal_pcd.o
                0x0800427e                HAL_PCD_EP_GetRxCount
 .text.HAL_PCD_EP_Transmit
                0x08004290       0x4c build/debug/stm32f1xx_hal_pcd.o
                0x08004290                HAL_PCD_EP_Transmit
 .text.HAL_PCD_EP_SetStall
                0x080042dc       0x80 build/debug/stm32f1xx_hal_pcd.o
                0x080042dc                HAL_PCD_EP_SetStall
 .text.HAL_PCD_EP_ClrStall
                0x0800435c       0x7e build/debug/stm32f1xx_hal_pcd.o
                0x0800435c                HAL_PCD_EP_ClrStall
 .text.HAL_PCDEx_PMAConfig
                0x080043da       0x38 build/debug/stm32f1xx_hal_pcd_ex.o
                0x080043da                HAL_PCDEx_PMAConfig
 *fill*         0x08004412        0x2 
 .text.RCC_Delay
                0x08004414       0x2c build/debug/stm32f1xx_hal_rcc.o
 .text.HAL_RCC_OscConfig
                0x08004440      0x410 build/debug/stm32f1xx_hal_rcc.o
                0x08004440                HAL_RCC_OscConfig
 .text.HAL_RCC_GetSysClockFreq
                0x08004850       0x54 build/debug/stm32f1xx_hal_rcc.o
                0x08004850                HAL_RCC_GetSysClockFreq
 .text.HAL_RCC_ClockConfig
                0x080048a4      0x16c build/debug/stm32f1xx_hal_rcc.o
                0x080048a4                HAL_RCC_ClockConfig
 .text.HAL_RCCEx_PeriphCLKConfig
                0x08004a10      0x118 build/debug/stm32f1xx_hal_rcc_ex.o
                0x08004a10                HAL_RCCEx_PeriphCLKConfig
 .text.TIM_OC1_SetConfig
                0x08004b28       0x54 build/debug/stm32f1xx_hal_tim.o
 .text.TIM_OC3_SetConfig
                0x08004b7c       0x5c build/debug/stm32f1xx_hal_tim.o
 .text.TIM_OC4_SetConfig
                0x08004bd8       0x48 build/debug/stm32f1xx_hal_tim.o
 .text.TIM_TI1_ConfigInputStage
                0x08004c20       0x24 build/debug/stm32f1xx_hal_tim.o
 .text.TIM_TI2_ConfigInputStage
                0x08004c44       0x26 build/debug/stm32f1xx_hal_tim.o
 .text.TIM_ITRx_SetConfig
                0x08004c6a       0x10 build/debug/stm32f1xx_hal_tim.o
 *fill*         0x08004c7a        0x2 
 .text.HAL_TIM_Base_Start
                0x08004c7c       0x5c build/debug/stm32f1xx_hal_tim.o
                0x08004c7c                HAL_TIM_Base_Start
 .text.HAL_TIM_Base_Start_IT
                0x08004cd8       0x68 build/debug/stm32f1xx_hal_tim.o
                0x08004cd8                HAL_TIM_Base_Start_IT
 .text.HAL_TIM_PWM_MspInit
                0x08004d40        0x2 build/debug/stm32f1xx_hal_tim.o
                0x08004d40                HAL_TIM_PWM_MspInit
 .text.HAL_TIM_PeriodElapsedCallback
                0x08004d42        0x2 build/debug/stm32f1xx_hal_tim.o
                0x08004d42                HAL_TIM_PeriodElapsedCallback
 .text.HAL_TIM_OC_DelayElapsedCallback
                0x08004d44        0x2 build/debug/stm32f1xx_hal_tim.o
                0x08004d44                HAL_TIM_OC_DelayElapsedCallback
 .text.HAL_TIM_IC_CaptureCallback
                0x08004d46        0x2 build/debug/stm32f1xx_hal_tim.o
                0x08004d46                HAL_TIM_IC_CaptureCallback
 .text.HAL_TIM_PWM_PulseFinishedCallback
                0x08004d48        0x2 build/debug/stm32f1xx_hal_tim.o
                0x08004d48                HAL_TIM_PWM_PulseFinishedCallback
 .text.HAL_TIM_TriggerCallback
                0x08004d4a        0x2 build/debug/stm32f1xx_hal_tim.o
                0x08004d4a                HAL_TIM_TriggerCallback
 .text.HAL_TIM_IRQHandler
                0x08004d4c      0x15e build/debug/stm32f1xx_hal_tim.o
                0x08004d4c                HAL_TIM_IRQHandler
 *fill*         0x08004eaa        0x2 
 .text.TIM_Base_SetConfig
                0x08004eac       0x84 build/debug/stm32f1xx_hal_tim.o
                0x08004eac                TIM_Base_SetConfig
 .text.HAL_TIM_Base_Init
                0x08004f30       0x58 build/debug/stm32f1xx_hal_tim.o
                0x08004f30                HAL_TIM_Base_Init
 .text.HAL_TIM_PWM_Init
                0x08004f88       0x58 build/debug/stm32f1xx_hal_tim.o
                0x08004f88                HAL_TIM_PWM_Init
 .text.TIM_OC2_SetConfig
                0x08004fe0       0x5c build/debug/stm32f1xx_hal_tim.o
                0x08004fe0                TIM_OC2_SetConfig
 .text.HAL_TIM_PWM_ConfigChannel
                0x0800503c       0xdc build/debug/stm32f1xx_hal_tim.o
                0x0800503c                HAL_TIM_PWM_ConfigChannel
 .text.TIM_ETR_SetConfig
                0x08005118       0x18 build/debug/stm32f1xx_hal_tim.o
                0x08005118                TIM_ETR_SetConfig
 .text.HAL_TIM_ConfigClockSource
                0x08005130       0xfe build/debug/stm32f1xx_hal_tim.o
                0x08005130                HAL_TIM_ConfigClockSource
 .text.TIM_CCxChannelCmd
                0x0800522e       0x1e build/debug/stm32f1xx_hal_tim.o
                0x0800522e                TIM_CCxChannelCmd
 .text.HAL_TIM_PWM_Start
                0x0800524c       0xdc build/debug/stm32f1xx_hal_tim.o
                0x0800524c                HAL_TIM_PWM_Start
 .text.TIM_CCxNChannelCmd
                0x08005328       0x1e build/debug/stm32f1xx_hal_tim_ex.o
 *fill*         0x08005346        0x2 
 .text.HAL_TIMEx_PWMN_Start
                0x08005348       0xd4 build/debug/stm32f1xx_hal_tim_ex.o
                0x08005348                HAL_TIMEx_PWMN_Start
 .text.HAL_TIMEx_MasterConfigSynchronization
                0x0800541c       0x6c build/debug/stm32f1xx_hal_tim_ex.o
                0x0800541c                HAL_TIMEx_MasterConfigSynchronization
 .text.HAL_TIMEx_ConfigBreakDeadTime
                0x08005488       0x52 build/debug/stm32f1xx_hal_tim_ex.o
                0x08005488                HAL_TIMEx_ConfigBreakDeadTime
 .text.HAL_TIMEx_CommutCallback
                0x080054da        0x2 build/debug/stm32f1xx_hal_tim_ex.o
                0x080054da                HAL_TIMEx_CommutCallback
 .text.HAL_TIMEx_BreakCallback
                0x080054dc        0x2 build/debug/stm32f1xx_hal_tim_ex.o
                0x080054dc                HAL_TIMEx_BreakCallback
 .text.NMI_Handler
                0x080054de        0x2 build/debug/stm32f1xx_it.o
                0x080054de                NMI_Handler
 .text.HardFault_Handler
                0x080054e0        0x2 build/debug/stm32f1xx_it.o
                0x080054e0                HardFault_Handler
 .text.MemManage_Handler
                0x080054e2        0x2 build/debug/stm32f1xx_it.o
                0x080054e2                MemManage_Handler
 .text.BusFault_Handler
                0x080054e4        0x2 build/debug/stm32f1xx_it.o
                0x080054e4                BusFault_Handler
 .text.UsageFault_Handler
                0x080054e6        0x2 build/debug/stm32f1xx_it.o
                0x080054e6                UsageFault_Handler
 .text.SVC_Handler
                0x080054e8        0x2 build/debug/stm32f1xx_it.o
                0x080054e8                SVC_Handler
 .text.DebugMon_Handler
                0x080054ea        0x2 build/debug/stm32f1xx_it.o
                0x080054ea                DebugMon_Handler
 .text.PendSV_Handler
                0x080054ec        0x2 build/debug/stm32f1xx_it.o
                0x080054ec                PendSV_Handler
 .text.SysTick_Handler
                0x080054ee        0x8 build/debug/stm32f1xx_it.o
                0x080054ee                SysTick_Handler
 .text.EXTI0_IRQHandler
                0x080054f6        0xa build/debug/stm32f1xx_it.o
                0x080054f6                EXTI0_IRQHandler
 .text.EXTI1_IRQHandler
                0x08005500        0xa build/debug/stm32f1xx_it.o
                0x08005500                EXTI1_IRQHandler
 .text.EXTI2_IRQHandler
                0x0800550a        0xa build/debug/stm32f1xx_it.o
                0x0800550a                EXTI2_IRQHandler
 .text.DMA1_Channel1_IRQHandler
                0x08005514       0x10 build/debug/stm32f1xx_it.o
                0x08005514                DMA1_Channel1_IRQHandler
 .text.USB_LP_CAN1_RX0_IRQHandler
                0x08005524       0x10 build/debug/stm32f1xx_it.o
                0x08005524                USB_LP_CAN1_RX0_IRQHandler
 .text.TIM2_IRQHandler
                0x08005534       0x10 build/debug/stm32f1xx_it.o
                0x08005534                TIM2_IRQHandler
 .text.TIM3_IRQHandler
                0x08005544       0x10 build/debug/stm32f1xx_it.o
                0x08005544                TIM3_IRQHandler
 .text.USB_CoreInit
                0x08005554        0xe build/debug/stm32f1xx_ll_usb.o
                0x08005554                USB_CoreInit
 .text.USB_EnableGlobalInt
                0x08005562       0x12 build/debug/stm32f1xx_ll_usb.o
                0x08005562                USB_EnableGlobalInt
 .text.USB_DisableGlobalInt
                0x08005574       0x14 build/debug/stm32f1xx_ll_usb.o
                0x08005574                USB_DisableGlobalInt
 .text.USB_SetCurrentMode
                0x08005588        0x4 build/debug/stm32f1xx_ll_usb.o
                0x08005588                USB_SetCurrentMode
 .text.USB_DevInit
                0x0800558c       0x22 build/debug/stm32f1xx_ll_usb.o
                0x0800558c                USB_DevInit
 .text.USB_ActivateEndpoint
                0x080055ae      0x3ca build/debug/stm32f1xx_ll_usb.o
                0x080055ae                USB_ActivateEndpoint
 .text.USB_DeactivateEndpoint
                0x08005978      0x1d6 build/debug/stm32f1xx_ll_usb.o
                0x08005978                USB_DeactivateEndpoint
 .text.USB_EPSetStall
                0x08005b4e       0x4a build/debug/stm32f1xx_ll_usb.o
                0x08005b4e                USB_EPSetStall
 .text.USB_EPClearStall
                0x08005b98       0xa2 build/debug/stm32f1xx_ll_usb.o
                0x08005b98                USB_EPClearStall
 .text.USB_SetDevAddress
                0x08005c3a        0xc build/debug/stm32f1xx_ll_usb.o
                0x08005c3a                USB_SetDevAddress
 .text.USB_DevConnect
                0x08005c46        0x4 build/debug/stm32f1xx_ll_usb.o
                0x08005c46                USB_DevConnect
 .text.USB_DevDisconnect
                0x08005c4a        0x4 build/debug/stm32f1xx_ll_usb.o
                0x08005c4a                USB_DevDisconnect
 .text.USB_ReadInterrupts
                0x08005c4e        0x8 build/debug/stm32f1xx_ll_usb.o
                0x08005c4e                USB_ReadInterrupts
 .text.USB_EP0_OutStart
                0x08005c56        0x4 build/debug/stm32f1xx_ll_usb.o
                0x08005c56                USB_EP0_OutStart
 .text.USB_WritePMA
                0x08005c5a       0x26 build/debug/stm32f1xx_ll_usb.o
                0x08005c5a                USB_WritePMA
 .text.USB_EPStartXfer
                0x08005c80      0x7ce build/debug/stm32f1xx_ll_usb.o
                0x08005c80                USB_EPStartXfer
 .text.USB_ReadPMA
                0x0800644e       0x30 build/debug/stm32f1xx_ll_usb.o
                0x0800644e                USB_ReadPMA
 *fill*         0x0800647e        0x2 
 .text._sbrk    0x08006480       0x48 build/debug/sysmem.o
                0x08006480                _sbrk
 .text.SystemInit
                0x080064c8        0x2 build/debug/system_stm32f1xx.o
                0x080064c8                SystemInit
 *fill*         0x080064ca        0x2 
 .text.MX_TIM2_Init
                0x080064cc       0x70 build/debug/tim.o
                0x080064cc                MX_TIM2_Init
 .text.MX_TIM3_Init
                0x0800653c       0x70 build/debug/tim.o
                0x0800653c                MX_TIM3_Init
 .text.HAL_TIM_Base_MspInit
                0x080065ac       0xbc build/debug/tim.o
                0x080065ac                HAL_TIM_Base_MspInit
 .text.HAL_TIM_MspPostInit
                0x08006668       0x78 build/debug/tim.o
                0x08006668                HAL_TIM_MspPostInit
 .text.MX_TIM1_Init
                0x080066e0      0x114 build/debug/tim.o
                0x080066e0                MX_TIM1_Init
 .text.MX_USB_DEVICE_Init
                0x080067f4       0x54 build/debug/usb_device.o
                0x080067f4                MX_USB_DEVICE_Init
 .text.USBD_CDC_EP0_RxReady
                0x08006848       0x28 build/debug/usbd_cdc.o
 .text.USBD_CDC_GetFSCfgDesc
                0x08006870        0xc build/debug/usbd_cdc.o
 .text.USBD_CDC_GetHSCfgDesc
                0x0800687c        0xc build/debug/usbd_cdc.o
 .text.USBD_CDC_GetOtherSpeedCfgDesc
                0x08006888        0xc build/debug/usbd_cdc.o
 .text.USBD_CDC_GetDeviceQualifierDescriptor
                0x08006894        0xc build/debug/usbd_cdc.o
                0x08006894                USBD_CDC_GetDeviceQualifierDescriptor
 .text.USBD_CDC_DataOut
                0x080068a0       0x2e build/debug/usbd_cdc.o
 .text.USBD_CDC_DataIn
                0x080068ce       0x4e build/debug/usbd_cdc.o
 .text.USBD_CDC_Setup
                0x0800691c       0xd6 build/debug/usbd_cdc.o
 .text.USBD_CDC_DeInit
                0x080069f2       0x42 build/debug/usbd_cdc.o
 .text.USBD_CDC_Init
                0x08006a34       0xaa build/debug/usbd_cdc.o
 .text.USBD_CDC_RegisterInterface
                0x08006ade        0xe build/debug/usbd_cdc.o
                0x08006ade                USBD_CDC_RegisterInterface
 .text.USBD_CDC_SetTxBuffer
                0x08006aec       0x10 build/debug/usbd_cdc.o
                0x08006aec                USBD_CDC_SetTxBuffer
 .text.USBD_CDC_SetRxBuffer
                0x08006afc        0xc build/debug/usbd_cdc.o
                0x08006afc                USBD_CDC_SetRxBuffer
 .text.USBD_CDC_TransmitPacket
                0x08006b08       0x32 build/debug/usbd_cdc.o
                0x08006b08                USBD_CDC_TransmitPacket
 .text.USBD_CDC_ReceivePacket
                0x08006b3a       0x30 build/debug/usbd_cdc.o
                0x08006b3a                USBD_CDC_ReceivePacket
 .text.CDC_DeInit_FS
                0x08006b6a        0x4 build/debug/usbd_cdc_if.o
 .text.CDC_Control_FS
                0x08006b6e        0x4 build/debug/usbd_cdc_if.o
 *fill*         0x08006b72        0x2 
 .text.CDC_Receive_FS
                0x08006b74       0x1c build/debug/usbd_cdc_if.o
 .text.CDC_Init_FS
                0x08006b90       0x28 build/debug/usbd_cdc_if.o
 .text.CDC_Transmit_FS
                0x08006bb8       0x2c build/debug/usbd_cdc_if.o
                0x08006bb8                CDC_Transmit_FS
 .text.USBD_Get_USB_Status
                0x08006be4       0x14 build/debug/usbd_conf.o
 .text.HAL_PCD_MspInit
                0x08006bf8       0x40 build/debug/usbd_conf.o
                0x08006bf8                HAL_PCD_MspInit
 .text.HAL_PCD_SetupStageCallback
                0x08006c38       0x10 build/debug/usbd_conf.o
                0x08006c38                HAL_PCD_SetupStageCallback
 .text.HAL_PCD_DataOutStageCallback
                0x08006c48       0x18 build/debug/usbd_conf.o
                0x08006c48                HAL_PCD_DataOutStageCallback
 .text.HAL_PCD_DataInStageCallback
                0x08006c60       0x16 build/debug/usbd_conf.o
                0x08006c60                HAL_PCD_DataInStageCallback
 .text.HAL_PCD_SOFCallback
                0x08006c76        0xc build/debug/usbd_conf.o
                0x08006c76                HAL_PCD_SOFCallback
 .text.HAL_PCD_ResetCallback
                0x08006c82       0x24 build/debug/usbd_conf.o
                0x08006c82                HAL_PCD_ResetCallback
 *fill*         0x08006ca6        0x2 
 .text.HAL_PCD_SuspendCallback
                0x08006ca8       0x20 build/debug/usbd_conf.o
                0x08006ca8                HAL_PCD_SuspendCallback
 .text.HAL_PCD_ResumeCallback
                0x08006cc8        0xc build/debug/usbd_conf.o
                0x08006cc8                HAL_PCD_ResumeCallback
 .text.USBD_LL_Init
                0x08006cd4       0x84 build/debug/usbd_conf.o
                0x08006cd4                USBD_LL_Init
 .text.USBD_LL_Start
                0x08006d58       0x10 build/debug/usbd_conf.o
                0x08006d58                USBD_LL_Start
 .text.USBD_LL_OpenEP
                0x08006d68       0x16 build/debug/usbd_conf.o
                0x08006d68                USBD_LL_OpenEP
 .text.USBD_LL_CloseEP
                0x08006d7e       0x10 build/debug/usbd_conf.o
                0x08006d7e                USBD_LL_CloseEP
 .text.USBD_LL_StallEP
                0x08006d8e       0x10 build/debug/usbd_conf.o
                0x08006d8e                USBD_LL_StallEP
 .text.USBD_LL_ClearStallEP
                0x08006d9e       0x10 build/debug/usbd_conf.o
                0x08006d9e                USBD_LL_ClearStallEP
 .text.USBD_LL_IsStallEP
                0x08006dae       0x2c build/debug/usbd_conf.o
                0x08006dae                USBD_LL_IsStallEP
 .text.USBD_LL_SetUSBAddress
                0x08006dda       0x10 build/debug/usbd_conf.o
                0x08006dda                USBD_LL_SetUSBAddress
 .text.USBD_LL_Transmit
                0x08006dea       0x10 build/debug/usbd_conf.o
                0x08006dea                USBD_LL_Transmit
 .text.USBD_LL_PrepareReceive
                0x08006dfa       0x10 build/debug/usbd_conf.o
                0x08006dfa                USBD_LL_PrepareReceive
 .text.USBD_LL_GetRxDataSize
                0x08006e0a        0xc build/debug/usbd_conf.o
                0x08006e0a                USBD_LL_GetRxDataSize
 *fill*         0x08006e16        0x2 
 .text.USBD_static_malloc
                0x08006e18        0x8 build/debug/usbd_conf.o
                0x08006e18                USBD_static_malloc
 .text.USBD_static_free
                0x08006e20        0x2 build/debug/usbd_conf.o
                0x08006e20                USBD_static_free
 .text.HAL_PCDEx_SetConnectionState
                0x08006e22        0x2 build/debug/usbd_conf.o
                0x08006e22                HAL_PCDEx_SetConnectionState
 .text.USBD_Init
                0x08006e24       0x2e build/debug/usbd_core.o
                0x08006e24                USBD_Init
 .text.USBD_RegisterClass
                0x08006e52        0xe build/debug/usbd_core.o
                0x08006e52                USBD_RegisterClass
 .text.USBD_Start
                0x08006e60        0xa build/debug/usbd_core.o
                0x08006e60                USBD_Start
 .text.USBD_SetClassConfig
                0x08006e6a       0x18 build/debug/usbd_core.o
                0x08006e6a                USBD_SetClassConfig
 .text.USBD_ClrClassConfig
                0x08006e82        0xe build/debug/usbd_core.o
                0x08006e82                USBD_ClrClassConfig
 .text.USBD_LL_SetupStage
                0x08006e90       0x5a build/debug/usbd_core.o
                0x08006e90                USBD_LL_SetupStage
 .text.USBD_LL_DataOutStage
                0x08006eea       0x8c build/debug/usbd_core.o
                0x08006eea                USBD_LL_DataOutStage
 .text.USBD_LL_DataInStage
                0x08006f76       0xd0 build/debug/usbd_core.o
                0x08006f76                USBD_LL_DataInStage
 .text.USBD_LL_Reset
                0x08007046       0x50 build/debug/usbd_core.o
                0x08007046                USBD_LL_Reset
 .text.USBD_LL_SetSpeed
                0x08007096        0x6 build/debug/usbd_core.o
                0x08007096                USBD_LL_SetSpeed
 .text.USBD_LL_Suspend
                0x0800709c       0x12 build/debug/usbd_core.o
                0x0800709c                USBD_LL_Suspend
 .text.USBD_LL_Resume
                0x080070ae       0x16 build/debug/usbd_core.o
                0x080070ae                USBD_LL_Resume
 .text.USBD_LL_SOF
                0x080070c4       0x1c build/debug/usbd_core.o
                0x080070c4                USBD_LL_SOF
 .text.USBD_GetLen
                0x080070e0       0x14 build/debug/usbd_ctlreq.o
 .text.USBD_SetFeature
                0x080070f4       0x14 build/debug/usbd_ctlreq.o
 .text.USBD_ParseSetupRequest
                0x08007108       0x28 build/debug/usbd_ctlreq.o
                0x08007108                USBD_ParseSetupRequest
 .text.USBD_CtlError
                0x08007130       0x14 build/debug/usbd_ctlreq.o
                0x08007130                USBD_CtlError
 .text.USBD_GetDescriptor
                0x08007144      0x186 build/debug/usbd_ctlreq.o
 .text.USBD_SetAddress
                0x080072ca       0x4e build/debug/usbd_ctlreq.o
 .text.USBD_SetConfig
                0x08007318       0xb0 build/debug/usbd_ctlreq.o
 .text.USBD_GetConfig
                0x080073c8       0x3e build/debug/usbd_ctlreq.o
 .text.USBD_GetStatus
                0x08007406       0x38 build/debug/usbd_ctlreq.o
 .text.USBD_ClrFeature
                0x0800743e       0x26 build/debug/usbd_ctlreq.o
 .text.USBD_StdDevReq
                0x08007464       0x68 build/debug/usbd_ctlreq.o
                0x08007464                USBD_StdDevReq
 .text.USBD_StdItfReq
                0x080074cc       0x60 build/debug/usbd_ctlreq.o
                0x080074cc                USBD_StdItfReq
 .text.USBD_StdEPReq
                0x0800752c      0x1e2 build/debug/usbd_ctlreq.o
                0x0800752c                USBD_StdEPReq
 .text.USBD_GetString
                0x0800770e       0x3a build/debug/usbd_ctlreq.o
                0x0800770e                USBD_GetString
 .text.USBD_FS_DeviceDescriptor
                0x08007748        0xc build/debug/usbd_desc.o
                0x08007748                USBD_FS_DeviceDescriptor
 .text.USBD_FS_LangIDStrDescriptor
                0x08007754        0xc build/debug/usbd_desc.o
                0x08007754                USBD_FS_LangIDStrDescriptor
 .text.IntToUnicode
                0x08007760       0x46 build/debug/usbd_desc.o
 *fill*         0x080077a6        0x2 
 .text.Get_SerialNum
                0x080077a8       0x38 build/debug/usbd_desc.o
 .text.USBD_FS_SerialStrDescriptor
                0x080077e0       0x14 build/debug/usbd_desc.o
                0x080077e0                USBD_FS_SerialStrDescriptor
 .text.USBD_FS_ProductStrDescriptor
                0x080077f4       0x24 build/debug/usbd_desc.o
                0x080077f4                USBD_FS_ProductStrDescriptor
 .text.USBD_FS_ManufacturerStrDescriptor
                0x08007818       0x1c build/debug/usbd_desc.o
                0x08007818                USBD_FS_ManufacturerStrDescriptor
 .text.USBD_FS_ConfigStrDescriptor
                0x08007834       0x24 build/debug/usbd_desc.o
                0x08007834                USBD_FS_ConfigStrDescriptor
 .text.USBD_FS_InterfaceStrDescriptor
                0x08007858       0x24 build/debug/usbd_desc.o
                0x08007858                USBD_FS_InterfaceStrDescriptor
 .text.USBD_CtlSendData
                0x0800787c       0x1a build/debug/usbd_ioreq.o
                0x0800787c                USBD_CtlSendData
 .text.USBD_CtlContinueSendData
                0x08007896       0x10 build/debug/usbd_ioreq.o
                0x08007896                USBD_CtlContinueSendData
 .text.USBD_CtlPrepareRx
                0x080078a6       0x1e build/debug/usbd_ioreq.o
                0x080078a6                USBD_CtlPrepareRx
 .text.USBD_CtlContinueRx
                0x080078c4       0x10 build/debug/usbd_ioreq.o
                0x080078c4                USBD_CtlContinueRx
 .text.USBD_CtlSendStatus
                0x080078d4       0x16 build/debug/usbd_ioreq.o
                0x080078d4                USBD_CtlSendStatus
 .text.USBD_CtlReceiveStatus
                0x080078ea       0x16 build/debug/usbd_ioreq.o
                0x080078ea                USBD_CtlReceiveStatus
 .text.Reset_Handler
                0x08007900       0x48 build/debug/startup_stm32f103xb.o
                0x08007900                Reset_Handler
 .text.Default_Handler
                0x08007948        0x2 build/debug/startup_stm32f103xb.o
                0x08007948                RTC_Alarm_IRQHandler
                0x08007948                TIM1_CC_IRQHandler
                0x08007948                PVD_IRQHandler
                0x08007948                EXTI3_IRQHandler
                0x08007948                I2C2_EV_IRQHandler
                0x08007948                ADC1_2_IRQHandler
                0x08007948                SPI1_IRQHandler
                0x08007948                TAMPER_IRQHandler
                0x08007948                DMA1_Channel4_IRQHandler
                0x08007948                USART3_IRQHandler
                0x08007948                RTC_IRQHandler
                0x08007948                DMA1_Channel7_IRQHandler
                0x08007948                CAN1_RX1_IRQHandler
                0x08007948                TIM4_IRQHandler
                0x08007948                I2C1_EV_IRQHandler
                0x08007948                DMA1_Channel6_IRQHandler
                0x08007948                RCC_IRQHandler
                0x08007948                TIM1_TRG_COM_IRQHandler
                0x08007948                Default_Handler
                0x08007948                EXTI15_10_IRQHandler
                0x08007948                EXTI9_5_IRQHandler
                0x08007948                SPI2_IRQHandler
                0x08007948                DMA1_Channel5_IRQHandler
                0x08007948                EXTI4_IRQHandler
                0x08007948                USB_HP_CAN1_TX_IRQHandler
                0x08007948                DMA1_Channel3_IRQHandler
                0x08007948                TIM1_UP_IRQHandler
                0x08007948                WWDG_IRQHandler
                0x08007948                TIM1_BRK_IRQHandler
                0x08007948                USART2_IRQHandler
                0x08007948                I2C2_ER_IRQHandler
                0x08007948                DMA1_Channel2_IRQHandler
                0x08007948                CAN1_SCE_IRQHandler
                0x08007948                FLASH_IRQHandler
                0x08007948                USART1_IRQHandler
                0x08007948                I2C1_ER_IRQHandler
                0x08007948                USBWakeUp_IRQHandler
 *(.glue_7)
 .glue_7        0x0800794a        0x0 linker stubs
 *(.glue_7t)
 .glue_7t       0x0800794a        0x0 linker stubs
 *(.eh_frame)
 *fill*         0x0800794a        0x2 
 .eh_frame      0x0800794c        0x0 /usr/lib/gcc/arm-none-eabi/13.3.1/thumb/v7-m/nofp/crtbegin.o
 *(.init)
 .init          0x0800794c        0x4 /usr/lib/gcc/arm-none-eabi/13.3.1/thumb/v7-m/nofp/crti.o
                0x0800794c                _init
 .init          0x08007950        0x8 /usr/lib/gcc/arm-none-eabi/13.3.1/thumb/v7-m/nofp/crtn.o
 *(.fini)
 .fini          0x08007958        0x4 /usr/lib/gcc/arm-none-eabi/13.3.1/thumb/v7-m/nofp/crti.o
                0x08007958                _fini
 .fini          0x0800795c        0x8 /usr/lib/gcc/arm-none-eabi/13.3.1/thumb/v7-m/nofp/crtn.o
                0x08007964                        . = ALIGN (0x4)
                0x08007964                        _etext = .

.vfp11_veneer   0x08007964        0x0
 .vfp11_veneer  0x08007964        0x0 linker stubs

.v4_bx          0x08007964        0x0
 .v4_bx         0x08007964        0x0 linker stubs

.iplt           0x08007964        0x0
 .iplt          0x08007964        0x0 /usr/lib/gcc/arm-none-eabi/13.3.1/thumb/v7-m/nofp/crtbegin.o

.rodata         0x08007964       0xbc
                0x08007964                        . = ALIGN (0x4)
 *(.rodata)
 *(.rodata*)
 .rodata.log_variable.str1.4
                0x08007964       0x95 build/debug/debug_monitor.o
                                  0x7 (size before relaxing)
 .rodata.main.str1.4
                0x080079f9       0x1f build/debug/main.o
 *fill*         0x080079f9        0x3 
 .rodata.aPredivFactorTable.0
                0x080079fc        0x2 build/debug/stm32f1xx_hal_rcc.o
 *fill*         0x080079fe        0x2 
 .rodata.aPLLMULFactorTable.1
                0x08007a00       0x10 build/debug/stm32f1xx_hal_rcc.o
 .rodata.AHBPrescTable
                0x08007a10       0x10 build/debug/system_stm32f1xx.o
                0x08007a10                AHBPrescTable
 .rodata.USBD_FS_ProductStrDescriptor.str1.4
                0x08007a20        0xd build/debug/usbd_desc.o
 .rodata.USBD_FS_ManufacturerStrDescriptor.str1.4
                0x08007a20        0x7 build/debug/usbd_desc.o
 .rodata.USBD_FS_ConfigStrDescriptor.str1.4
                0x08007a20        0xb build/debug/usbd_desc.o
 .rodata.USBD_FS_InterfaceStrDescriptor.str1.4
                0x08007a20        0xe build/debug/usbd_desc.o
 .rodata.str1.4
                0x08007a20       0x13 /usr/lib/gcc/arm-none-eabi/13.3.1/../../../arm-none-eabi/lib/thumb/v7-m/nofp/libc_nano.a(libc_a-nano-svfprintf.o)
 .rodata.str1.4
                0x08007a20       0x25 /usr/lib/gcc/arm-none-eabi/13.3.1/../../../arm-none-eabi/lib/thumb/v7-m/nofp/libc_nano.a(libc_a-nano-vfprintf_i.o)
                0x08007a48                        . = ALIGN (0x4)

.ARM.extab
 *(.ARM.extab* .gnu.linkonce.armextab.*)

.ARM            0x08007a20        0x8
                0x08007a20                        __exidx_start = .
 *(.ARM.exidx*)
 .ARM.exidx     0x08007a20        0x8 /usr/lib/gcc/arm-none-eabi/13.3.1/../../../arm-none-eabi/lib/thumb/v7-m/nofp/libc_nano.a(libc_a-memcpy.o)
                0x08007a28                        __exidx_end = .

.rel.dyn        0x08007a28        0x0
 .rel.iplt      0x08007a28        0x0 /usr/lib/gcc/arm-none-eabi/13.3.1/thumb/v7-m/nofp/crtbegin.o

.preinit_array  0x08007a28        0x0
                0x08007a28                        PROVIDE (__preinit_array_start = .)
 *(.preinit_array*)
                0x08007a28                        PROVIDE (__preinit_array_end = .)

.init_array     0x08007a28        0x4
                0x08007a28                        PROVIDE (__init_array_start = .)
 *(SORT_BY_NAME(.init_array.*))
 *(.init_array*)
 .init_array    0x08007a28        0x4 /usr/lib/gcc/arm-none-eabi/13.3.1/thumb/v7-m/nofp/crtbegin.o
                0x08007a2c                        PROVIDE (__init_array_end = .)

.fini_array     0x08007a2c        0x4
                0x08007a2c                        PROVIDE (__fini_array_start = .)
 *(SORT_BY_NAME(.fini_array.*))
 *(.fini_array*)
 .fini_array    0x08007a2c        0x4 /usr/lib/gcc/arm-none-eabi/13.3.1/thumb/v7-m/nofp/crtbegin.o
                0x08007a30                        PROVIDE (__fini_array_end = .)
                0x08007a30                        _sidata = LOADADDR (.data)

.data           0x20000000      0x1d8 load address 0x08007a30
                0x20000000                        . = ALIGN (0x4)
                0x20000000                        _sdata = .
 *(.data)
 .data          0x20000000       0x50 /usr/lib/gcc/arm-none-eabi/13.3.1/../../../arm-none-eabi/lib/thumb/v7-m/nofp/libc_nano.a(libc_a-impure.o)
                0x20000000                _impure_ptr
                0x20000004                _impure_data
 *(.data*)
 .data.max_rpm_limit
                0x20000050        0x2 build/debug/main.o
                0x20000050                max_rpm_limit
 .data.minCurrent
                0x20000052        0x2 build/debug/main.o
                0x20000052                minCurrent
 .data.difference_two_coummutation_time
                0x20000054        0x4 build/debug/main.o
                0x20000054                difference_two_coummutation_time
 .data.min_pwm_limit
                0x20000058        0x2 build/debug/main.o
                0x20000058                min_pwm_limit
 .data.geri_vites
                0x2000005a        0x1 build/debug/main.o
                0x2000005a                geri_vites
 .data.flagg    0x2000005b        0x1 build/debug/main.o
                0x2000005b                flagg
 .data.first_step_flag
                0x2000005c        0x1 build/debug/main.o
                0x2000005c                first_step_flag
 .data.mode     0x2000005d        0x1 build/debug/main.o
                0x2000005d                mode
 .data.uwTickFreq
                0x2000005e        0x1 build/debug/stm32f1xx_hal.o
                0x2000005e                uwTickFreq
 *fill*         0x2000005f        0x1 
 .data.uwTickPrio
                0x20000060        0x4 build/debug/stm32f1xx_hal.o
                0x20000060                uwTickPrio
 .data.SystemCoreClock
                0x20000064        0x4 build/debug/system_stm32f1xx.o
                0x20000064                SystemCoreClock
 .data.USBD_CDC_OtherSpeedCfgDesc
                0x20000068       0x43 build/debug/usbd_cdc.o
                0x20000068                USBD_CDC_OtherSpeedCfgDesc
 *fill*         0x200000ab        0x1 
 .data.USBD_CDC_CfgFSDesc
                0x200000ac       0x43 build/debug/usbd_cdc.o
                0x200000ac                USBD_CDC_CfgFSDesc
 *fill*         0x200000ef        0x1 
 .data.USBD_CDC_CfgHSDesc
                0x200000f0       0x43 build/debug/usbd_cdc.o
                0x200000f0                USBD_CDC_CfgHSDesc
 *fill*         0x20000133        0x1 
 .data.USBD_CDC
                0x20000134       0x38 build/debug/usbd_cdc.o
                0x20000134                USBD_CDC
 .data.USBD_CDC_DeviceQualifierDesc
                0x2000016c        0xa build/debug/usbd_cdc.o
 *fill*         0x20000176        0x2 
 .data.USBD_Interface_fops_FS
                0x20000178       0x10 build/debug/usbd_cdc_if.o
                0x20000178                USBD_Interface_fops_FS
 .data.USBD_StringSerial
                0x20000188       0x1a build/debug/usbd_desc.o
                0x20000188                USBD_StringSerial
 *fill*         0x200001a2        0x2 
 .data.USBD_LangIDDesc
                0x200001a4        0x4 build/debug/usbd_desc.o
                0x200001a4                USBD_LangIDDesc
 .data.USBD_FS_DeviceDesc
                0x200001a8       0x12 build/debug/usbd_desc.o
                0x200001a8                USBD_FS_DeviceDesc
 *fill*         0x200001ba        0x2 
 .data.FS_Desc  0x200001bc       0x1c build/debug/usbd_desc.o
                0x200001bc                FS_Desc
                0x200001d8                        . = ALIGN (0x4)
                0x200001d8                        _edata = .

.tm_clone_table
                0x200001d8        0x0 load address 0x08007c08
 .tm_clone_table
                0x200001d8        0x0 /usr/lib/gcc/arm-none-eabi/13.3.1/thumb/v7-m/nofp/crtbegin.o
 .tm_clone_table
                0x200001d8        0x0 /usr/lib/gcc/arm-none-eabi/13.3.1/thumb/v7-m/nofp/crtend.o

.igot.plt       0x200001d8        0x0 load address 0x08007c08
 .igot.plt      0x200001d8        0x0 /usr/lib/gcc/arm-none-eabi/13.3.1/thumb/v7-m/nofp/crtbegin.o
                0x200001d8                        . = ALIGN (0x4)

.bss            0x200001d8     0x1738 load address 0x08007c08
                0x200001d8                        _sbss = .
                0x200001d8                        __bss_start__ = _sbss
 *(.bss)
 .bss           0x200001d8       0x1c /usr/lib/gcc/arm-none-eabi/13.3.1/thumb/v7-m/nofp/crtbegin.o
 .bss           0x200001f4      0x13c /usr/lib/gcc/arm-none-eabi/13.3.1/../../../arm-none-eabi/lib/thumb/v7-m/nofp/libc_nano.a(libc_a-findfp.o)
                0x200001f4                __sf
                0x2000032c                __stdio_exit_handler
 .bss           0x20000330        0x8 /usr/lib/gcc/arm-none-eabi/13.3.1/../../../arm-none-eabi/lib/thumb/v7-m/nofp/libc_nano.a(libc_a-mallocr.o)
                0x20000330                __malloc_sbrk_start
                0x20000334                __malloc_free_list
 .bss           0x20000338        0x4 /usr/lib/gcc/arm-none-eabi/13.3.1/../../../arm-none-eabi/lib/thumb/v7-m/nofp/libc_nano.a(libc_a-reent.o)
                0x20000338                errno
 *(.bss*)
 .bss.hdma_adc1
                0x2000033c       0x44 build/debug/adc.o
                0x2000033c                hdma_adc1
 .bss.hadc1     0x20000380       0x30 build/debug/adc.o
                0x20000380                hadc1
 .bss.log_length
                0x200003b0        0x4 build/debug/debug_monitor.o
                0x200003b0                log_length
 .bss.log_buffer
                0x200003b4      0x200 build/debug/debug_monitor.o
                0x200003b4                log_buffer
 .bss.filtered_value.0
                0x200005b4        0x2 build/debug/main.o
 .bss.motor_voltage
                0x200005b6        0x2 build/debug/main.o
                0x200005b6                motor_voltage
 .bss.battery_voltage
                0x200005b8        0x2 build/debug/main.o
                0x200005b8                battery_voltage
 .bss.target_rpm
                0x200005ba        0x2 build/debug/main.o
                0x200005ba                target_rpm
 .bss.phase_C   0x200005bc        0x4 build/debug/main.o
                0x200005bc                phase_C
 .bss.phase_B   0x200005c0        0x4 build/debug/main.o
                0x200005c0                phase_B
 .bss.phase_A   0x200005c4        0x4 build/debug/main.o
                0x200005c4                phase_A
 .bss.saved_pwm_rpm
                0x200005c8       0x3c build/debug/main.o
                0x200005c8                saved_pwm_rpm
 .bss.average   0x20000604        0x2 build/debug/main.o
                0x20000604                average
 .bss.temporary_current_value
                0x20000606        0x2 build/debug/main.o
                0x20000606                temporary_current_value
 .bss.maxCurrent
                0x20000608        0x2 build/debug/main.o
                0x20000608                maxCurrent
 *fill*         0x2000060a        0x2 
 .bss.previousTime3
                0x2000060c        0x4 build/debug/main.o
                0x2000060c                previousTime3
 .bss.rpm       0x20000610        0x4 build/debug/main.o
                0x20000610                rpm
 .bss.timeForRotorStopStatusMsFlag
                0x20000614        0x4 build/debug/main.o
                0x20000614                timeForRotorStopStatusMsFlag
 .bss.timeForRotorStopStatusMs
                0x20000618        0x4 build/debug/main.o
                0x20000618                timeForRotorStopStatusMs
 .bss.oncekiDegerler
                0x2000061c        0x3 build/debug/main.o
                0x2000061c                oncekiDegerler
 *fill*         0x2000061f        0x1 
 .bss.previousTime2
                0x20000620        0x4 build/debug/main.o
                0x20000620                previousTime2
 .bss.pwm_value
                0x20000624        0x4 build/debug/main.o
                0x20000624                pwm_value
 .bss.step      0x20000628        0x4 build/debug/main.o
                0x20000628                step
 .bss.hall_C    0x2000062c        0x1 build/debug/main.o
                0x2000062c                hall_C
 .bss.hall_B    0x2000062d        0x1 build/debug/main.o
                0x2000062d                hall_B
 .bss.hall_A    0x2000062e        0x1 build/debug/main.o
                0x2000062e                hall_A
 .bss.run_status
                0x2000062f        0x1 build/debug/main.o
                0x2000062f                run_status
 .bss.filtered_current
                0x20000630        0x2 build/debug/main.o
                0x20000630                filtered_current
 .bss.currentValue
                0x20000632        0x2 build/debug/main.o
                0x20000632                currentValue
 .bss.speedInAdc
                0x20000634        0x2 build/debug/main.o
                0x20000634                speedInAdc
 *fill*         0x20000636        0x2 
 .bss.adcbuffer
                0x20000638       0x18 build/debug/main.o
                0x20000638                adcbuffer
 .bss.oldValue  0x20000650        0x3 build/debug/main.o
                0x20000650                oldValue
 *fill*         0x20000653        0x1 
 .bss.filtered_rpm
                0x20000654        0x2 build/debug/rpm.o
                0x20000654                filtered_rpm
 .bss.first_filterless_count
                0x20000656        0x1 build/debug/rpm.o
                0x20000656                first_filterless_count
 .bss.array_index
                0x20000657        0x1 build/debug/rpm.o
                0x20000657                array_index
 .bss.rpm_sampling_array
                0x20000658       0x18 build/debug/rpm.o
                0x20000658                rpm_sampling_array
 .bss.uwTick    0x20000670        0x4 build/debug/stm32f1xx_hal.o
                0x20000670                uwTick
 .bss.__sbrk_heap_end
                0x20000674        0x4 build/debug/sysmem.o
 .bss.htim3     0x20000678       0x48 build/debug/tim.o
                0x20000678                htim3
 .bss.htim2     0x200006c0       0x48 build/debug/tim.o
                0x200006c0                htim2
 .bss.htim1     0x20000708       0x48 build/debug/tim.o
                0x20000708                htim1
 .bss.hUsbDeviceFS
                0x20000750      0x2c4 build/debug/usb_device.o
                0x20000750                hUsbDeviceFS
 .bss.UserTxBufferFS
                0x20000a14      0x400 build/debug/usbd_cdc_if.o
                0x20000a14                UserTxBufferFS
 .bss.UserRxBufferFS
                0x20000e14      0x400 build/debug/usbd_cdc_if.o
                0x20000e14                UserRxBufferFS
 .bss.mem.0     0x20001214      0x220 build/debug/usbd_conf.o
 .bss.hpcd_USB_FS
                0x20001434      0x2d8 build/debug/usbd_conf.o
                0x20001434                hpcd_USB_FS
 .bss.cfgidx.0  0x2000170c        0x1 build/debug/usbd_ctlreq.o
 *fill*         0x2000170d        0x3 
 .bss.USBD_StrDesc
                0x20001710      0x200 build/debug/usbd_desc.o
                0x20001710                USBD_StrDesc
 *(COMMON)
                0x20001910                        . = ALIGN (0x4)
                0x20001910                        _ebss = .
                0x20001910                        __bss_end__ = _ebss

._user_heap_stack
                0x20001910      0x600 load address 0x08007c08
                0x20001910                        . = ALIGN (0x8)
                [!provide]                        PROVIDE (end = .)
                0x20001910                        PROVIDE (_end = .)
                0x20001b10                        . = (. + _Min_Heap_Size)
 *fill*         0x20001910      0x200 
                0x20001f10                        . = (. + _Min_Stack_Size)
 *fill*         0x20001b10      0x400 
                0x20001f10                        . = ALIGN (0x8)

/DISCARD/
 libc.a(*)
 libm.a(*)
 libgcc.a(*)

.ARM.attributes
                0x00000000       0x29
 *(.ARM.attributes)
 .ARM.attributes
                0x00000000       0x1d /usr/lib/gcc/arm-none-eabi/13.3.1/thumb/v7-m/nofp/crti.o
 .ARM.attributes
                0x0000001d       0x2d /usr/lib/gcc/arm-none-eabi/13.3.1/thumb/v7-m/nofp/crtbegin.o
 .ARM.attributes
                0x0000004a       0x2d build/debug/adc.o
 .ARM.attributes
                0x00000077       0x2d build/debug/debug_monitor.o
 .ARM.attributes
                0x000000a4       0x2d build/debug/dma.o
 .ARM.attributes
                0x000000d1       0x2d build/debug/gpio.o
 .ARM.attributes
                0x000000fe       0x2d build/debug/gpio_interrupt.o
 .ARM.attributes
                0x0000012b       0x2d build/debug/main.o
 .ARM.attributes
                0x00000158       0x2d build/debug/old_value_hall.o
 .ARM.attributes
                0x00000185       0x2d build/debug/rpm.o
 .ARM.attributes
                0x000001b2       0x2d build/debug/steps.o
 .ARM.attributes
                0x000001df       0x2d build/debug/stm32f1xx_hal.o
 .ARM.attributes
                0x0000020c       0x2d build/debug/stm32f1xx_hal_adc.o
 .ARM.attributes
                0x00000239       0x2d build/debug/stm32f1xx_hal_cortex.o
 .ARM.attributes
                0x00000266       0x2d build/debug/stm32f1xx_hal_dma.o
 .ARM.attributes
                0x00000293       0x2d build/debug/stm32f1xx_hal_gpio.o
 .ARM.attributes
                0x000002c0       0x2d build/debug/stm32f1xx_hal_msp.o
 .ARM.attributes
                0x000002ed       0x2d build/debug/stm32f1xx_hal_pcd.o
 .ARM.attributes
                0x0000031a       0x2d build/debug/stm32f1xx_hal_pcd_ex.o
 .ARM.attributes
                0x00000347       0x2d build/debug/stm32f1xx_hal_rcc.o
 .ARM.attributes
                0x00000374       0x2d build/debug/stm32f1xx_hal_rcc_ex.o
 .ARM.attributes
                0x000003a1       0x2d build/debug/stm32f1xx_hal_tim.o
 .ARM.attributes
                0x000003ce       0x2d build/debug/stm32f1xx_hal_tim_ex.o
 .ARM.attributes
                0x000003fb       0x2d build/debug/stm32f1xx_it.o
 .ARM.attributes
                0x00000428       0x2d build/debug/stm32f1xx_ll_usb.o
 .ARM.attributes
                0x00000455       0x2d build/debug/sysmem.o
 .ARM.attributes
                0x00000482       0x2d build/debug/system_stm32f1xx.o
 .ARM.attributes
                0x000004af       0x2d build/debug/tim.o
 .ARM.attributes
                0x000004dc       0x2d build/debug/usb_device.o
 .ARM.attributes
                0x00000509       0x2d build/debug/usbd_cdc.o
 .ARM.attributes
                0x00000536       0x2d build/debug/usbd_cdc_if.o
 .ARM.attributes
                0x00000563       0x2d build/debug/usbd_conf.o
 .ARM.attributes
                0x00000590       0x2d build/debug/usbd_core.o
 .ARM.attributes
                0x000005bd       0x2d build/debug/usbd_ctlreq.o
 .ARM.attributes
                0x000005ea       0x2d build/debug/usbd_desc.o
 .ARM.attributes
                0x00000617       0x2d build/debug/usbd_ioreq.o
 .ARM.attributes
                0x00000644       0x21 build/debug/startup_stm32f103xb.o
 .ARM.attributes
                0x00000665       0x2d /usr/lib/gcc/arm-none-eabi/13.3.1/../../../arm-none-eabi/lib/thumb/v7-m/nofp/libc_nano.a(libc_a-errno.o)
 .ARM.attributes
                0x00000692       0x2d /usr/lib/gcc/arm-none-eabi/13.3.1/../../../arm-none-eabi/lib/thumb/v7-m/nofp/libc_nano.a(libc_a-init.o)
 .ARM.attributes
                0x000006bf       0x2d /usr/lib/gcc/arm-none-eabi/13.3.1/../../../arm-none-eabi/lib/thumb/v7-m/nofp/libc_nano.a(libc_a-memset.o)
 .ARM.attributes
                0x000006ec       0x2d /usr/lib/gcc/arm-none-eabi/13.3.1/../../../arm-none-eabi/lib/thumb/v7-m/nofp/libc_nano.a(libc_a-impure.o)
 .ARM.attributes
                0x00000719       0x2d /usr/lib/gcc/arm-none-eabi/13.3.1/../../../arm-none-eabi/lib/thumb/v7-m/nofp/libc_nano.a(libc_a-snprintf.o)
 .ARM.attributes
                0x00000746       0x2d /usr/lib/gcc/arm-none-eabi/13.3.1/../../../arm-none-eabi/lib/thumb/v7-m/nofp/libc_nano.a(libc_a-nano-svfprintf.o)
 .ARM.attributes
                0x00000773       0x2d /usr/lib/gcc/arm-none-eabi/13.3.1/../../../arm-none-eabi/lib/thumb/v7-m/nofp/libc_nano.a(libc_a-memchr-stub.o)
 .ARM.attributes
                0x000007a0       0x2d /usr/lib/gcc/arm-none-eabi/13.3.1/../../../arm-none-eabi/lib/thumb/v7-m/nofp/libc_nano.a(libc_a-findfp.o)
 .ARM.attributes
                0x000007cd       0x2d /usr/lib/gcc/arm-none-eabi/13.3.1/../../../arm-none-eabi/lib/thumb/v7-m/nofp/libc_nano.a(libc_a-mallocr.o)
 .ARM.attributes
                0x000007fa       0x1b /usr/lib/gcc/arm-none-eabi/13.3.1/../../../arm-none-eabi/lib/thumb/v7-m/nofp/libc_nano.a(libc_a-memcpy.o)
 .ARM.attributes
                0x00000815       0x2d /usr/lib/gcc/arm-none-eabi/13.3.1/../../../arm-none-eabi/lib/thumb/v7-m/nofp/libc_nano.a(libc_a-freer.o)
 .ARM.attributes
                0x00000842       0x2d /usr/lib/gcc/arm-none-eabi/13.3.1/../../../arm-none-eabi/lib/thumb/v7-m/nofp/libc_nano.a(libc_a-reallocr.o)
 .ARM.attributes
                0x0000086f       0x2d /usr/lib/gcc/arm-none-eabi/13.3.1/../../../arm-none-eabi/lib/thumb/v7-m/nofp/libc_nano.a(libc_a-nano-vfprintf_i.o)
 .ARM.attributes
                0x0000089c       0x2d /usr/lib/gcc/arm-none-eabi/13.3.1/../../../arm-none-eabi/lib/thumb/v7-m/nofp/libc_nano.a(libc_a-mlock.o)
 .ARM.attributes
                0x000008c9       0x2d /usr/lib/gcc/arm-none-eabi/13.3.1/../../../arm-none-eabi/lib/thumb/v7-m/nofp/libc_nano.a(libc_a-memmove.o)
 .ARM.attributes
                0x000008f6       0x2d /usr/lib/gcc/arm-none-eabi/13.3.1/../../../arm-none-eabi/lib/thumb/v7-m/nofp/libc_nano.a(libc_a-sbrkr.o)
 .ARM.attributes
                0x00000923       0x2d /usr/lib/gcc/arm-none-eabi/13.3.1/../../../arm-none-eabi/lib/thumb/v7-m/nofp/libc_nano.a(libc_a-msizer.o)
 .ARM.attributes
                0x00000950       0x2d /usr/lib/gcc/arm-none-eabi/13.3.1/../../../arm-none-eabi/lib/thumb/v7-m/nofp/libc_nano.a(libc_a-reent.o)
 .ARM.attributes
                0x0000097d       0x1d /usr/lib/gcc/arm-none-eabi/13.3.1/thumb/v7-m/nofp/libgcc.a(_arm_addsubdf3.o)
 .ARM.attributes
                0x0000099a       0x1d /usr/lib/gcc/arm-none-eabi/13.3.1/thumb/v7-m/nofp/libgcc.a(_arm_muldivdf3.o)
 .ARM.attributes
                0x000009b7       0x1d /usr/lib/gcc/arm-none-eabi/13.3.1/thumb/v7-m/nofp/libgcc.a(_arm_fixunsdfsi.o)
 .ARM.attributes
                0x000009d4       0x2d /usr/lib/gcc/arm-none-eabi/13.3.1/thumb/v7-m/nofp/crtend.o
 .ARM.attributes
                0x00000a01       0x1d /usr/lib/gcc/arm-none-eabi/13.3.1/thumb/v7-m/nofp/crtn.o
OUTPUT(build/debug/MotorSurucuC8T6.elf elf32-littlearm)
LOAD linker stubs
LOAD /usr/lib/gcc/arm-none-eabi/13.3.1/../../../arm-none-eabi/lib/thumb/v7-m/nofp/libc.a
LOAD /usr/lib/gcc/arm-none-eabi/13.3.1/../../../arm-none-eabi/lib/thumb/v7-m/nofp/libm.a
LOAD /usr/lib/gcc/arm-none-eabi/13.3.1/thumb/v7-m/nofp/libgcc.a

.comment        0x00000000       0x26
 .comment       0x00000000       0x26 /usr/lib/gcc/arm-none-eabi/13.3.1/thumb/v7-m/nofp/crtbegin.o
                                 0x27 (size before relaxing)
 .comment       0x00000026       0x27 build/debug/adc.o
 .comment       0x00000026       0x27 build/debug/debug_monitor.o
 .comment       0x00000026       0x27 build/debug/dma.o
 .comment       0x00000026       0x27 build/debug/gpio.o
 .comment       0x00000026       0x27 build/debug/gpio_interrupt.o
 .comment       0x00000026       0x27 build/debug/main.o
 .comment       0x00000026       0x27 build/debug/old_value_hall.o
 .comment       0x00000026       0x27 build/debug/rpm.o
 .comment       0x00000026       0x27 build/debug/steps.o
 .comment       0x00000026       0x27 build/debug/stm32f1xx_hal.o
 .comment       0x00000026       0x27 build/debug/stm32f1xx_hal_adc.o
 .comment       0x00000026       0x27 build/debug/stm32f1xx_hal_cortex.o
 .comment       0x00000026       0x27 build/debug/stm32f1xx_hal_dma.o
 .comment       0x00000026       0x27 build/debug/stm32f1xx_hal_gpio.o
 .comment       0x00000026       0x27 build/debug/stm32f1xx_hal_msp.o
 .comment       0x00000026       0x27 build/debug/stm32f1xx_hal_pcd.o
 .comment       0x00000026       0x27 build/debug/stm32f1xx_hal_pcd_ex.o
 .comment       0x00000026       0x27 build/debug/stm32f1xx_hal_rcc.o
 .comment       0x00000026       0x27 build/debug/stm32f1xx_hal_rcc_ex.o
 .comment       0x00000026       0x27 build/debug/stm32f1xx_hal_tim.o
 .comment       0x00000026       0x27 build/debug/stm32f1xx_hal_tim_ex.o
 .comment       0x00000026       0x27 build/debug/stm32f1xx_it.o
 .comment       0x00000026       0x27 build/debug/stm32f1xx_ll_usb.o
 .comment       0x00000026       0x27 build/debug/sysmem.o
 .comment       0x00000026       0x27 build/debug/system_stm32f1xx.o
 .comment       0x00000026       0x27 build/debug/tim.o
 .comment       0x00000026       0x27 build/debug/usb_device.o
 .comment       0x00000026       0x27 build/debug/usbd_cdc.o
 .comment       0x00000026       0x27 build/debug/usbd_cdc_if.o
 .comment       0x00000026       0x27 build/debug/usbd_conf.o
 .comment       0x00000026       0x27 build/debug/usbd_core.o
 .comment       0x00000026       0x27 build/debug/usbd_ctlreq.o
 .comment       0x00000026       0x27 build/debug/usbd_desc.o
 .comment       0x00000026       0x27 build/debug/usbd_ioreq.o
 .comment       0x00000026       0x27 /usr/lib/gcc/arm-none-eabi/13.3.1/../../../arm-none-eabi/lib/thumb/v7-m/nofp/libc_nano.a(libc_a-errno.o)
 .comment       0x00000026       0x27 /usr/lib/gcc/arm-none-eabi/13.3.1/../../../arm-none-eabi/lib/thumb/v7-m/nofp/libc_nano.a(libc_a-init.o)
 .comment       0x00000026       0x27 /usr/lib/gcc/arm-none-eabi/13.3.1/../../../arm-none-eabi/lib/thumb/v7-m/nofp/libc_nano.a(libc_a-memset.o)
 .comment       0x00000026       0x27 /usr/lib/gcc/arm-none-eabi/13.3.1/../../../arm-none-eabi/lib/thumb/v7-m/nofp/libc_nano.a(libc_a-impure.o)
 .comment       0x00000026       0x27 /usr/lib/gcc/arm-none-eabi/13.3.1/../../../arm-none-eabi/lib/thumb/v7-m/nofp/libc_nano.a(libc_a-snprintf.o)
 .comment       0x00000026       0x27 /usr/lib/gcc/arm-none-eabi/13.3.1/../../../arm-none-eabi/lib/thumb/v7-m/nofp/libc_nano.a(libc_a-nano-svfprintf.o)
 .comment       0x00000026       0x27 /usr/lib/gcc/arm-none-eabi/13.3.1/../../../arm-none-eabi/lib/thumb/v7-m/nofp/libc_nano.a(libc_a-memchr-stub.o)
 .comment       0x00000026       0x27 /usr/lib/gcc/arm-none-eabi/13.3.1/../../../arm-none-eabi/lib/thumb/v7-m/nofp/libc_nano.a(libc_a-findfp.o)
 .comment       0x00000026       0x27 /usr/lib/gcc/arm-none-eabi/13.3.1/../../../arm-none-eabi/lib/thumb/v7-m/nofp/libc_nano.a(libc_a-mallocr.o)
 .comment       0x00000026       0x27 /usr/lib/gcc/arm-none-eabi/13.3.1/../../../arm-none-eabi/lib/thumb/v7-m/nofp/libc_nano.a(libc_a-freer.o)
 .comment       0x00000026       0x27 /usr/lib/gcc/arm-none-eabi/13.3.1/../../../arm-none-eabi/lib/thumb/v7-m/nofp/libc_nano.a(libc_a-reallocr.o)
 .comment       0x00000026       0x27 /usr/lib/gcc/arm-none-eabi/13.3.1/../../../arm-none-eabi/lib/thumb/v7-m/nofp/libc_nano.a(libc_a-nano-vfprintf_i.o)
 .comment       0x00000026       0x27 /usr/lib/gcc/arm-none-eabi/13.3.1/../../../arm-none-eabi/lib/thumb/v7-m/nofp/libc_nano.a(libc_a-mlock.o)
 .comment       0x00000026       0x27 /usr/lib/gcc/arm-none-eabi/13.3.1/../../../arm-none-eabi/lib/thumb/v7-m/nofp/libc_nano.a(libc_a-memmove.o)
 .comment       0x00000026       0x27 /usr/lib/gcc/arm-none-eabi/13.3.1/../../../arm-none-eabi/lib/thumb/v7-m/nofp/libc_nano.a(libc_a-sbrkr.o)
 .comment       0x00000026       0x27 /usr/lib/gcc/arm-none-eabi/13.3.1/../../../arm-none-eabi/lib/thumb/v7-m/nofp/libc_nano.a(libc_a-msizer.o)
 .comment       0x00000026       0x27 /usr/lib/gcc/arm-none-eabi/13.3.1/../../../arm-none-eabi/lib/thumb/v7-m/nofp/libc_nano.a(libc_a-reent.o)
 .comment       0x00000026       0x27 /usr/lib/gcc/arm-none-eabi/13.3.1/thumb/v7-m/nofp/crtend.o

.debug_info     0x00000000    0x22271
 .debug_info    0x00000000      0x9b1 build/debug/adc.o
 .debug_info    0x000009b1      0x1e3 build/debug/debug_monitor.o
 .debug_info    0x00000b94      0x2f6 build/debug/dma.o
 .debug_info    0x00000e8a      0x55c build/debug/gpio.o
 .debug_info    0x000013e6      0x84a build/debug/gpio_interrupt.o
 .debug_info    0x00001c30     0x171a build/debug/main.o
 .debug_info    0x0000334a      0x105 build/debug/old_value_hall.o
 .debug_info    0x0000344f      0x149 build/debug/rpm.o
 .debug_info    0x00003598      0x671 build/debug/steps.o
 .debug_info    0x00003c09      0x796 build/debug/stm32f1xx_hal.o
 .debug_info    0x0000439f      0xec1 build/debug/stm32f1xx_hal_adc.o
 .debug_info    0x00005260      0xcb5 build/debug/stm32f1xx_hal_cortex.o
 .debug_info    0x00005f15      0x7e6 build/debug/stm32f1xx_hal_dma.o
 .debug_info    0x000066fb      0x5ec build/debug/stm32f1xx_hal_gpio.o
 .debug_info    0x00006ce7      0x1ef build/debug/stm32f1xx_hal_msp.o
 .debug_info    0x00006ed6     0x1c98 build/debug/stm32f1xx_hal_pcd.o
 .debug_info    0x00008b6e      0x6ae build/debug/stm32f1xx_hal_pcd_ex.o
 .debug_info    0x0000921c      0x9a3 build/debug/stm32f1xx_hal_rcc.o
 .debug_info    0x00009bbf      0x408 build/debug/stm32f1xx_hal_rcc_ex.o
 .debug_info    0x00009fc7     0x3bf7 build/debug/stm32f1xx_hal_tim.o
 .debug_info    0x0000dbbe     0x1a94 build/debug/stm32f1xx_hal_tim_ex.o
 .debug_info    0x0000f652      0xc66 build/debug/stm32f1xx_it.o
 .debug_info    0x000102b8     0x1af6 build/debug/stm32f1xx_ll_usb.o
 .debug_info    0x00011dae      0x159 build/debug/sysmem.o
 .debug_info    0x00011f07      0x213 build/debug/system_stm32f1xx.o
 .debug_info    0x0001211a     0x10e9 build/debug/tim.o
 .debug_info    0x00013203      0x696 build/debug/usb_device.o
 .debug_info    0x00013899     0x13a8 build/debug/usbd_cdc.o
 .debug_info    0x00014c41      0x87e build/debug/usbd_cdc_if.o
 .debug_info    0x000154bf     0x1d41 build/debug/usbd_conf.o
 .debug_info    0x00017200      0xdd5 build/debug/usbd_core.o
 .debug_info    0x00017fd5     0x1088 build/debug/usbd_ctlreq.o
 .debug_info    0x0001905d      0x5b1 build/debug/usbd_desc.o
 .debug_info    0x0001960e      0x817 build/debug/usbd_ioreq.o
 .debug_info    0x00019e25       0x30 build/debug/startup_stm32f103xb.o
 .debug_info    0x00019e55      0x6f1 /usr/lib/gcc/arm-none-eabi/13.3.1/../../../arm-none-eabi/lib/thumb/v7-m/nofp/libc_nano.a(libc_a-errno.o)
 .debug_info    0x0001a546      0x10b /usr/lib/gcc/arm-none-eabi/13.3.1/../../../arm-none-eabi/lib/thumb/v7-m/nofp/libc_nano.a(libc_a-init.o)
 .debug_info    0x0001a651      0x135 /usr/lib/gcc/arm-none-eabi/13.3.1/../../../arm-none-eabi/lib/thumb/v7-m/nofp/libc_nano.a(libc_a-memset.o)
 .debug_info    0x0001a786      0x70b /usr/lib/gcc/arm-none-eabi/13.3.1/../../../arm-none-eabi/lib/thumb/v7-m/nofp/libc_nano.a(libc_a-impure.o)
 .debug_info    0x0001ae91      0x8ff /usr/lib/gcc/arm-none-eabi/13.3.1/../../../arm-none-eabi/lib/thumb/v7-m/nofp/libc_nano.a(libc_a-snprintf.o)
 .debug_info    0x0001b790     0x1094 /usr/lib/gcc/arm-none-eabi/13.3.1/../../../arm-none-eabi/lib/thumb/v7-m/nofp/libc_nano.a(libc_a-nano-svfprintf.o)
 .debug_info    0x0001c824      0x14a /usr/lib/gcc/arm-none-eabi/13.3.1/../../../arm-none-eabi/lib/thumb/v7-m/nofp/libc_nano.a(libc_a-memchr-stub.o)
 .debug_info    0x0001c96e      0xe8c /usr/lib/gcc/arm-none-eabi/13.3.1/../../../arm-none-eabi/lib/thumb/v7-m/nofp/libc_nano.a(libc_a-findfp.o)
 .debug_info    0x0001d7fa      0x9b6 /usr/lib/gcc/arm-none-eabi/13.3.1/../../../arm-none-eabi/lib/thumb/v7-m/nofp/libc_nano.a(libc_a-mallocr.o)
 .debug_info    0x0001e1b0       0x33 /usr/lib/gcc/arm-none-eabi/13.3.1/../../../arm-none-eabi/lib/thumb/v7-m/nofp/libc_nano.a(libc_a-memcpy.o)
 .debug_info    0x0001e1e3      0x87f /usr/lib/gcc/arm-none-eabi/13.3.1/../../../arm-none-eabi/lib/thumb/v7-m/nofp/libc_nano.a(libc_a-freer.o)
 .debug_info    0x0001ea62      0x8cd /usr/lib/gcc/arm-none-eabi/13.3.1/../../../arm-none-eabi/lib/thumb/v7-m/nofp/libc_nano.a(libc_a-reallocr.o)
 .debug_info    0x0001f32f      0xdd7 /usr/lib/gcc/arm-none-eabi/13.3.1/../../../arm-none-eabi/lib/thumb/v7-m/nofp/libc_nano.a(libc_a-nano-vfprintf_i.o)
 .debug_info    0x00020106      0x71c /usr/lib/gcc/arm-none-eabi/13.3.1/../../../arm-none-eabi/lib/thumb/v7-m/nofp/libc_nano.a(libc_a-mlock.o)
 .debug_info    0x00020822      0x148 /usr/lib/gcc/arm-none-eabi/13.3.1/../../../arm-none-eabi/lib/thumb/v7-m/nofp/libc_nano.a(libc_a-memmove.o)
 .debug_info    0x0002096a      0x778 /usr/lib/gcc/arm-none-eabi/13.3.1/../../../arm-none-eabi/lib/thumb/v7-m/nofp/libc_nano.a(libc_a-sbrkr.o)
 .debug_info    0x000210e2      0x78a /usr/lib/gcc/arm-none-eabi/13.3.1/../../../arm-none-eabi/lib/thumb/v7-m/nofp/libc_nano.a(libc_a-msizer.o)
 .debug_info    0x0002186c      0x89f /usr/lib/gcc/arm-none-eabi/13.3.1/../../../arm-none-eabi/lib/thumb/v7-m/nofp/libc_nano.a(libc_a-reent.o)
 .debug_info    0x0002210b       0xd3 /usr/lib/gcc/arm-none-eabi/13.3.1/thumb/v7-m/nofp/libgcc.a(_arm_addsubdf3.o)
 .debug_info    0x000221de       0x57 /usr/lib/gcc/arm-none-eabi/13.3.1/thumb/v7-m/nofp/libgcc.a(_arm_muldivdf3.o)
 .debug_info    0x00022235       0x3c /usr/lib/gcc/arm-none-eabi/13.3.1/thumb/v7-m/nofp/libgcc.a(_arm_fixunsdfsi.o)

.debug_abbrev   0x00000000     0x65b5
 .debug_abbrev  0x00000000      0x207 build/debug/adc.o
 .debug_abbrev  0x00000207      0x118 build/debug/debug_monitor.o
 .debug_abbrev  0x0000031f      0x119 build/debug/dma.o
 .debug_abbrev  0x00000438      0x173 build/debug/gpio.o
 .debug_abbrev  0x000005ab      0x1ef build/debug/gpio_interrupt.o
 .debug_abbrev  0x0000079a      0x396 build/debug/main.o
 .debug_abbrev  0x00000b30       0x7d build/debug/old_value_hall.o
 .debug_abbrev  0x00000bad       0xab build/debug/rpm.o
 .debug_abbrev  0x00000c58      0x17c build/debug/steps.o
 .debug_abbrev  0x00000dd4      0x22d build/debug/stm32f1xx_hal.o
 .debug_abbrev  0x00001001      0x252 build/debug/stm32f1xx_hal_adc.o
 .debug_abbrev  0x00001253      0x36d build/debug/stm32f1xx_hal_cortex.o
 .debug_abbrev  0x000015c0      0x244 build/debug/stm32f1xx_hal_dma.o
 .debug_abbrev  0x00001804      0x1f7 build/debug/stm32f1xx_hal_gpio.o
 .debug_abbrev  0x000019fb       0xed build/debug/stm32f1xx_hal_msp.o
 .debug_abbrev  0x00001ae8      0x311 build/debug/stm32f1xx_hal_pcd.o
 .debug_abbrev  0x00001df9      0x19f build/debug/stm32f1xx_hal_pcd_ex.o
 .debug_abbrev  0x00001f98      0x2a0 build/debug/stm32f1xx_hal_rcc.o
 .debug_abbrev  0x00002238      0x1d8 build/debug/stm32f1xx_hal_rcc_ex.o
 .debug_abbrev  0x00002410      0x270 build/debug/stm32f1xx_hal_tim.o
 .debug_abbrev  0x00002680      0x26e build/debug/stm32f1xx_hal_tim_ex.o
 .debug_abbrev  0x000028ee      0x213 build/debug/stm32f1xx_it.o
 .debug_abbrev  0x00002b01      0x233 build/debug/stm32f1xx_ll_usb.o
 .debug_abbrev  0x00002d34       0xea build/debug/sysmem.o
 .debug_abbrev  0x00002e1e      0x144 build/debug/system_stm32f1xx.o
 .debug_abbrev  0x00002f62      0x29f build/debug/tim.o
 .debug_abbrev  0x00003201      0x1a8 build/debug/usb_device.o
 .debug_abbrev  0x000033a9      0x326 build/debug/usbd_cdc.o
 .debug_abbrev  0x000036cf      0x281 build/debug/usbd_cdc_if.o
 .debug_abbrev  0x00003950      0x32e build/debug/usbd_conf.o
 .debug_abbrev  0x00003c7e      0x289 build/debug/usbd_core.o
 .debug_abbrev  0x00003f07      0x2eb build/debug/usbd_ctlreq.o
 .debug_abbrev  0x000041f2      0x220 build/debug/usbd_desc.o
 .debug_abbrev  0x00004412      0x1a8 build/debug/usbd_ioreq.o
 .debug_abbrev  0x000045ba       0x24 build/debug/startup_stm32f103xb.o
 .debug_abbrev  0x000045de      0x15e /usr/lib/gcc/arm-none-eabi/13.3.1/../../../arm-none-eabi/lib/thumb/v7-m/nofp/libc_nano.a(libc_a-errno.o)
 .debug_abbrev  0x0000473c       0xc9 /usr/lib/gcc/arm-none-eabi/13.3.1/../../../arm-none-eabi/lib/thumb/v7-m/nofp/libc_nano.a(libc_a-init.o)
 .debug_abbrev  0x00004805       0xb7 /usr/lib/gcc/arm-none-eabi/13.3.1/../../../arm-none-eabi/lib/thumb/v7-m/nofp/libc_nano.a(libc_a-memset.o)
 .debug_abbrev  0x000048bc      0x149 /usr/lib/gcc/arm-none-eabi/13.3.1/../../../arm-none-eabi/lib/thumb/v7-m/nofp/libc_nano.a(libc_a-impure.o)
 .debug_abbrev  0x00004a05      0x23c /usr/lib/gcc/arm-none-eabi/13.3.1/../../../arm-none-eabi/lib/thumb/v7-m/nofp/libc_nano.a(libc_a-snprintf.o)
 .debug_abbrev  0x00004c41      0x32f /usr/lib/gcc/arm-none-eabi/13.3.1/../../../arm-none-eabi/lib/thumb/v7-m/nofp/libc_nano.a(libc_a-nano-svfprintf.o)
 .debug_abbrev  0x00004f70       0xc7 /usr/lib/gcc/arm-none-eabi/13.3.1/../../../arm-none-eabi/lib/thumb/v7-m/nofp/libc_nano.a(libc_a-memchr-stub.o)
 .debug_abbrev  0x00005037      0x408 /usr/lib/gcc/arm-none-eabi/13.3.1/../../../arm-none-eabi/lib/thumb/v7-m/nofp/libc_nano.a(libc_a-findfp.o)
 .debug_abbrev  0x0000543f      0x24a /usr/lib/gcc/arm-none-eabi/13.3.1/../../../arm-none-eabi/lib/thumb/v7-m/nofp/libc_nano.a(libc_a-mallocr.o)
 .debug_abbrev  0x00005689       0x28 /usr/lib/gcc/arm-none-eabi/13.3.1/../../../arm-none-eabi/lib/thumb/v7-m/nofp/libc_nano.a(libc_a-memcpy.o)
 .debug_abbrev  0x000056b1      0x249 /usr/lib/gcc/arm-none-eabi/13.3.1/../../../arm-none-eabi/lib/thumb/v7-m/nofp/libc_nano.a(libc_a-freer.o)
 .debug_abbrev  0x000058fa      0x20c /usr/lib/gcc/arm-none-eabi/13.3.1/../../../arm-none-eabi/lib/thumb/v7-m/nofp/libc_nano.a(libc_a-reallocr.o)
 .debug_abbrev  0x00005b06      0x284 /usr/lib/gcc/arm-none-eabi/13.3.1/../../../arm-none-eabi/lib/thumb/v7-m/nofp/libc_nano.a(libc_a-nano-vfprintf_i.o)
 .debug_abbrev  0x00005d8a      0x192 /usr/lib/gcc/arm-none-eabi/13.3.1/../../../arm-none-eabi/lib/thumb/v7-m/nofp/libc_nano.a(libc_a-mlock.o)
 .debug_abbrev  0x00005f1c       0xc3 /usr/lib/gcc/arm-none-eabi/13.3.1/../../../arm-none-eabi/lib/thumb/v7-m/nofp/libc_nano.a(libc_a-memmove.o)
 .debug_abbrev  0x00005fdf      0x1da /usr/lib/gcc/arm-none-eabi/13.3.1/../../../arm-none-eabi/lib/thumb/v7-m/nofp/libc_nano.a(libc_a-sbrkr.o)
 .debug_abbrev  0x000061b9      0x196 /usr/lib/gcc/arm-none-eabi/13.3.1/../../../arm-none-eabi/lib/thumb/v7-m/nofp/libc_nano.a(libc_a-msizer.o)
 .debug_abbrev  0x0000634f      0x1ee /usr/lib/gcc/arm-none-eabi/13.3.1/../../../arm-none-eabi/lib/thumb/v7-m/nofp/libc_nano.a(libc_a-reent.o)
 .debug_abbrev  0x0000653d       0x28 /usr/lib/gcc/arm-none-eabi/13.3.1/thumb/v7-m/nofp/libgcc.a(_arm_addsubdf3.o)
 .debug_abbrev  0x00006565       0x28 /usr/lib/gcc/arm-none-eabi/13.3.1/thumb/v7-m/nofp/libgcc.a(_arm_muldivdf3.o)
 .debug_abbrev  0x0000658d       0x28 /usr/lib/gcc/arm-none-eabi/13.3.1/thumb/v7-m/nofp/libgcc.a(_arm_fixunsdfsi.o)

.debug_loclists
                0x00000000     0xd0f2
 .debug_loclists
                0x00000000       0x5c build/debug/adc.o
 .debug_loclists
                0x0000005c       0x60 build/debug/debug_monitor.o
 .debug_loclists
                0x000000bc       0x3f build/debug/gpio_interrupt.o
 .debug_loclists
                0x000000fb      0x134 build/debug/main.o
 .debug_loclists
                0x0000022f       0x7b build/debug/rpm.o
 .debug_loclists
                0x000002aa       0x33 build/debug/steps.o
 .debug_loclists
                0x000002dd       0xe1 build/debug/stm32f1xx_hal.o
 .debug_loclists
                0x000003be      0x7c5 build/debug/stm32f1xx_hal_adc.o
 .debug_loclists
                0x00000b83      0x530 build/debug/stm32f1xx_hal_cortex.o
 .debug_loclists
                0x000010b3      0x562 build/debug/stm32f1xx_hal_dma.o
 .debug_loclists
                0x00001615      0x318 build/debug/stm32f1xx_hal_gpio.o
 .debug_loclists
                0x0000192d       0x17 build/debug/stm32f1xx_hal_msp.o
 .debug_loclists
                0x00001944      0xf0e build/debug/stm32f1xx_hal_pcd.o
 .debug_loclists
                0x00002852       0xf0 build/debug/stm32f1xx_hal_pcd_ex.o
 .debug_loclists
                0x00002942      0x42e build/debug/stm32f1xx_hal_rcc.o
 .debug_loclists
                0x00002d70      0x2eb build/debug/stm32f1xx_hal_rcc_ex.o
 .debug_loclists
                0x0000305b     0x37db build/debug/stm32f1xx_hal_tim.o
 .debug_loclists
                0x00006836     0x1398 build/debug/stm32f1xx_hal_tim_ex.o
 .debug_loclists
                0x00007bce     0x10a8 build/debug/stm32f1xx_ll_usb.o
 .debug_loclists
                0x00008c76       0x52 build/debug/sysmem.o
 .debug_loclists
                0x00008cc8       0xb7 build/debug/system_stm32f1xx.o
 .debug_loclists
                0x00008d7f      0x109 build/debug/tim.o
 .debug_loclists
                0x00008e88      0x61a build/debug/usbd_cdc.o
 .debug_loclists
                0x000094a2       0xed build/debug/usbd_cdc_if.o
 .debug_loclists
                0x0000958f      0x86b build/debug/usbd_conf.o
 .debug_loclists
                0x00009dfa      0x695 build/debug/usbd_core.o
 .debug_loclists
                0x0000a48f      0xe97 build/debug/usbd_ctlreq.o
 .debug_loclists
                0x0000b326      0x299 build/debug/usbd_desc.o
 .debug_loclists
                0x0000b5bf      0x214 build/debug/usbd_ioreq.o
 .debug_loclists
                0x0000b7d3       0x65 /usr/lib/gcc/arm-none-eabi/13.3.1/../../../arm-none-eabi/lib/thumb/v7-m/nofp/libc_nano.a(libc_a-init.o)
 .debug_loclists
                0x0000b838      0x1d7 /usr/lib/gcc/arm-none-eabi/13.3.1/../../../arm-none-eabi/lib/thumb/v7-m/nofp/libc_nano.a(libc_a-memset.o)
 .debug_loclists
                0x0000ba0f      0x214 /usr/lib/gcc/arm-none-eabi/13.3.1/../../../arm-none-eabi/lib/thumb/v7-m/nofp/libc_nano.a(libc_a-snprintf.o)
 .debug_loclists
                0x0000bc23      0x531 /usr/lib/gcc/arm-none-eabi/13.3.1/../../../arm-none-eabi/lib/thumb/v7-m/nofp/libc_nano.a(libc_a-nano-svfprintf.o)
 .debug_loclists
                0x0000c154      0x172 /usr/lib/gcc/arm-none-eabi/13.3.1/../../../arm-none-eabi/lib/thumb/v7-m/nofp/libc_nano.a(libc_a-memchr-stub.o)
 .debug_loclists
                0x0000c2c6      0x1d0 /usr/lib/gcc/arm-none-eabi/13.3.1/../../../arm-none-eabi/lib/thumb/v7-m/nofp/libc_nano.a(libc_a-findfp.o)
 .debug_loclists
                0x0000c496      0x273 /usr/lib/gcc/arm-none-eabi/13.3.1/../../../arm-none-eabi/lib/thumb/v7-m/nofp/libc_nano.a(libc_a-mallocr.o)
 .debug_loclists
                0x0000c709      0x164 /usr/lib/gcc/arm-none-eabi/13.3.1/../../../arm-none-eabi/lib/thumb/v7-m/nofp/libc_nano.a(libc_a-freer.o)
 .debug_loclists
                0x0000c86d      0x102 /usr/lib/gcc/arm-none-eabi/13.3.1/../../../arm-none-eabi/lib/thumb/v7-m/nofp/libc_nano.a(libc_a-reallocr.o)
 .debug_loclists
                0x0000c96f      0x444 /usr/lib/gcc/arm-none-eabi/13.3.1/../../../arm-none-eabi/lib/thumb/v7-m/nofp/libc_nano.a(libc_a-nano-vfprintf_i.o)
 .debug_loclists
                0x0000cdb3      0x21b /usr/lib/gcc/arm-none-eabi/13.3.1/../../../arm-none-eabi/lib/thumb/v7-m/nofp/libc_nano.a(libc_a-memmove.o)
 .debug_loclists
                0x0000cfce       0x4b /usr/lib/gcc/arm-none-eabi/13.3.1/../../../arm-none-eabi/lib/thumb/v7-m/nofp/libc_nano.a(libc_a-sbrkr.o)
 .debug_loclists
                0x0000d019       0x59 /usr/lib/gcc/arm-none-eabi/13.3.1/../../../arm-none-eabi/lib/thumb/v7-m/nofp/libc_nano.a(libc_a-msizer.o)
 .debug_loclists
                0x0000d072       0x80 /usr/lib/gcc/arm-none-eabi/13.3.1/../../../arm-none-eabi/lib/thumb/v7-m/nofp/libc_nano.a(libc_a-reent.o)

.debug_aranges  0x00000000     0x1538
 .debug_aranges
                0x00000000       0x30 build/debug/adc.o
 .debug_aranges
                0x00000030       0x28 build/debug/debug_monitor.o
 .debug_aranges
                0x00000058       0x20 build/debug/dma.o
 .debug_aranges
                0x00000078       0x20 build/debug/gpio.o
 .debug_aranges
                0x00000098       0x20 build/debug/gpio_interrupt.o
 .debug_aranges
                0x000000b8       0x50 build/debug/main.o
 .debug_aranges
                0x00000108       0x20 build/debug/old_value_hall.o
 .debug_aranges
                0x00000128       0x20 build/debug/rpm.o
 .debug_aranges
                0x00000148       0x20 build/debug/steps.o
 .debug_aranges
                0x00000168       0xe0 build/debug/stm32f1xx_hal.o
 .debug_aranges
                0x00000248       0xf0 build/debug/stm32f1xx_hal_adc.o
 .debug_aranges
                0x00000338       0xc0 build/debug/stm32f1xx_hal_cortex.o
 .debug_aranges
                0x000003f8       0x80 build/debug/stm32f1xx_hal_dma.o
 .debug_aranges
                0x00000478       0x58 build/debug/stm32f1xx_hal_gpio.o
 .debug_aranges
                0x000004d0       0x20 build/debug/stm32f1xx_hal_msp.o
 .debug_aranges
                0x000004f0      0x140 build/debug/stm32f1xx_hal_pcd.o
 .debug_aranges
                0x00000630       0x38 build/debug/stm32f1xx_hal_pcd_ex.o
 .debug_aranges
                0x00000668       0x90 build/debug/stm32f1xx_hal_rcc.o
 .debug_aranges
                0x000006f8       0x30 build/debug/stm32f1xx_hal_rcc_ex.o
 .debug_aranges
                0x00000728      0x3d0 build/debug/stm32f1xx_hal_tim.o
 .debug_aranges
                0x00000af8      0x168 build/debug/stm32f1xx_hal_tim_ex.o
 .debug_aranges
                0x00000c60       0x98 build/debug/stm32f1xx_it.o
 .debug_aranges
                0x00000cf8       0xf8 build/debug/stm32f1xx_ll_usb.o
 .debug_aranges
                0x00000df0       0x20 build/debug/sysmem.o
 .debug_aranges
                0x00000e10       0x28 build/debug/system_stm32f1xx.o
 .debug_aranges
                0x00000e38       0x48 build/debug/tim.o
 .debug_aranges
                0x00000e80       0x20 build/debug/usb_device.o
 .debug_aranges
                0x00000ea0       0x90 build/debug/usbd_cdc.o
 .debug_aranges
                0x00000f30       0x40 build/debug/usbd_cdc_if.o
 .debug_aranges
                0x00000f70      0x118 build/debug/usbd_conf.o
 .debug_aranges
                0x00001088       0xb8 build/debug/usbd_core.o
 .debug_aranges
                0x00001140       0x88 build/debug/usbd_ctlreq.o
 .debug_aranges
                0x000011c8       0x60 build/debug/usbd_desc.o
 .debug_aranges
                0x00001228       0x50 build/debug/usbd_ioreq.o
 .debug_aranges
                0x00001278       0x28 build/debug/startup_stm32f103xb.o
 .debug_aranges
                0x000012a0       0x20 /usr/lib/gcc/arm-none-eabi/13.3.1/../../../arm-none-eabi/lib/thumb/v7-m/nofp/libc_nano.a(libc_a-errno.o)
 .debug_aranges
                0x000012c0       0x20 /usr/lib/gcc/arm-none-eabi/13.3.1/../../../arm-none-eabi/lib/thumb/v7-m/nofp/libc_nano.a(libc_a-init.o)
 .debug_aranges
                0x000012e0       0x20 /usr/lib/gcc/arm-none-eabi/13.3.1/../../../arm-none-eabi/lib/thumb/v7-m/nofp/libc_nano.a(libc_a-memset.o)
 .debug_aranges
                0x00001300       0x18 /usr/lib/gcc/arm-none-eabi/13.3.1/../../../arm-none-eabi/lib/thumb/v7-m/nofp/libc_nano.a(libc_a-impure.o)
 .debug_aranges
                0x00001318       0x20 /usr/lib/gcc/arm-none-eabi/13.3.1/../../../arm-none-eabi/lib/thumb/v7-m/nofp/libc_nano.a(libc_a-snprintf.o)
 .debug_aranges
                0x00001338       0x20 /usr/lib/gcc/arm-none-eabi/13.3.1/../../../arm-none-eabi/lib/thumb/v7-m/nofp/libc_nano.a(libc_a-nano-svfprintf.o)
 .debug_aranges
                0x00001358       0x20 /usr/lib/gcc/arm-none-eabi/13.3.1/../../../arm-none-eabi/lib/thumb/v7-m/nofp/libc_nano.a(libc_a-memchr-stub.o)
 .debug_aranges
                0x00001378       0x20 /usr/lib/gcc/arm-none-eabi/13.3.1/../../../arm-none-eabi/lib/thumb/v7-m/nofp/libc_nano.a(libc_a-findfp.o)
 .debug_aranges
                0x00001398       0x20 /usr/lib/gcc/arm-none-eabi/13.3.1/../../../arm-none-eabi/lib/thumb/v7-m/nofp/libc_nano.a(libc_a-mallocr.o)
 .debug_aranges
                0x000013b8       0x20 /usr/lib/gcc/arm-none-eabi/13.3.1/../../../arm-none-eabi/lib/thumb/v7-m/nofp/libc_nano.a(libc_a-memcpy.o)
 .debug_aranges
                0x000013d8       0x20 /usr/lib/gcc/arm-none-eabi/13.3.1/../../../arm-none-eabi/lib/thumb/v7-m/nofp/libc_nano.a(libc_a-freer.o)
 .debug_aranges
                0x000013f8       0x20 /usr/lib/gcc/arm-none-eabi/13.3.1/../../../arm-none-eabi/lib/thumb/v7-m/nofp/libc_nano.a(libc_a-reallocr.o)
 .debug_aranges
                0x00001418       0x20 /usr/lib/gcc/arm-none-eabi/13.3.1/../../../arm-none-eabi/lib/thumb/v7-m/nofp/libc_nano.a(libc_a-nano-vfprintf_i.o)
 .debug_aranges
                0x00001438       0x20 /usr/lib/gcc/arm-none-eabi/13.3.1/../../../arm-none-eabi/lib/thumb/v7-m/nofp/libc_nano.a(libc_a-mlock.o)
 .debug_aranges
                0x00001458       0x20 /usr/lib/gcc/arm-none-eabi/13.3.1/../../../arm-none-eabi/lib/thumb/v7-m/nofp/libc_nano.a(libc_a-memmove.o)
 .debug_aranges
                0x00001478       0x20 /usr/lib/gcc/arm-none-eabi/13.3.1/../../../arm-none-eabi/lib/thumb/v7-m/nofp/libc_nano.a(libc_a-sbrkr.o)
 .debug_aranges
                0x00001498       0x20 /usr/lib/gcc/arm-none-eabi/13.3.1/../../../arm-none-eabi/lib/thumb/v7-m/nofp/libc_nano.a(libc_a-msizer.o)
 .debug_aranges
                0x000014b8       0x20 /usr/lib/gcc/arm-none-eabi/13.3.1/../../../arm-none-eabi/lib/thumb/v7-m/nofp/libc_nano.a(libc_a-reent.o)
 .debug_aranges
                0x000014d8       0x20 /usr/lib/gcc/arm-none-eabi/13.3.1/thumb/v7-m/nofp/libgcc.a(_arm_addsubdf3.o)
 .debug_aranges
                0x000014f8       0x20 /usr/lib/gcc/arm-none-eabi/13.3.1/thumb/v7-m/nofp/libgcc.a(_arm_muldivdf3.o)
 .debug_aranges
                0x00001518       0x20 /usr/lib/gcc/arm-none-eabi/13.3.1/thumb/v7-m/nofp/libgcc.a(_arm_fixunsdfsi.o)

.debug_rnglists
                0x00000000     0x1127
 .debug_rnglists
                0x00000000       0x21 build/debug/adc.o
 .debug_rnglists
                0x00000021       0x19 build/debug/debug_monitor.o
 .debug_rnglists
                0x0000003a       0x13 build/debug/dma.o
 .debug_rnglists
                0x0000004d       0x14 build/debug/gpio.o
 .debug_rnglists
                0x00000061       0x20 build/debug/gpio_interrupt.o
 .debug_rnglists
                0x00000081       0x49 build/debug/main.o
 .debug_rnglists
                0x000000ca       0x14 build/debug/old_value_hall.o
 .debug_rnglists
                0x000000de       0x20 build/debug/rpm.o
 .debug_rnglists
                0x000000fe       0x14 build/debug/steps.o
 .debug_rnglists
                0x00000112       0xa3 build/debug/stm32f1xx_hal.o
 .debug_rnglists
                0x000001b5       0xb8 build/debug/stm32f1xx_hal_adc.o
 .debug_rnglists
                0x0000026d       0x8b build/debug/stm32f1xx_hal_cortex.o
 .debug_rnglists
                0x000002f8       0x5e build/debug/stm32f1xx_hal_dma.o
 .debug_rnglists
                0x00000356       0x3f build/debug/stm32f1xx_hal_gpio.o
 .debug_rnglists
                0x00000395       0x13 build/debug/stm32f1xx_hal_msp.o
 .debug_rnglists
                0x000003a8      0x186 build/debug/stm32f1xx_hal_pcd.o
 .debug_rnglists
                0x0000052e       0x25 build/debug/stm32f1xx_hal_pcd_ex.o
 .debug_rnglists
                0x00000553       0x7d build/debug/stm32f1xx_hal_rcc.o
 .debug_rnglists
                0x000005d0       0x2f build/debug/stm32f1xx_hal_rcc_ex.o
 .debug_rnglists
                0x000005ff      0x2ff build/debug/stm32f1xx_hal_tim.o
 .debug_rnglists
                0x000008fe      0x11a build/debug/stm32f1xx_hal_tim_ex.o
 .debug_rnglists
                0x00000a18       0x6d build/debug/stm32f1xx_it.o
 .debug_rnglists
                0x00000a85      0x1fb build/debug/stm32f1xx_ll_usb.o
 .debug_rnglists
                0x00000c80       0x13 build/debug/sysmem.o
 .debug_rnglists